input/WSDR.csv
store,upc,week,move,price,profit,descrip,custcoun,Brand
5,1200000396,1,43,.01949219,4.02,"DIET PEPSI N.R. BOTT",18820,12000
5,1200000396,2,2,.02335938,20.07,"DIET PEPSI N.R. BOTT",19258,12000
5,1200000396,3,3,.02335938,20.07,"DIET PEPSI N.R. BOTT",19179,12000
5,1200000396,4,23,.02335938,20.07,"DIET PEPSI N.R. BOTT",18898,12000
5,1200000396,5,15,.02335938,20.07,"DIET PEPSI N.R. BOTT",18857,12000
5,1200000396,6,117,.02179688,14.34,"DIET PEPSI N.R. BOTT",18794,12000
5,1200000396,7,19,.02335938,20.07,"DIET PEPSI N.R. BOTT",19710,12000
5,1200000396,8,18,.02335938,20.07,"DIET PEPSI N.R. BOTT",19410,12000
5,1200000396,9,16,.02335938,20.07,"DIET PEPSI N.R. BOTT",18515,12000
5,1200000396,10,35,.02335938,20.07,"DIET PEPSI N.R. BOTT",18276,12000
5,1200000396,11,14,.02335938,20.07,"DIET PEPSI N.R. BOTT",17044,12000
5,1200000396,12,21,.02335938,20.07,"DIET PEPSI N.R. BOTT",18307,12000
5,1200000396,13,27,.02179688,14.34,"DIET PEPSI N.R. BOTT",18401,12000
5,1200000396,14,18,.02179688,14.34,"DIET PEPSI N.R. BOTT",20590,12000
5,1200000396,15,22,.02335938,20.07,"DIET PEPSI N.R. BOTT",18629,12000
5,1200000396,16,25,.02335938,20.07,"DIET PEPSI N.R. BOTT",18811,12000
5,1200000396,17,10,.02335938,20.07,"DIET PEPSI N.R. BOTT",17266,12000
5,1200000396,18,130,.01949219,4.02,"DIET PEPSI N.R. BOTT",17257,12000
5,1200000396,19,28,.02335938,20.07,"DIET PEPSI N.R. BOTT",17762,12000
5,1200000396,20,191,.01867188,0,"DIET PEPSI N.R. BOTT",17597,12000
5,1200000396,21,43,.01867188,0,"DIET PEPSI N.R. BOTT",17911,12000
5,1200000396,22,27,.02335938,20.07,"DIET PEPSI N.R. BOTT",18299,12000
5,1200000396,23,165,.01945313,4.02,"DIET PEPSI N.R. BOTT",17691,12000
5,1200000396,24,26,.02335938,20.07,"DIET PEPSI N.R. BOTT",17490,12000
5,1200000396,25,40,.02335938,20.07,"DIET PEPSI N.R. BOTT",17835,12000
5,1200000396,26,22,.02335938,20.07,"DIET PEPSI N.R. BOTT",18284,12000
5,1200000396,27,17,.02335938,20.07,"DIET PEPSI N.R. BOTT",18391,12000
5,1200000396,28,25,.02335938,20.07,"DIET PEPSI N.R. BOTT",18132,12000
5,1200000396,29,27,.02335938,20.07,"DIET PEPSI N.R. BOTT",17494,12000
5,1200000396,30,68,.02101563,11.15,"DIET PEPSI N.R. BOTT",17122,12000
5,1200000396,31,6,.02335938,20.07,"DIET PEPSI N.R. BOTT",17438,12000
5,1200000396,32,28,.02335938,20.07,"DIET PEPSI N.R. BOTT",15935,12000
5,1200000396,33,60,.02101563,11.15,"DIET PEPSI N.R. BOTT",16043,12000
5,1200000396,34,55,.02101563,11.15,"DIET PEPSI N.R. BOTT",16163,12000
5,1200000396,35,27,.02335938,20.07,"DIET PEPSI N.R. BOTT",17545,12000
5,1200000396,36,42,.02335938,20.07,"DIET PEPSI N.R. BOTT",16775,12000
5,1200000396,37,23,.02335938,20.07,"DIET PEPSI N.R. BOTT",16862,12000
5,1200000396,38,22,.02335938,20.07,"DIET PEPSI N.R. BOTT",17028,12000
5,1200000396,39,37,.02101563,11.15,"DIET PEPSI N.R. BOTT",17125,12000
5,1200000396,40,21,.02335938,20.07,"DIET PEPSI N.R. BOTT",17568,12000
5,1200000396,41,17,.02335938,20.07,"DIET PEPSI N.R. BOTT",17249,12000
5,1200000396,42,21,.02335938,20.07,"DIET PEPSI N.R. BOTT",19166,12000
5,1200000396,43,32,.02101563,11.15,"DIET PEPSI N.R. BOTT",16733,12000
5,1200000396,44,11,.02335938,20.07,"DIET PEPSI N.R. BOTT",16960,12000
5,1200000396,45,13,.02335938,20.07,"DIET PEPSI N.R. BOTT",17216,12000
5,1200000396,46,17,.02335938,20.07,"DIET PEPSI N.R. BOTT",17187,12000
5,1200000396,47,14,.02335938,20.07,"DIET PEPSI N.R. BOTT",16908,12000
5,1200000396,48,20,.02335938,20.07,"DIET PEPSI N.R. BOTT",16637,12000
5,1200000396,49,17,.02335938,20.07,"DIET PEPSI N.R. BOTT",17352,12000
5,1200000396,50,24,.02335938,20.07,"DIET PEPSI N.R. BOTT",16708,12000
5,1200000396,51,19,.02335938,20.07,"DIET PEPSI N.R. BOTT",17292,12000
5,1200000396,52,21,.02335938,20.07,"DIET PEPSI N.R. BOTT",16417,12000
5,1200000396,53,36,.02101563,11.15,"DIET PEPSI N.R. BOTT",16760,12000
5,1200000396,54,20,.02335938,20.07,"DIET PEPSI N.R. BOTT",17167,12000
5,1200000396,55,30,.02335938,20.07,"DIET PEPSI N.R. BOTT",17923,12000
5,1200000396,56,26,.02335938,20.07,"DIET PEPSI N.R. BOTT",16728,12000
5,1200000396,57,19,.02335938,20.07,"DIET PEPSI N.R. BOTT",16919,12000
5,1200000396,58,34,.02179688,14.34,"DIET PEPSI N.R. BOTT",16893,12000
5,1200000396,59,21,.02335938,20.07,"DIET PEPSI N.R. BOTT",17724,12000
5,1200000396,60,40,.02101563,11.15,"DIET PEPSI N.R. BOTT",16360,12000
5,1200000396,61,12,.02335938,20.07,"DIET PEPSI N.R. BOTT",16066,12000
5,1200000396,62,28,.02335938,20.07,"DIET PEPSI N.R. BOTT",21890,12000
5,1200000396,63,12,.02335938,20.07,"DIET PEPSI N.R. BOTT",15911,12000
5,1200000396,64,28,.02101563,11.15,"DIET PEPSI N.R. BOTT",18149,12000
5,1200000396,65,14,.02335938,20.07,"DIET PEPSI N.R. BOTT",17840,12000
5,1200000396,66,27,.02335938,20.07,"DIET PEPSI N.R. BOTT",18433,12000
5,1200000396,67,21,.02335938,20.07,"DIET PEPSI N.R. BOTT",18329,12000
5,1200000396,68,19,.02335938,20.07,"DIET PEPSI N.R. BOTT",17334,12000
5,1200000396,69,11,.03195312,41.56,"DIET PEPSI N.R. BOTT",17122,12000
5,1200000396,70,10,.03195312,31.78,"DIET PEPSI N.R. BOTT",16246,12000
5,1200000396,71,17,.02726563,20.06,"DIET PEPSI N.R. BOTT",16123,12000
5,1200000396,72,15,.03117188,30.08,"DIET PEPSI N.R. BOTT",16307,12000
5,1200000396,73,27,.02726563,20.06,"DIET PEPSI N.R. BOTT",17421,12000
5,1200000396,74,15,.02726563,20.06,"DIET PEPSI N.R. BOTT",16741,12000
5,1200000396,75,13,.03117188,30.08,"DIET PEPSI N.R. BOTT",16872,12000
5,1200000396,76,9,.03117188,30.08,"DIET PEPSI N.R. BOTT",16656,12000
5,1200000396,77,11,.02726563,20.06,"DIET PEPSI N.R. BOTT",17065,12000
5,1200000396,78,2,.02726563,20.06,"DIET PEPSI N.R. BOTT",15481,12000
5,1200000396,79,10,.02726563,20.06,"DIET PEPSI N.R. BOTT",17770,12000
5,1200000396,80,15,.02726563,20.06,"DIET PEPSI N.R. BOTT",17160,12000
5,1200000396,81,15,.02726563,20.06,"DIET PEPSI N.R. BOTT",17715,12000
5,1200000396,82,13,.02726563,20.06,"DIET PEPSI N.R. BOTT",15923,12000
5,1200000396,83,13,.02726563,20.06,"DIET PEPSI N.R. BOTT",16151,12000
5,1200000396,84,39,.02335938,6.69,"DIET PEPSI N.R. BOTT",16172,12000
5,1200000396,85,31,.02335938,6.69,"DIET PEPSI N.R. BOTT",16161,12000
5,1200000396,86,15,.02726563,20.06,"DIET PEPSI N.R. BOTT",17963,12000
5,1200000396,87,72,.02335938,6.69,"DIET PEPSI N.R. BOTT",18090,12000
5,1200000396,88,99,.02335938,6.69,"DIET PEPSI N.R. BOTT",17170,12000
5,1200000396,89,10,.02726563,20.06,"DIET PEPSI N.R. BOTT",17937,12000
5,1200000396,90,13,.02726563,20.06,"DIET PEPSI N.R. BOTT",18599,12000
5,1200000396,91,13,.02726563,20.06,"DIET PEPSI N.R. BOTT",17640,12000
5,1200000396,92,16,.02335938,6.69,"DIET PEPSI N.R. BOTT",17335,12000
5,1200000396,93,21,.02726563,20.06,"DIET PEPSI N.R. BOTT",17439,12000
5,1200000396,94,73,.02335938,6.69,"DIET PEPSI N.R. BOTT",18483,12000
5,1200000396,95,19,.02179688,0,"DIET PEPSI N.R. BOTT",16818,12000
5,1200000396,96,13,.02726563,20.06,"DIET PEPSI N.R. BOTT",17705,12000
5,1200000396,97,8,.02726563,20.06,"DIET PEPSI N.R. BOTT",17072,12000
5,1200000396,98,13,.02726563,20.06,"DIET PEPSI N.R. BOTT",17372,12000
5,1200000396,99,49,.02179688,0,"DIET PEPSI N.R. BOTT",17349,12000
5,1200000396,100,11,.02726563,20.06,"DIET PEPSI N.R. BOTT",16750,12000
5,1200000396,101,25,.02726563,20.06,"DIET PEPSI N.R. BOTT",16238,12000
5,1200000396,102,20,.02726563,20.06,"DIET PEPSI N.R. BOTT",17534,12000
5,1200000396,103,12,.02726563,20.06,"DIET PEPSI N.R. BOTT",17131,12000
5,1200000396,104,15,.02726563,20.06,"DIET PEPSI N.R. BOTT",17644,12000
5,1200000492,1,49,.02498963,20.12,"CAFFEINE FREE PEPSI",18820,12000
5,1200000492,2,10,.02498963,20.12,"CAFFEINE FREE PEPSI",19258,12000
5,1200000492,3,8,.02498963,20.12,"CAFFEINE FREE PEPSI",19179,12000
5,1200000492,4,162,.01759625,13.45,"CAFFEINE FREE PEPSI",18898,12000
5,1200000492,5,53,.02498963,20.12,"CAFFEINE FREE PEPSI",18857,12000
5,1200000492,6,241,.01759625,13.45,"CAFFEINE FREE PEPSI",18794,12000
5,1200000492,7,66,.02498963,20.12,"CAFFEINE FREE PEPSI",19710,12000
5,1200000492,8,48,.02498963,20.12,"CAFFEINE FREE PEPSI",19410,12000
5,1200000492,9,374,.0146389,36.36,"CAFFEINE FREE PEPSI",18515,12000
5,1200000492,10,62,.02498963,20.12,"CAFFEINE FREE PEPSI",18276,12000
5,1200000492,11,304,.01316022,51.69,"CAFFEINE FREE PEPSI",17044,12000
5,1200000492,12,51,.02498963,20.12,"CAFFEINE FREE PEPSI",18307,12000
5,1200000492,13,185,.01759625,13.45,"CAFFEINE FREE PEPSI",18401,12000
5,1200000492,14,52,.02498963,20.12,"CAFFEINE FREE PEPSI",20590,12000
5,1200000492,15,281,.01316022,51.69,"CAFFEINE FREE PEPSI",18629,12000
5,1200000492,16,372,.01316022,51.69,"CAFFEINE FREE PEPSI",18811,12000
5,1200000492,17,44,.02498963,20.12,"CAFFEINE FREE PEPSI",17266,12000
5,1200000492,18,128,.01759625,13.45,"CAFFEINE FREE PEPSI",17257,12000
5,1200000492,19,45,.02498963,20.12,"CAFFEINE FREE PEPSI",17762,12000
5,1200000492,20,59,.02498963,20.12,"CAFFEINE FREE PEPSI",17597,12000
5,1200000492,21,69,.01907493,4.65,"CAFFEINE FREE PEPSI",17911,12000
5,1200000492,22,57,.02498963,20.12,"CAFFEINE FREE PEPSI",18299,12000
5,1200000492,23,217,.01759625,13.45,"CAFFEINE FREE PEPSI",17691,12000
5,1200000492,24,52,.02498963,20.12,"CAFFEINE FREE PEPSI",17490,12000
5,1200000492,25,213,.01759625,13.45,"CAFFEINE FREE PEPSI",17835,12000
5,1200000492,26,45,.02498963,20.12,"CAFFEINE FREE PEPSI",18284,12000
5,1200000492,27,391,.0146389,36.36,"CAFFEINE FREE PEPSI",18391,12000
5,1200000492,28,40,.02498963,20.12,"CAFFEINE FREE PEPSI",18132,12000
5,1200000492,29,70,.02498963,20.12,"CAFFEINE FREE PEPSI",17494,12000
5,1200000492,30,129,.01759625,13.45,"CAFFEINE FREE PEPSI",17122,12000
5,1200000492,31,18,.02498963,20.12,"CAFFEINE FREE PEPSI",17438,12000
5,1200000492,32,43,.02498963,20.12,"CAFFEINE FREE PEPSI",15935,12000
5,1200000492,33,529,.01316022,51.69,"CAFFEINE FREE PEPSI",16043,12000
5,1200000492,34,26,.02498963,20.12,"CAFFEINE FREE PEPSI",16163,12000
5,1200000492,35,50,.02498963,20.12,"CAFFEINE FREE PEPSI",17545,12000
5,1200000492,36,72,.01907493,4.65,"CAFFEINE FREE PEPSI",16775,12000
5,1200000492,37,62,.02498963,20.12,"CAFFEINE FREE PEPSI",16862,12000
5,1200000492,38,38,.02498963,20.12,"CAFFEINE FREE PEPSI",17028,12000
5,1200000492,39,492,.01316022,51.69,"CAFFEINE FREE PEPSI",17125,12000
5,1200000492,40,53,.02498963,20.12,"CAFFEINE FREE PEPSI",17568,12000
5,1200000492,41,108,.01907493,4.65,"CAFFEINE FREE PEPSI",17249,12000
5,1200000492,42,61,.02498963,20.12,"CAFFEINE FREE PEPSI",19166,12000
5,1200000492,43,91,.01907493,4.65,"CAFFEINE FREE PEPSI",16733,12000
5,1200000492,44,37,.02498963,20.12,"CAFFEINE FREE PEPSI",16960,12000
5,1200000492,45,111,.01907493,4.65,"CAFFEINE FREE PEPSI",17216,12000
5,1200000492,46,39,.02498963,20.12,"CAFFEINE FREE PEPSI",17187,12000
5,1200000492,47,196,.0146389,36.36,"CAFFEINE FREE PEPSI",16908,12000
5,1200000492,48,38,.02498963,20.12,"CAFFEINE FREE PEPSI",16637,12000
5,1200000492,49,58,.02498963,20.12,"CAFFEINE FREE PEPSI",17352,12000
5,1200000492,50,143,.01907493,4.65,"CAFFEINE FREE PEPSI",16708,12000
5,1200000492,51,52,.02498963,20.12,"CAFFEINE FREE PEPSI",17292,12000
5,1200000492,52,107,.01907493,4.65,"CAFFEINE FREE PEPSI",16417,12000
5,1200000492,53,42,.02498963,20.12,"CAFFEINE FREE PEPSI",16760,12000
5,1200000492,54,58,.02498963,20.12,"CAFFEINE FREE PEPSI",17167,12000
5,1200000492,55,43,.02498963,20.12,"CAFFEINE FREE PEPSI",17923,12000
5,1200000492,56,103,.01907493,4.65,"CAFFEINE FREE PEPSI",16728,12000
5,1200000492,57,45,.02498963,20.12,"CAFFEINE FREE PEPSI",16919,12000
5,1200000492,58,54,.02498963,20.12,"CAFFEINE FREE PEPSI",16893,12000
5,1200000492,59,261,.0146389,36.36,"CAFFEINE FREE PEPSI",17724,12000
5,1200000492,60,41,.02498963,20.12,"CAFFEINE FREE PEPSI",16360,12000
5,1200000492,61,50,.02498963,20.12,"CAFFEINE FREE PEPSI",16066,12000
5,1200000492,62,71,.02498963,20.12,"CAFFEINE FREE PEPSI",21890,12000
5,1200000492,63,40,.02498963,20.12,"CAFFEINE FREE PEPSI",15911,12000
5,1200000492,64,63,.02498963,20.12,"CAFFEINE FREE PEPSI",18149,12000
5,1200000492,65,110,.01759625,13.45,"CAFFEINE FREE PEPSI",17840,12000
5,1200000492,66,140,.01907493,4.65,"CAFFEINE FREE PEPSI",18433,12000
5,1200000492,67,85,.02498963,20.12,"CAFFEINE FREE PEPSI",18329,12000
5,1200000492,68,44,.02498963,20.12,"CAFFEINE FREE PEPSI",17334,12000
5,1200000492,69,47,.02498963,20.12,"CAFFEINE FREE PEPSI",17122,12000
5,1200000492,70,111,.01907493,10.85,"CAFFEINE FREE PEPSI",16246,12000
5,1200000492,71,49,.02498963,15.38,"CAFFEINE FREE PEPSI",16123,12000
5,1200000492,72,49,.02498963,15.38,"CAFFEINE FREE PEPSI",16307,12000
5,1200000492,73,85,.01907493,10.85,"CAFFEINE FREE PEPSI",17421,12000
5,1200000492,74,52,.02498963,15.38,"CAFFEINE FREE PEPSI",16741,12000
5,1200000492,75,102,.01907493,10.85,"CAFFEINE FREE PEPSI",16872,12000
5,1200000492,76,53,.02498963,15.38,"CAFFEINE FREE PEPSI",16656,12000
5,1200000492,77,55,.02498963,15.38,"CAFFEINE FREE PEPSI",17065,12000
5,1200000492,78,50,.02498963,15.38,"CAFFEINE FREE PEPSI",15481,12000
5,1200000492,79,123,.01759625,20.17,"CAFFEINE FREE PEPSI",17770,12000
5,1200000492,80,54,.02498963,15.38,"CAFFEINE FREE PEPSI",17160,12000
5,1200000492,81,50,.02498963,15.38,"CAFFEINE FREE PEPSI",17715,12000
5,1200000492,82,37,.02498963,15.38,"CAFFEINE FREE PEPSI",15923,12000
5,1200000492,83,43,.02498963,15.38,"CAFFEINE FREE PEPSI",16151,12000
5,1200000492,84,277,.0146389,44.44,"CAFFEINE FREE PEPSI",16172,12000
5,1200000492,85,45,.02498963,15.38,"CAFFEINE FREE PEPSI",16161,12000
5,1200000492,86,51,.02498963,15.38,"CAFFEINE FREE PEPSI",17963,12000
5,1200000492,87,62,.02498963,15.38,"CAFFEINE FREE PEPSI",18090,12000
5,1200000492,88,356,.0146389,44.44,"CAFFEINE FREE PEPSI",17170,12000
5,1200000492,89,47,.02498963,15.38,"CAFFEINE FREE PEPSI",17937,12000
5,1200000492,90,48,.02498963,15.38,"CAFFEINE FREE PEPSI",18599,12000
5,1200000492,91,336,.0146389,44.44,"CAFFEINE FREE PEPSI",17640,12000
5,1200000492,92,63,.02498963,15.38,"CAFFEINE FREE PEPSI",17335,12000
5,1200000492,93,38,.02498963,15.38,"CAFFEINE FREE PEPSI",17439,12000
5,1200000492,94,40,.02498963,15.38,"CAFFEINE FREE PEPSI",18483,12000
5,1200000492,95,63,.01907493,10.85,"CAFFEINE FREE PEPSI",16818,12000
5,1200000492,96,45,.02498963,15.38,"CAFFEINE FREE PEPSI",17705,12000
5,1200000492,97,45,.02498963,15.38,"CAFFEINE FREE PEPSI",17072,12000
5,1200000492,98,77,.01907493,10.85,"CAFFEINE FREE PEPSI",17372,12000
5,1200000492,99,53,.02203228,4.03,"CAFFEINE FREE PEPSI",17349,12000
5,1200000492,100,31,.02203228,4.03,"CAFFEINE FREE PEPSI",16750,12000
5,1200000492,101,270,.0146389,44.44,"CAFFEINE FREE PEPSI",16238,12000
5,1200000492,102,40,.02203228,4.03,"CAFFEINE FREE PEPSI",17534,12000
5,1200000492,103,45,.02203228,4.03,"CAFFEINE FREE PEPSI",17131,12000
5,1200000492,104,39,.02203228,4.03,"CAFFEINE FREE PEPSI",17644,12000
