input/WSDR.csv
store,upc,week,move,price,profit,descrip,custcoun,Brand
5,4900000634,1,28,.03875,22.94,"COCA-COLA CLASSIC CA",18820,49000
5,4900000634,2,27,.03875,22.94,"COCA-COLA CLASSIC CA",19258,49000
5,4900000634,3,15,.02763889,8.04,"COCA-COLA CLASSIC CA",19179,49000
5,4900000634,4,44,.03875,22.94,"COCA-COLA CLASSIC CA",18898,49000
5,4900000634,5,29,.03875,22.94,"COCA-COLA CLASSIC CA",18857,49000
5,4900000634,6,46,.03875,22.94,"COCA-COLA CLASSIC CA",18794,49000
5,4900000634,7,31,.03875,22.94,"COCA-COLA CLASSIC CA",19710,49000
5,4900000634,8,42,.03875,22.94,"COCA-COLA CLASSIC CA",19410,49000
5,4900000634,9,33,.03875,22.94,"COCA-COLA CLASSIC CA",18515,49000
5,4900000634,10,55,.03875,22.94,"COCA-COLA CLASSIC CA",18276,49000
5,4900000634,11,42,.03875,22.94,"COCA-COLA CLASSIC CA",17044,49000
5,4900000634,12,106,.02486111,20.11,"COCA-COLA CLASSIC CA",18307,49000
5,4900000634,13,41,.03875,22.94,"COCA-COLA CLASSIC CA",18401,49000
5,4900000634,14,60,.03875,22.94,"COCA-COLA CLASSIC CA",20590,49000
5,4900000634,15,37,.03875,22.94,"COCA-COLA CLASSIC CA",18629,49000
5,4900000634,16,43,.03875,22.94,"COCA-COLA CLASSIC CA",18811,49000
5,4900000634,17,317,.03875,22.94,"COCA-COLA CLASSIC CA",17266,49000
5,4900000634,18,37,.03875,22.94,"COCA-COLA CLASSIC CA",17257,49000
5,4900000634,19,35,.03875,22.94,"COCA-COLA CLASSIC CA",17762,49000
5,4900000634,20,41,.03875,22.94,"COCA-COLA CLASSIC CA",17597,49000
5,4900000634,21,49,.03875,22.94,"COCA-COLA CLASSIC CA",17911,49000
5,4900000634,22,319,.02770833,8.04,"COCA-COLA CLASSIC CA",18299,49000
5,4900000634,23,48,.03875,22.94,"COCA-COLA CLASSIC CA",17691,49000
5,4900000634,24,36,.03875,22.94,"COCA-COLA CLASSIC CA",17490,49000
5,4900000634,25,41,.03875,22.94,"COCA-COLA CLASSIC CA",17835,49000
5,4900000634,26,16,.03875,22.94,"COCA-COLA CLASSIC CA",18284,49000
5,4900000634,27,23,.03875,22.94,"COCA-COLA CLASSIC CA",18391,49000
5,4900000634,28,16,.03875,22.94,"COCA-COLA CLASSIC CA",18132,49000
5,4900000634,29,179,.02763889,8.04,"COCA-COLA CLASSIC CA",17494,49000
5,4900000634,30,42,.03875,22.94,"COCA-COLA CLASSIC CA",17122,49000
5,4900000634,31,11,.03875,22.94,"COCA-COLA CLASSIC CA",17438,49000
5,4900000634,32,46,.03875,22.94,"COCA-COLA CLASSIC CA",15935,49000
5,4900000634,33,39,.03875,22.94,"COCA-COLA CLASSIC CA",16043,49000
5,4900000634,34,38,.03875,22.94,"COCA-COLA CLASSIC CA",16163,49000
5,4900000634,35,1314,.01732639,73.39,"COCA-COLA CLASSIC CA",17545,49000
5,4900000634,36,50,.03875,22.94,"COCA-COLA CLASSIC CA",16775,49000
5,4900000634,37,31,.03875,22.94,"COCA-COLA CLASSIC CA",16862,49000
5,4900000634,38,40,.03875,22.94,"COCA-COLA CLASSIC CA",17028,49000
5,4900000634,39,25,.03875,22.94,"COCA-COLA CLASSIC CA",17125,49000
5,4900000634,40,45,.03875,22.94,"COCA-COLA CLASSIC CA",17568,49000
5,4900000634,41,251,.02763889,8.04,"COCA-COLA CLASSIC CA",17249,49000
5,4900000634,42,37,.03875,22.94,"COCA-COLA CLASSIC CA",19166,49000
5,4900000634,43,38,.03875,22.94,"COCA-COLA CLASSIC CA",16733,49000
5,4900000634,44,29,.03875,22.94,"COCA-COLA CLASSIC CA",16960,49000
5,4900000634,45,807,.03875,22.94,"COCA-COLA CLASSIC CA",17216,49000
5,4900000634,46,36,.03875,22.94,"COCA-COLA CLASSIC CA",17187,49000
5,4900000634,47,64,.02763889,8.04,"COCA-COLA CLASSIC CA",16908,49000
5,4900000634,48,20,.03875,22.94,"COCA-COLA CLASSIC CA",16637,49000
5,4900000634,49,988,.03875,22.94,"COCA-COLA CLASSIC CA",17352,49000
5,4900000634,50,42,.03875,22.94,"COCA-COLA CLASSIC CA",16708,49000
5,4900000634,51,40,.03875,22.94,"COCA-COLA CLASSIC CA",17292,49000
5,4900000634,52,38,.03875,22.94,"COCA-COLA CLASSIC CA",16417,49000
5,4900000634,53,76,.03041667,1.83,"COCA-COLA CLASSIC CA",16760,49000
5,4900000634,54,24,.03875,22.94,"COCA-COLA CLASSIC CA",17167,49000
5,4900000634,55,40,.03875,22.94,"COCA-COLA CLASSIC CA",17923,49000
5,4900000634,56,38,.03875,22.94,"COCA-COLA CLASSIC CA",16728,49000
5,4900000634,57,32,.03875,22.94,"COCA-COLA CLASSIC CA",16919,49000
5,4900000634,58,742,.01930556,54.68,"COCA-COLA CLASSIC CA",16893,49000
5,4900000634,59,23,.03875,22.94,"COCA-COLA CLASSIC CA",17724,49000
5,4900000634,60,20,.03875,22.94,"COCA-COLA CLASSIC CA",16360,49000
5,4900000634,61,666,.03875,22.94,"COCA-COLA CLASSIC CA",16066,49000
5,4900000634,62,39,.03875,22.94,"COCA-COLA CLASSIC CA",21890,49000
5,4900000634,63,414,.01930556,54.68,"COCA-COLA CLASSIC CA",15911,49000
5,4900000634,64,23,.03875,22.94,"COCA-COLA CLASSIC CA",18149,49000
5,4900000634,65,873,.01930556,54.68,"COCA-COLA CLASSIC CA",17840,49000
5,4900000634,66,39,.03875,22.94,"COCA-COLA CLASSIC CA",18433,49000
5,4900000634,67,40,.03875,22.94,"COCA-COLA CLASSIC CA",18329,49000
5,4900000634,68,40,.03875,22.94,"COCA-COLA CLASSIC CA",17334,49000
5,4900000634,69,204,.02770833,8.04,"COCA-COLA CLASSIC CA",17122,49000
5,4900000634,70,47,.04013889,22.84,"COCA-COLA CLASSIC CA",16246,49000
5,4900000634,71,1482,.01791667,72.87,"COCA-COLA CLASSIC CA",16123,49000
5,4900000634,72,11,.04013889,22.84,"COCA-COLA CLASSIC CA",16307,49000
5,4900000634,73,23,.04013889,22.84,"COCA-COLA CLASSIC CA",17421,49000
5,4900000634,74,21,.04013889,22.84,"COCA-COLA CLASSIC CA",16741,49000
5,4900000634,75,18,.04013889,22.84,"COCA-COLA CLASSIC CA",16872,49000
5,4900000634,76,26,.04013889,22.84,"COCA-COLA CLASSIC CA",16656,49000
5,4900000634,77,1274,.01652778,87.39,"COCA-COLA CLASSIC CA",17065,49000
5,4900000634,78,16,.04013889,22.84,"COCA-COLA CLASSIC CA",15481,49000
5,4900000634,79,173,.02763889,12.06,"COCA-COLA CLASSIC CA",17770,49000
5,4900000634,80,21,.04013889,22.84,"COCA-COLA CLASSIC CA",17160,49000
5,4900000634,81,26,.04013889,22.84,"COCA-COLA CLASSIC CA",17715,49000
5,4900000634,82,534,.02,54.86,"COCA-COLA CLASSIC CA",15923,49000
5,4900000634,83,10,.04013889,22.84,"COCA-COLA CLASSIC CA",16151,49000
5,4900000634,84,41,.04013889,22.84,"COCA-COLA CLASSIC CA",16172,49000
5,4900000634,85,515,.02076389,49.66,"COCA-COLA CLASSIC CA",16161,49000
5,4900000634,86,25,.04013889,22.84,"COCA-COLA CLASSIC CA",17963,49000
5,4900000634,87,201,.02770833,12.06,"COCA-COLA CLASSIC CA",18090,49000
5,4900000634,88,24,.04013889,22.84,"COCA-COLA CLASSIC CA",17170,49000
5,4900000634,89,41,.04013889,22.84,"COCA-COLA CLASSIC CA",17937,49000
5,4900000634,90,504,.02069444,49.66,"COCA-COLA CLASSIC CA",18599,49000
5,4900000634,91,46,.04013889,22.84,"COCA-COLA CLASSIC CA",17640,49000
5,4900000634,92,25,.04013889,22.84,"COCA-COLA CLASSIC CA",17335,49000
5,4900000634,93,252,.02208333,40.25,"COCA-COLA CLASSIC CA",17439,49000
5,4900000634,94,33,.04013889,22.84,"COCA-COLA CLASSIC CA",18483,49000
5,4900000634,95,25,.04013889,22.84,"COCA-COLA CLASSIC CA",16818,49000
5,4900000634,96,23,.04013889,22.84,"COCA-COLA CLASSIC CA",17705,49000
5,4900000634,97,795,.04013889,22.84,"COCA-COLA CLASSIC CA",17072,49000
5,4900000634,98,40,.04013889,22.84,"COCA-COLA CLASSIC CA",17372,49000
5,4900000634,99,460,.02208333,40.25,"COCA-COLA CLASSIC CA",17349,49000
5,4900000634,100,22,.03041667,1.83,"COCA-COLA CLASSIC CA",16750,49000
5,4900000634,101,61,.03041667,1.83,"COCA-COLA CLASSIC CA",16238,49000
5,4900000634,102,291,.02208333,40.25,"COCA-COLA CLASSIC CA",17534,49000
5,4900000634,103,30,.03041667,1.83,"COCA-COLA CLASSIC CA",17131,49000
5,4900000634,104,21,.03041667,1.83,"COCA-COLA CLASSIC CA",17644,49000
5,4900000639,1,109,.02498963,20.12,"COCA-COLA CLASSIC",18820,49000
5,4900000639,2,11,.01759625,13.45,"COCA-COLA CLASSIC",19258,49000
5,4900000639,3,16,.02498963,20.12,"COCA-COLA CLASSIC",19179,49000
5,4900000639,4,373,.01759625,13.45,"COCA-COLA CLASSIC",18898,49000
5,4900000639,5,113,.02498963,20.12,"COCA-COLA CLASSIC",18857,49000
5,4900000639,6,428,.01759625,13.45,"COCA-COLA CLASSIC",18794,49000
5,4900000639,7,147,.02498963,20.12,"COCA-COLA CLASSIC",19710,49000
5,4900000639,8,126,.02498963,20.12,"COCA-COLA CLASSIC",19410,49000
5,4900000639,9,88,.02498963,20.12,"COCA-COLA CLASSIC",18515,49000
5,4900000639,10,157,.02498963,20.12,"COCA-COLA CLASSIC",18276,49000
5,4900000639,11,1143,.01316022,51.69,"COCA-COLA CLASSIC",17044,49000
5,4900000639,12,124,.02498963,20.12,"COCA-COLA CLASSIC",18307,49000
5,4900000639,13,106,.02351096,15.09,"COCA-COLA CLASSIC",18401,49000
5,4900000639,14,846,.01316022,51.69,"COCA-COLA CLASSIC",20590,49000
5,4900000639,15,132,.02351096,15.09,"COCA-COLA CLASSIC",18629,49000
5,4900000639,16,900,.01316022,51.69,"COCA-COLA CLASSIC",18811,49000
5,4900000639,17,126,.02351096,15.09,"COCA-COLA CLASSIC",17266,49000
5,4900000639,18,328,.01759625,13.45,"COCA-COLA CLASSIC",17257,49000
5,4900000639,19,169,.02351096,15.09,"COCA-COLA CLASSIC",17762,49000
5,4900000639,20,341,.01907493,4.65,"COCA-COLA CLASSIC",17597,49000
5,4900000639,21,218,.01907493,4.65,"COCA-COLA CLASSIC",17911,49000
5,4900000639,22,148,.02351096,15.09,"COCA-COLA CLASSIC",18299,49000
5,4900000639,23,569,.01759625,13.45,"COCA-COLA CLASSIC",17691,49000
5,4900000639,24,105,.02351096,15.09,"COCA-COLA CLASSIC",17490,49000
5,4900000639,25,449,.01759625,13.45,"COCA-COLA CLASSIC",17835,49000
5,4900000639,26,100,.02351096,15.09,"COCA-COLA CLASSIC",18284,49000
5,4900000639,27,973,.0146389,36.36,"COCA-COLA CLASSIC",18391,49000
5,4900000639,28,115,.02351096,15.09,"COCA-COLA CLASSIC",18132,49000
5,4900000639,29,113,.02351096,15.09,"COCA-COLA CLASSIC",17494,49000
5,4900000639,30,176,.0205536,2.88,"COCA-COLA CLASSIC",17122,49000
5,4900000639,31,20,.02351096,15.09,"COCA-COLA CLASSIC",17438,49000
5,4900000639,32,172,.0205536,2.88,"COCA-COLA CLASSIC",15935,49000
5,4900000639,33,1049,.01316022,51.69,"COCA-COLA CLASSIC",16043,49000
5,4900000639,34,129,.02351096,15.09,"COCA-COLA CLASSIC",16163,49000
5,4900000639,35,120,.02351096,15.09,"COCA-COLA CLASSIC",17545,49000
5,4900000639,36,157,.01907493,4.65,"COCA-COLA CLASSIC",16775,49000
5,4900000639,37,74,.02351096,15.09,"COCA-COLA CLASSIC",16862,49000
5,4900000639,38,370,.01907493,4.65,"COCA-COLA CLASSIC",17028,49000
5,4900000639,39,81,.02351096,15.09,"COCA-COLA CLASSIC",17125,49000
5,4900000639,40,275,.01907493,4.65,"COCA-COLA CLASSIC",17568,49000
5,4900000639,41,92,.02351096,15.09,"COCA-COLA CLASSIC",17249,49000
5,4900000639,42,81,.02351096,15.09,"COCA-COLA CLASSIC",19166,49000
5,4900000639,43,227,.01907493,4.65,"COCA-COLA CLASSIC",16733,49000
5,4900000639,44,62,.02351096,15.09,"COCA-COLA CLASSIC",16960,49000
5,4900000639,45,134,.01907493,4.65,"COCA-COLA CLASSIC",17216,49000
5,4900000639,46,76,.02351096,15.09,"COCA-COLA CLASSIC",17187,49000
5,4900000639,47,933,.0146389,36.36,"COCA-COLA CLASSIC",16908,49000
5,4900000639,48,107,.02351096,15.09,"COCA-COLA CLASSIC",16637,49000
5,4900000639,49,96,.02351096,15.09,"COCA-COLA CLASSIC",17352,49000
5,4900000639,50,320,.01907493,4.65,"COCA-COLA CLASSIC",16708,49000
5,4900000639,51,108,.02351096,15.09,"COCA-COLA CLASSIC",17292,49000
5,4900000639,52,100,.02203228,9.4,"COCA-COLA CLASSIC",16417,49000
5,4900000639,53,70,.02351096,15.09,"COCA-COLA CLASSIC",16760,49000
5,4900000639,54,82,.02351096,15.09,"COCA-COLA CLASSIC",17167,49000
5,4900000639,55,179,.01759625,13.45,"COCA-COLA CLASSIC",17923,49000
5,4900000639,56,242,.01907493,4.65,"COCA-COLA CLASSIC",16728,49000
5,4900000639,57,108,.02351096,15.09,"COCA-COLA CLASSIC",16919,49000
5,4900000639,58,84,.02351096,15.09,"COCA-COLA CLASSIC",16893,49000
5,4900000639,59,766,.0146389,36.36,"COCA-COLA CLASSIC",17724,49000
5,4900000639,60,73,.02351096,15.09,"COCA-COLA CLASSIC",16360,49000
5,4900000639,61,82,.02351096,15.09,"COCA-COLA CLASSIC",16066,49000
5,4900000639,62,107,.02351096,15.09,"COCA-COLA CLASSIC",21890,49000
5,4900000639,63,72,.02351096,15.09,"COCA-COLA CLASSIC",15911,49000
5,4900000639,64,106,.02351096,15.09,"COCA-COLA CLASSIC",18149,49000
5,4900000639,65,89,.02351096,15.09,"COCA-COLA CLASSIC",17840,49000
5,4900000639,66,279,.01907493,4.65,"COCA-COLA CLASSIC",18433,49000
5,4900000639,67,136,.02351096,15.09,"COCA-COLA CLASSIC",18329,49000
5,4900000639,68,120,.02351096,15.09,"COCA-COLA CLASSIC",17334,49000
5,4900000639,69,144,.02351096,15.09,"COCA-COLA CLASSIC",17122,49000
5,4900000639,70,248,.01907493,10.85,"COCA-COLA CLASSIC",16246,49000
5,4900000639,71,86,.02351096,10.06,"COCA-COLA CLASSIC",16123,49000
5,4900000639,72,70,.02351096,10.06,"COCA-COLA CLASSIC",16307,49000
5,4900000639,73,133,.01907493,10.85,"COCA-COLA CLASSIC",17421,49000
5,4900000639,74,234,.01759625,20.17,"COCA-COLA CLASSIC",16741,49000
5,4900000639,75,82,.02351096,10.06,"COCA-COLA CLASSIC",16872,49000
5,4900000639,76,1895,.01316022,60.67,"COCA-COLA CLASSIC",16656,49000
5,4900000639,77,72,.02351096,10.06,"COCA-COLA CLASSIC",17065,49000
5,4900000639,78,77,.02351096,10.06,"COCA-COLA CLASSIC",15481,49000
5,4900000639,79,355,.01759625,20.17,"COCA-COLA CLASSIC",17770,49000
5,4900000639,80,94,.02351096,10.06,"COCA-COLA CLASSIC",17160,49000
5,4900000639,81,64,.02351096,10.06,"COCA-COLA CLASSIC",17715,49000
5,4900000639,82,60,.02351096,10.06,"COCA-COLA CLASSIC",15923,49000
5,4900000639,83,68,.02351096,10.06,"COCA-COLA CLASSIC",16151,49000
5,4900000639,84,670,.0146389,44.44,"COCA-COLA CLASSIC",16172,49000
5,4900000639,85,66,.02351096,10.06,"COCA-COLA CLASSIC",16161,49000
5,4900000639,86,65,.02351096,10.06,"COCA-COLA CLASSIC",17963,49000
5,4900000639,87,114,.02351096,10.06,"COCA-COLA CLASSIC",18090,49000
5,4900000639,88,537,.0146389,44.44,"COCA-COLA CLASSIC",17170,49000
5,4900000639,89,68,.02351096,10.06,"COCA-COLA CLASSIC",17937,49000
5,4900000639,90,81,.02351096,10.06,"COCA-COLA CLASSIC",18599,49000
5,4900000639,91,792,.0146389,44.44,"COCA-COLA CLASSIC",17640,49000
5,4900000639,92,79,.02351096,10.06,"COCA-COLA CLASSIC",17335,49000
5,4900000639,93,61,.02351096,10.06,"COCA-COLA CLASSIC",17439,49000
5,4900000639,94,83,.02351096,10.06,"COCA-COLA CLASSIC",18483,49000
5,4900000639,95,136,.01907493,10.85,"COCA-COLA CLASSIC",16818,49000
5,4900000639,96,63,.02351096,10.06,"COCA-COLA CLASSIC",17705,49000
5,4900000639,97,72,.02351096,10.06,"COCA-COLA CLASSIC",17072,49000
5,4900000639,98,160,.01907493,10.85,"COCA-COLA CLASSIC",17372,49000
5,4900000639,99,91,.02203228,4.03,"COCA-COLA CLASSIC",17349,49000
5,4900000639,100,92,.02203228,4.03,"COCA-COLA CLASSIC",16750,49000
5,4900000639,101,804,.0146389,44.44,"COCA-COLA CLASSIC",16238,49000
5,4900000639,102,86,.02203228,4.03,"COCA-COLA CLASSIC",17534,49000
5,4900000639,103,62,.02203228,4.03,"COCA-COLA CLASSIC",17131,49000
5,4900000639,104,74,.02203228,4.03,"COCA-COLA CLASSIC",17644,49000
