input/WSDR.csv
store,upc,week,move,price,profit,descrip,custcoun,Brand
8,1200000230,1,312,.02498963,20.12,"PEPSI COLA N/R",23004,12000
8,1200000230,2,274,.02498963,20.12,"PEPSI COLA N/R",26124,12000
8,1200000230,3,501,.02498963,20.12,"PEPSI COLA N/R",24334,12000
8,1200000230,4,981,.01759625,13.45,"PEPSI COLA N/R",25428,12000
8,1200000230,5,466,.02351096,15.09,"PEPSI COLA N/R",25030,12000
8,1200000230,6,947,.01759625,13.45,"PEPSI COLA N/R",23453,12000
8,1200000230,7,457,.02351096,15.09,"PEPSI COLA N/R",25223,12000
8,1200000230,8,438,.02351096,15.09,"PEPSI COLA N/R",24980,12000
8,1200000230,9,2041,.0146389,36.36,"PEPSI COLA N/R",23493,12000
8,1200000230,10,541,.02351096,15.09,"PEPSI COLA N/R",30717,12000
8,1200000230,11,2416,.01316022,51.69,"PEPSI COLA N/R",18508,12000
8,1200000230,12,527,.02351096,15.09,"PEPSI COLA N/R",25070,12000
8,1200000230,13,1123,.01759625,13.45,"PEPSI COLA N/R",24284,12000
8,1200000230,14,321,.01907493,4.65,"PEPSI COLA N/R",30583,12000
8,1200000230,15,2157,.01316022,51.69,"PEPSI COLA N/R",26451,12000
8,1200000230,16,2764,.01316022,51.69,"PEPSI COLA N/R",23890,12000
8,1200000230,17,553,.01907493,4.65,"PEPSI COLA N/R",22022,12000
8,1200000230,18,1019,.01759625,13.45,"PEPSI COLA N/R",20042,12000
8,1200000230,19,610,.01907493,4.65,"PEPSI COLA N/R",23801,12000
8,1200000230,20,650,.01907493,4.65,"PEPSI COLA N/R",26005,12000
8,1200000230,21,511,.01907493,4.65,"PEPSI COLA N/R",25247,12000
8,1200000230,22,686,.01907493,4.65,"PEPSI COLA N/R",24634,12000
8,1200000230,23,1024,.01759625,13.45,"PEPSI COLA N/R",24847,12000
8,1200000230,24,475,.01907493,4.65,"PEPSI COLA N/R",22891,12000
8,1200000230,25,1155,.01759625,13.45,"PEPSI COLA N/R",23942,12000
8,1200000230,26,421,.01907493,4.65,"PEPSI COLA N/R",23924,12000
8,1200000230,27,2884,.0146389,36.36,"PEPSI COLA N/R",25636,12000
8,1200000230,28,523,.01907493,4.65,"PEPSI COLA N/R",24204,12000
8,1200000230,29,525,.01907493,4.65,"PEPSI COLA N/R",24279,12000
8,1200000230,30,1015,.01759625,13.45,"PEPSI COLA N/R",28631,12000
8,1200000230,31,611,.01907493,4.65,"PEPSI COLA N/R",26756,12000
8,1200000230,32,180,.01907493,4.65,"PEPSI COLA N/R",23265,12000
8,1200000230,33,5254,.01316022,51.69,"PEPSI COLA N/R",24674,12000
8,1200000230,34,528,.01907493,4.65,"PEPSI COLA N/R",25237,12000
8,1200000230,35,461,.01907493,4.65,"PEPSI COLA N/R",27125,12000
8,1200000230,36,572,.01907493,4.65,"PEPSI COLA N/R",25349,12000
8,1200000230,37,389,.0205536,2.88,"PEPSI COLA N/R",25679,12000
8,1200000230,38,439,.0205536,2.88,"PEPSI COLA N/R",25707,12000
8,1200000230,39,6121,.01316022,51.69,"PEPSI COLA N/R",24814,12000
8,1200000230,40,384,.0205536,2.88,"PEPSI COLA N/R",25547,12000
8,1200000230,41,762,.01907493,4.65,"PEPSI COLA N/R",24945,12000
8,1200000230,42,368,.0205536,2.88,"PEPSI COLA N/R",30431,12000
8,1200000230,43,471,.01907493,4.65,"PEPSI COLA N/R",25487,12000
8,1200000230,44,320,.0205536,2.88,"PEPSI COLA N/R",24298,12000
8,1200000230,45,460,.01907493,4.65,"PEPSI COLA N/R",25424,12000
8,1200000230,46,258,.0205536,2.88,"PEPSI COLA N/R",24721,12000
8,1200000230,47,1986,.0146389,36.36,"PEPSI COLA N/R",24477,12000
8,1200000230,48,339,.0205536,2.88,"PEPSI COLA N/R",23931,12000
8,1200000230,49,298,.0205536,2.88,"PEPSI COLA N/R",24749,12000
8,1200000230,50,507,.01907493,4.65,"PEPSI COLA N/R",25735,12000
8,1200000230,51,283,.0205536,2.88,"PEPSI COLA N/R",27370,12000
8,1200000230,52,663,.01907493,4.65,"PEPSI COLA N/R",23499,12000
8,1200000230,53,240,.0205536,2.88,"PEPSI COLA N/R",23841,12000
8,1200000230,54,303,.0205536,2.88,"PEPSI COLA N/R",25525,12000
8,1200000230,55,269,.0205536,2.88,"PEPSI COLA N/R",27306,12000
8,1200000230,56,584,.01907493,4.65,"PEPSI COLA N/R",24639,12000
8,1200000230,57,324,.0205536,2.88,"PEPSI COLA N/R",24705,12000
8,1200000230,58,221,.0205536,2.88,"PEPSI COLA N/R",24653,12000
8,1200000230,59,1742,.0146389,36.36,"PEPSI COLA N/R",25727,12000
8,1200000230,60,233,.0205536,2.88,"PEPSI COLA N/R",23582,12000
8,1200000230,61,297,.0205536,2.88,"PEPSI COLA N/R",22770,12000
8,1200000230,62,295,.0205536,2.88,"PEPSI COLA N/R",33355,12000
8,1200000230,63,155,.0205536,2.88,"PEPSI COLA N/R",21578,12000
8,1200000230,64,257,.0205536,2.88,"PEPSI COLA N/R",28344,12000
8,1200000230,65,512,.01759625,13.45,"PEPSI COLA N/R",21797,12000
8,1200000230,66,681,.01907493,4.65,"PEPSI COLA N/R",27189,12000
8,1200000230,67,377,.0205536,2.88,"PEPSI COLA N/R",26420,12000
8,1200000230,68,299,.0205536,2.88,"PEPSI COLA N/R",19982,12000
8,1200000230,69,365,.0205536,2.88,"PEPSI COLA N/R",27215,12000
8,1200000230,70,515,.01907493,10.85,"PEPSI COLA N/R",23363,12000
8,1200000230,71,256,.0205536,2.88,"PEPSI COLA N/R",24426,12000
8,1200000230,72,284,.0205536,2.88,"PEPSI COLA N/R",23518,12000
8,1200000230,73,689,.01907493,10.85,"PEPSI COLA N/R",28750,12000
8,1200000230,74,213,.0205536,2.88,"PEPSI COLA N/R",24820,12000
8,1200000230,75,541,.01907493,10.85,"PEPSI COLA N/R",23550,12000
8,1200000230,76,282,.0205536,2.88,"PEPSI COLA N/R",24104,12000
8,1200000230,77,264,.0205536,2.88,"PEPSI COLA N/R",27621,12000
8,1200000230,78,237,.0205536,2.88,"PEPSI COLA N/R",21749,12000
8,1200000230,79,1007,.01759625,20.17,"PEPSI COLA N/R",27863,12000
8,1200000230,80,324,.0205536,2.88,"PEPSI COLA N/R",26059,12000
8,1200000230,81,294,.0205536,2.88,"PEPSI COLA N/R",28069,12000
8,1200000230,82,181,.0205536,2.88,"PEPSI COLA N/R",23118,12000
8,1200000230,83,232,.0205536,2.88,"PEPSI COLA N/R",22494,12000
8,1200000230,84,2212,.0146389,44.44,"PEPSI COLA N/R",22504,12000
8,1200000230,85,179,.0205536,2.88,"PEPSI COLA N/R",22311,12000
8,1200000230,86,211,.0205536,2.88,"PEPSI COLA N/R",22346,12000
8,1200000230,87,306,.0205536,2.88,"PEPSI COLA N/R",24441,12000
8,1200000230,88,1325,.0146389,44.44,"PEPSI COLA N/R",23169,12000
8,1200000230,89,256,.0205536,2.88,"PEPSI COLA N/R",25974,12000
8,1200000230,90,217,.0205536,2.88,"PEPSI COLA N/R",25675,12000
8,1200000230,91,2025,.0146389,44.44,"PEPSI COLA N/R",23752,12000
8,1200000230,92,194,.0205536,2.88,"PEPSI COLA N/R",23585,12000
8,1200000230,93,229,.0205536,2.88,"PEPSI COLA N/R",24229,12000
8,1200000230,94,217,.0205536,2.88,"PEPSI COLA N/R",26552,12000
8,1200000230,95,429,.01907493,10.85,"PEPSI COLA N/R",24491,12000
8,1200000230,96,236,.0205536,2.88,"PEPSI COLA N/R",25043,12000
8,1200000230,97,218,.0205536,2.88,"PEPSI COLA N/R",24403,12000
8,1200000230,98,271,.01907493,10.85,"PEPSI COLA N/R",26270,12000
8,1200000230,99,233,.0205536,2.88,"PEPSI COLA N/R",22894,12000
8,1200000230,100,242,.0205536,2.88,"PEPSI COLA N/R",24807,12000
8,1200000230,101,2403,.0146389,44.44,"PEPSI COLA N/R",24443,12000
8,1200000230,102,254,.0205536,2.88,"PEPSI COLA N/R",25946,12000
8,1200000230,103,218,.0205536,2.88,"PEPSI COLA N/R",25193,12000
8,1200000230,104,145,.0205536,2.88,"PEPSI COLA N/R",25003,12000
8,1200000394,1,186,.01949219,4.02,"PEPSI COLA N.R. BOTT",23004,12000
8,1200000394,2,44,.02335938,20.07,"PEPSI COLA N.R. BOTT",26124,12000
8,1200000394,3,53,.02335938,20.07,"PEPSI COLA N.R. BOTT",24334,12000
8,1200000394,4,46,.02335938,20.07,"PEPSI COLA N.R. BOTT",25428,12000
8,1200000394,5,35,.02335938,20.07,"PEPSI COLA N.R. BOTT",25030,12000
8,1200000394,6,115,.02179688,14.34,"PEPSI COLA N.R. BOTT",23453,12000
8,1200000394,7,42,.02335938,20.07,"PEPSI COLA N.R. BOTT",25223,12000
8,1200000394,8,38,.02335938,20.07,"PEPSI COLA N.R. BOTT",24980,12000
8,1200000394,9,55,.02335938,20.07,"PEPSI COLA N.R. BOTT",23493,12000
8,1200000394,10,43,.02335938,20.07,"PEPSI COLA N.R. BOTT",30717,12000
8,1200000394,11,29,.02335938,20.07,"PEPSI COLA N.R. BOTT",18508,12000
8,1200000394,12,60,.02335938,20.07,"PEPSI COLA N.R. BOTT",25070,12000
8,1200000394,13,116,.02179688,14.34,"PEPSI COLA N.R. BOTT",24284,12000
8,1200000394,14,63,.02179688,14.34,"PEPSI COLA N.R. BOTT",30583,12000
8,1200000394,15,43,.02335938,20.07,"PEPSI COLA N.R. BOTT",26451,12000
8,1200000394,16,42,.02335938,20.07,"PEPSI COLA N.R. BOTT",23890,12000
8,1200000394,17,58,.02335938,20.07,"PEPSI COLA N.R. BOTT",22022,12000
8,1200000394,18,179,.01949219,4.02,"PEPSI COLA N.R. BOTT",20042,12000
8,1200000394,19,120,.02335938,20.07,"PEPSI COLA N.R. BOTT",23801,12000
8,1200000394,20,758,.01867188,0,"PEPSI COLA N.R. BOTT",26005,12000
8,1200000394,21,180,.01867188,0,"PEPSI COLA N.R. BOTT",25247,12000
8,1200000394,22,70,.02335938,20.07,"PEPSI COLA N.R. BOTT",24634,12000
8,1200000394,23,437,.01945313,4.02,"PEPSI COLA N.R. BOTT",24847,12000
8,1200000394,24,62,.02335938,20.07,"PEPSI COLA N.R. BOTT",22891,12000
8,1200000394,25,73,.02335938,20.07,"PEPSI COLA N.R. BOTT",23942,12000
8,1200000394,26,53,.02335938,20.07,"PEPSI COLA N.R. BOTT",23924,12000
8,1200000394,27,55,.02335938,20.07,"PEPSI COLA N.R. BOTT",25636,12000
8,1200000394,28,60,.02335938,20.07,"PEPSI COLA N.R. BOTT",24204,12000
8,1200000394,29,45,.02335938,20.07,"PEPSI COLA N.R. BOTT",24279,12000
8,1200000394,30,100,.02101563,11.15,"PEPSI COLA N.R. BOTT",28631,12000
8,1200000394,31,26,.02335938,20.07,"PEPSI COLA N.R. BOTT",26756,12000
8,1200000394,32,25,.02335938,20.07,"PEPSI COLA N.R. BOTT",23265,12000
8,1200000394,33,419,.02101563,11.15,"PEPSI COLA N.R. BOTT",24674,12000
8,1200000394,34,281,.02101563,11.15,"PEPSI COLA N.R. BOTT",25237,12000
8,1200000394,35,35,.02335938,20.07,"PEPSI COLA N.R. BOTT",27125,12000
8,1200000394,36,106,.02335938,20.07,"PEPSI COLA N.R. BOTT",25349,12000
8,1200000394,37,91,.02335938,20.07,"PEPSI COLA N.R. BOTT",25679,12000
8,1200000394,38,60,.02335938,20.07,"PEPSI COLA N.R. BOTT",25707,12000
8,1200000394,39,93,.02101563,11.15,"PEPSI COLA N.R. BOTT",24814,12000
8,1200000394,40,56,.02335938,20.07,"PEPSI COLA N.R. BOTT",25547,12000
8,1200000394,41,48,.02335938,20.07,"PEPSI COLA N.R. BOTT",24945,12000
8,1200000394,42,51,.02335938,20.07,"PEPSI COLA N.R. BOTT",30431,12000
8,1200000394,43,53,.02101563,11.15,"PEPSI COLA N.R. BOTT",25487,12000
8,1200000394,44,41,.02335938,20.07,"PEPSI COLA N.R. BOTT",24298,12000
8,1200000394,45,45,.02335938,20.07,"PEPSI COLA N.R. BOTT",25424,12000
8,1200000394,46,40,.02335938,20.07,"PEPSI COLA N.R. BOTT",24721,12000
8,1200000394,47,52,.02335938,20.07,"PEPSI COLA N.R. BOTT",24477,12000
8,1200000394,48,40,.02335938,20.07,"PEPSI COLA N.R. BOTT",23931,12000
8,1200000394,49,29,.02335938,20.07,"PEPSI COLA N.R. BOTT",24749,12000
8,1200000394,50,52,.02335938,20.07,"PEPSI COLA N.R. BOTT",25735,12000
8,1200000394,51,36,.02335938,20.07,"PEPSI COLA N.R. BOTT",27370,12000
8,1200000394,52,44,.02335938,20.07,"PEPSI COLA N.R. BOTT",23499,12000
8,1200000394,53,58,.02101563,11.15,"PEPSI COLA N.R. BOTT",23841,12000
8,1200000394,54,50,.02335938,20.07,"PEPSI COLA N.R. BOTT",25525,12000
8,1200000394,55,28,.02335938,20.07,"PEPSI COLA N.R. BOTT",27306,12000
8,1200000394,56,58,.02335938,20.07,"PEPSI COLA N.R. BOTT",24639,12000
8,1200000394,57,55,.02335938,20.07,"PEPSI COLA N.R. BOTT",24705,12000
8,1200000394,58,58,.02179688,14.34,"PEPSI COLA N.R. BOTT",24653,12000
8,1200000394,59,49,.02335938,20.07,"PEPSI COLA N.R. BOTT",25727,12000
8,1200000394,60,70,.02101563,11.15,"PEPSI COLA N.R. BOTT",23582,12000
8,1200000394,61,47,.02335938,20.07,"PEPSI COLA N.R. BOTT",22770,12000
8,1200000394,62,53,.02335938,20.07,"PEPSI COLA N.R. BOTT",33355,12000
8,1200000394,63,23,.02335938,20.07,"PEPSI COLA N.R. BOTT",21578,12000
8,1200000394,64,59,.02101563,11.15,"PEPSI COLA N.R. BOTT",28344,12000
8,1200000394,65,28,.02335938,20.07,"PEPSI COLA N.R. BOTT",21797,12000
8,1200000394,66,40,.02335938,20.07,"PEPSI COLA N.R. BOTT",27189,12000
8,1200000394,67,39,.02335938,20.07,"PEPSI COLA N.R. BOTT",26420,12000
8,1200000394,68,26,.02335938,20.07,"PEPSI COLA N.R. BOTT",19982,12000
8,1200000394,69,20,.03195312,41.56,"PEPSI COLA N.R. BOTT",27215,12000
8,1200000394,70,30,.03195312,31.78,"PEPSI COLA N.R. BOTT",23363,12000
8,1200000394,71,32,.02726563,20.06,"PEPSI COLA N.R. BOTT",24426,12000
8,1200000394,72,17,.03117188,30.08,"PEPSI COLA N.R. BOTT",23518,12000
8,1200000394,73,48,.02726563,20.06,"PEPSI COLA N.R. BOTT",28750,12000
8,1200000394,74,26,.02726563,20.06,"PEPSI COLA N.R. BOTT",24820,12000
8,1200000394,75,28,.03117188,30.08,"PEPSI COLA N.R. BOTT",23550,12000
8,1200000394,76,38,.03117188,30.08,"PEPSI COLA N.R. BOTT",24104,12000
8,1200000394,77,28,.02726563,20.06,"PEPSI COLA N.R. BOTT",27621,12000
8,1200000394,78,23,.02726563,20.06,"PEPSI COLA N.R. BOTT",21749,12000
8,1200000394,79,26,.02726563,20.06,"PEPSI COLA N.R. BOTT",27863,12000
8,1200000394,80,34,.02726563,20.06,"PEPSI COLA N.R. BOTT",26059,12000
8,1200000394,81,22,.02726563,20.06,"PEPSI COLA N.R. BOTT",28069,12000
8,1200000394,82,19,.02726563,20.06,"PEPSI COLA N.R. BOTT",23118,12000
8,1200000394,83,21,.02726563,20.06,"PEPSI COLA N.R. BOTT",22494,12000
8,1200000394,84,63,.02335938,6.69,"PEPSI COLA N.R. BOTT",22504,12000
8,1200000394,85,41,.02335938,6.69,"PEPSI COLA N.R. BOTT",22311,12000
8,1200000394,86,24,.02726563,20.06,"PEPSI COLA N.R. BOTT",22346,12000
8,1200000394,87,59,.02335938,6.69,"PEPSI COLA N.R. BOTT",24441,12000
8,1200000394,88,73,.02335938,6.69,"PEPSI COLA N.R. BOTT",23169,12000
8,1200000394,89,39,.02726563,20.06,"PEPSI COLA N.R. BOTT",25974,12000
8,1200000394,90,23,.02726563,20.06,"PEPSI COLA N.R. BOTT",25675,12000
8,1200000394,91,22,.02726563,20.06,"PEPSI COLA N.R. BOTT",23752,12000
8,1200000394,92,51,.02335938,6.69,"PEPSI COLA N.R. BOTT",23585,12000
8,1200000394,93,33,.02726563,20.06,"PEPSI COLA N.R. BOTT",24229,12000
8,1200000394,94,56,.02335938,6.69,"PEPSI COLA N.R. BOTT",26552,12000
8,1200000394,95,49,.02179688,0,"PEPSI COLA N.R. BOTT",24491,12000
8,1200000394,96,33,.02726563,20.06,"PEPSI COLA N.R. BOTT",25043,12000
8,1200000394,97,26,.02726563,20.06,"PEPSI COLA N.R. BOTT",24403,12000
8,1200000394,98,24,.02726563,20.06,"PEPSI COLA N.R. BOTT",26270,12000
8,1200000394,99,44,.02179688,0,"PEPSI COLA N.R. BOTT",22894,12000
8,1200000394,100,22,.02726563,20.06,"PEPSI COLA N.R. BOTT",24807,12000
8,1200000394,101,41,.02726563,20.06,"PEPSI COLA N.R. BOTT",24443,12000
8,1200000394,102,36,.02726563,20.06,"PEPSI COLA N.R. BOTT",25946,12000
8,1200000394,103,25,.02726563,20.06,"PEPSI COLA N.R. BOTT",25193,12000
8,1200000394,104,26,.02726563,20.06,"PEPSI COLA N.R. BOTT",25003,12000
