input/WSDR.csv
store,upc,week,move,price,profit,descrip,custcoun,Brand
8,1200000496,1,42,.02498963,20.12,"DIET PEPSI CAFFEINE",23004,12000
8,1200000496,2,70,.02498963,20.12,"DIET PEPSI CAFFEINE",26124,12000
8,1200000496,3,70,.02498963,20.12,"DIET PEPSI CAFFEINE",24334,12000
8,1200000496,4,150,.01759625,13.45,"DIET PEPSI CAFFEINE",25428,12000
8,1200000496,5,51,.02498963,20.12,"DIET PEPSI CAFFEINE",25030,12000
8,1200000496,6,109,.01759625,13.45,"DIET PEPSI CAFFEINE",23453,12000
8,1200000496,7,82,.02498963,20.12,"DIET PEPSI CAFFEINE",25223,12000
8,1200000496,8,69,.02498963,20.12,"DIET PEPSI CAFFEINE",24980,12000
8,1200000496,9,323,.0146389,36.36,"DIET PEPSI CAFFEINE",23493,12000
8,1200000496,10,73,.02498963,20.12,"DIET PEPSI CAFFEINE",30717,12000
8,1200000496,11,353,.01316022,51.69,"DIET PEPSI CAFFEINE",18508,12000
8,1200000496,12,57,.02498963,20.12,"DIET PEPSI CAFFEINE",25070,12000
8,1200000496,13,129,.01759625,13.45,"DIET PEPSI CAFFEINE",24284,12000
8,1200000496,14,59,.02498963,20.12,"DIET PEPSI CAFFEINE",30583,12000
8,1200000496,15,180,.01316022,51.69,"DIET PEPSI CAFFEINE",26451,12000
8,1200000496,16,198,.01316022,51.69,"DIET PEPSI CAFFEINE",23890,12000
8,1200000496,17,74,.02498963,20.12,"DIET PEPSI CAFFEINE",22022,12000
8,1200000496,18,125,.01759625,13.45,"DIET PEPSI CAFFEINE",20042,12000
8,1200000496,19,58,.02498963,20.12,"DIET PEPSI CAFFEINE",23801,12000
8,1200000496,20,72,.02498963,20.12,"DIET PEPSI CAFFEINE",26005,12000
8,1200000496,21,84,.01907493,4.65,"DIET PEPSI CAFFEINE",25247,12000
8,1200000496,22,77,.02498963,20.12,"DIET PEPSI CAFFEINE",24634,12000
8,1200000496,23,200,.01759625,13.45,"DIET PEPSI CAFFEINE",24847,12000
8,1200000496,24,63,.02498963,20.12,"DIET PEPSI CAFFEINE",22891,12000
8,1200000496,25,210,.01759625,13.45,"DIET PEPSI CAFFEINE",23942,12000
8,1200000496,26,71,.02498963,20.12,"DIET PEPSI CAFFEINE",23924,12000
8,1200000496,27,496,.0146389,36.36,"DIET PEPSI CAFFEINE",25636,12000
8,1200000496,28,72,.02498963,20.12,"DIET PEPSI CAFFEINE",24204,12000
8,1200000496,29,68,.02498963,20.12,"DIET PEPSI CAFFEINE",24279,12000
8,1200000496,30,193,.01759625,13.45,"DIET PEPSI CAFFEINE",28631,12000
8,1200000496,31,84,.02498963,20.12,"DIET PEPSI CAFFEINE",26756,12000
8,1200000496,32,8,.02498963,20.12,"DIET PEPSI CAFFEINE",23265,12000
8,1200000496,33,764,.01316022,51.69,"DIET PEPSI CAFFEINE",24674,12000
8,1200000496,34,56,.02498963,20.12,"DIET PEPSI CAFFEINE",25237,12000
8,1200000496,35,42,.02498963,20.12,"DIET PEPSI CAFFEINE",27125,12000
8,1200000496,36,101,.01907493,4.65,"DIET PEPSI CAFFEINE",25349,12000
8,1200000496,37,74,.02498963,20.12,"DIET PEPSI CAFFEINE",25679,12000
8,1200000496,38,63,.02498963,20.12,"DIET PEPSI CAFFEINE",25707,12000
8,1200000496,39,645,.01316022,51.69,"DIET PEPSI CAFFEINE",24814,12000
8,1200000496,40,44,.02498963,20.12,"DIET PEPSI CAFFEINE",25547,12000
8,1200000496,41,107,.01907493,4.65,"DIET PEPSI CAFFEINE",24945,12000
8,1200000496,42,49,.02498963,20.12,"DIET PEPSI CAFFEINE",30431,12000
8,1200000496,43,95,.01907493,4.65,"DIET PEPSI CAFFEINE",25487,12000
8,1200000496,44,40,.02498963,20.12,"DIET PEPSI CAFFEINE",24298,12000
8,1200000496,45,88,.01907493,4.65,"DIET PEPSI CAFFEINE",25424,12000
8,1200000496,46,37,.02498963,20.12,"DIET PEPSI CAFFEINE",24721,12000
8,1200000496,47,295,.0146389,36.36,"DIET PEPSI CAFFEINE",24477,12000
8,1200000496,48,40,.02498963,20.12,"DIET PEPSI CAFFEINE",23931,12000
8,1200000496,49,51,.02498963,20.12,"DIET PEPSI CAFFEINE",24749,12000
8,1200000496,50,103,.01907493,4.65,"DIET PEPSI CAFFEINE",25735,12000
8,1200000496,51,40,.02498963,20.12,"DIET PEPSI CAFFEINE",27370,12000
8,1200000496,52,89,.01907493,4.65,"DIET PEPSI CAFFEINE",23499,12000
8,1200000496,53,55,.02498963,20.12,"DIET PEPSI CAFFEINE",23841,12000
8,1200000496,54,75,.02498963,20.12,"DIET PEPSI CAFFEINE",25525,12000
8,1200000496,55,51,.02498963,20.12,"DIET PEPSI CAFFEINE",27306,12000
8,1200000496,56,68,.01907493,4.65,"DIET PEPSI CAFFEINE",24639,12000
8,1200000496,57,45,.02498963,20.12,"DIET PEPSI CAFFEINE",24705,12000
8,1200000496,58,27,.02498963,20.12,"DIET PEPSI CAFFEINE",24653,12000
8,1200000496,59,265,.0146389,36.36,"DIET PEPSI CAFFEINE",25727,12000
8,1200000496,60,39,.02498963,20.12,"DIET PEPSI CAFFEINE",23582,12000
8,1200000496,61,57,.02498963,20.12,"DIET PEPSI CAFFEINE",22770,12000
8,1200000496,62,63,.02498963,20.12,"DIET PEPSI CAFFEINE",33355,12000
8,1200000496,63,23,.02498963,20.12,"DIET PEPSI CAFFEINE",21578,12000
8,1200000496,64,31,.02498963,20.12,"DIET PEPSI CAFFEINE",28344,12000
8,1200000496,65,112,.01759625,13.45,"DIET PEPSI CAFFEINE",21797,12000
8,1200000496,66,93,.01907493,4.65,"DIET PEPSI CAFFEINE",27189,12000
8,1200000496,67,72,.02498963,20.12,"DIET PEPSI CAFFEINE",26420,12000
8,1200000496,68,38,.02498963,20.12,"DIET PEPSI CAFFEINE",19982,12000
8,1200000496,69,40,.02498963,20.12,"DIET PEPSI CAFFEINE",27215,12000
8,1200000496,70,98,.01907493,10.85,"DIET PEPSI CAFFEINE",23363,12000
8,1200000496,71,39,.02498963,15.38,"DIET PEPSI CAFFEINE",24426,12000
8,1200000496,72,43,.02498963,15.38,"DIET PEPSI CAFFEINE",23518,12000
8,1200000496,73,89,.01907493,10.85,"DIET PEPSI CAFFEINE",28750,12000
8,1200000496,74,41,.02498963,15.38,"DIET PEPSI CAFFEINE",24820,12000
8,1200000496,75,80,.01907493,10.85,"DIET PEPSI CAFFEINE",23550,12000
8,1200000496,76,33,.02498963,15.38,"DIET PEPSI CAFFEINE",24104,12000
8,1200000496,77,46,.02498963,15.38,"DIET PEPSI CAFFEINE",27621,12000
8,1200000496,78,47,.02498963,15.38,"DIET PEPSI CAFFEINE",21749,12000
8,1200000496,79,198,.01759625,20.17,"DIET PEPSI CAFFEINE",27863,12000
8,1200000496,80,47,.02498963,15.38,"DIET PEPSI CAFFEINE",26059,12000
8,1200000496,81,48,.02498963,15.38,"DIET PEPSI CAFFEINE",28069,12000
8,1200000496,82,29,.02498963,15.38,"DIET PEPSI CAFFEINE",23118,12000
8,1200000496,83,36,.02498963,15.38,"DIET PEPSI CAFFEINE",22494,12000
8,1200000496,84,285,.0146389,44.44,"DIET PEPSI CAFFEINE",22504,12000
8,1200000496,85,33,.02498963,15.38,"DIET PEPSI CAFFEINE",22311,12000
8,1200000496,86,35,.02498963,15.38,"DIET PEPSI CAFFEINE",22346,12000
8,1200000496,87,38,.02498963,15.38,"DIET PEPSI CAFFEINE",24441,12000
8,1200000496,88,280,.0146389,44.44,"DIET PEPSI CAFFEINE",23169,12000
8,1200000496,89,61,.02498963,15.38,"DIET PEPSI CAFFEINE",25974,12000
8,1200000496,90,22,.02498963,15.38,"DIET PEPSI CAFFEINE",25675,12000
8,1200000496,91,230,.0146389,44.44,"DIET PEPSI CAFFEINE",23752,12000
8,1200000496,92,44,.02498963,15.38,"DIET PEPSI CAFFEINE",23585,12000
8,1200000496,93,36,.02498963,15.38,"DIET PEPSI CAFFEINE",24229,12000
8,1200000496,94,44,.02498963,15.38,"DIET PEPSI CAFFEINE",26552,12000
8,1200000496,95,86,.01907493,10.85,"DIET PEPSI CAFFEINE",24491,12000
8,1200000496,96,48,.02498963,15.38,"DIET PEPSI CAFFEINE",25043,12000
8,1200000496,97,49,.02498963,15.38,"DIET PEPSI CAFFEINE",24403,12000
8,1200000496,98,51,.01907493,10.85,"DIET PEPSI CAFFEINE",26270,12000
8,1200000496,99,50,.0205536,2.88,"DIET PEPSI CAFFEINE",22894,12000
8,1200000496,100,50,.0205536,2.88,"DIET PEPSI CAFFEINE",24807,12000
8,1200000496,101,171,.0146389,44.44,"DIET PEPSI CAFFEINE",24443,12000
8,1200000496,102,74,.0205536,2.88,"DIET PEPSI CAFFEINE",25946,12000
8,1200000496,103,44,.0205536,2.88,"DIET PEPSI CAFFEINE",25193,12000
8,1200000496,104,61,.0205536,2.88,"DIET PEPSI CAFFEINE",25003,12000
8,3828100261,1,221,.02083333,33.6,"DOM ORANGE SODA",23004,38281
8,3828100261,2,176,.02083333,33.6,"DOM ORANGE SODA",26124,38281
8,3828100261,3,191,.02083333,33.2,"DOM ORANGE SODA",24334,38281
8,3828100261,4,851,.01388889,2.5,"DOM ORANGE SODA",25428,38281
8,3828100261,5,231,.02083333,34.8,"DOM ORANGE SODA",25030,38281
8,3828100261,6,240,.02083333,32.4,"DOM ORANGE SODA",23453,38281
8,3828100261,7,137,.02083333,35.6,"DOM ORANGE SODA",25223,38281
8,3828100261,8,235,.02083333,37.6,"DOM ORANGE SODA",24980,38281
8,3828100261,9,1635,.01083333,.77,"DOM ORANGE SODA",23493,38281
8,3828100261,10,557,.02083333,50,"DOM ORANGE SODA",30717,38281
8,3828100261,11,452,.01388889,30.63,"DOM ORANGE SODA",18508,38281
8,3828100261,12,110,.01388889,30.63,"DOM ORANGE SODA",25070,38281
8,3828100261,13,174,.01666667,45,"DOM ORANGE SODA",24284,38281
8,3828100261,14,90,.01666667,45,"DOM ORANGE SODA",30583,38281
8,3828100261,15,82,.01666667,45,"DOM ORANGE SODA",26451,38281
8,3828100261,16,198,.01666667,42,"DOM ORANGE SODA",23890,38281
8,3828100261,17,156,.01666667,42,"DOM ORANGE SODA",22022,38281
8,3828100261,18,239,.02083333,46,"DOM ORANGE SODA",20042,38281
8,3828100261,19,189,.02083333,42,"DOM ORANGE SODA",23801,38281
8,3828100261,20,519,.01666667,27.5,"DOM ORANGE SODA",26005,38281
8,3828100261,21,393,.01666667,27.5,"DOM ORANGE SODA",25247,38281
8,3828100261,22,277,.02083333,37.2,"DOM ORANGE SODA",24634,38281
8,3828100261,23,161,.02083333,41.6,"DOM ORANGE SODA",24847,38281
8,3828100261,24,1127,.01388889,15.63,"DOM ORANGE SODA",22891,38281
8,3828100261,25,153,.02083333,40,"DOM ORANGE SODA",23942,38281
8,3828100261,26,224,.02083333,38.8,"DOM ORANGE SODA",23924,38281
8,3828100261,27,193,.02083333,38.8,"DOM ORANGE SODA",25636,38281
8,3828100261,28,179,.02083333,40.8,"DOM ORANGE SODA",24204,38281
8,3828100261,29,561,.01666667,27,"DOM ORANGE SODA",24279,38281
8,3828100261,30,300,.02083333,40.4,"DOM ORANGE SODA",28631,38281
8,3828100261,31,172,.02083333,40.8,"DOM ORANGE SODA",26756,38281
8,3828100261,32,207,.01388889,8.75,"DOM ORANGE SODA",23265,38281
8,3828100261,33,265,.02083333,41.6,"DOM ORANGE SODA",24674,38281
8,3828100261,34,231,.02083333,41.6,"DOM ORANGE SODA",25237,38281
8,3828100261,35,203,.02083333,42,"DOM ORANGE SODA",27125,38281
8,3828100261,36,630,.01388889,15,"DOM ORANGE SODA",25349,38281
8,3828100261,37,176,.02083333,42.8,"DOM ORANGE SODA",25679,38281
8,3828100261,38,201,.02083333,41.6,"DOM ORANGE SODA",25707,38281
8,3828100261,39,801,.01388889,16.25,"DOM ORANGE SODA",24814,38281
8,3828100261,40,605,.01388889,16.25,"DOM ORANGE SODA",25547,38281
8,3828100261,41,464,.02083333,46.4,"DOM ORANGE SODA",24945,38281
8,3828100261,42,511,.02083333,46.4,"DOM ORANGE SODA",30431,38281
8,3828100261,43,791,.01388889,13.75,"DOM ORANGE SODA",25487,38281
8,3828100261,44,233,.02083333,34.8,"DOM ORANGE SODA",24298,38281
8,3828100261,45,274,.02083333,34.8,"DOM ORANGE SODA",25424,38281
8,3828100261,46,245,.02083333,36.8,"DOM ORANGE SODA",24721,38281
8,3828100261,47,417,.02083333,38.4,"DOM ORANGE SODA",24477,38281
8,3828100261,48,816,.01666667,37,"DOM ORANGE SODA",23931,38281
8,3828100261,49,479,.01666667,34.5,"DOM ORANGE SODA",24749,38281
8,3828100261,50,409,.02083333,34.8,"DOM ORANGE SODA",25735,38281
8,3828100261,51,274,.02083333,34.4,"DOM ORANGE SODA",27370,38281
8,3828100261,52,176,.02083333,34.4,"DOM ORANGE SODA",23499,38281
8,3828100261,53,245,.02083333,36.8,"DOM ORANGE SODA",23841,38281
8,3828100261,54,354,.01666667,24.5,"DOM ORANGE SODA",25525,38281
8,3828100261,55,330,.01666667,25,"DOM ORANGE SODA",27306,38281
8,3828100261,56,1375,.01041667,14.17,"DOM ORANGE SODA",24639,38281
8,3828100261,57,2346,.01041667,36.67,"DOM ORANGE SODA",24705,38281
8,3828100261,58,184,.02083333,42.8,"DOM ORANGE SODA",24653,38281
8,3828100261,59,417,.02083333,49.6,"DOM ORANGE SODA",25727,38281
8,3828100261,60,955,.01388889,13.13,"DOM ORANGE SODA",23582,38281
8,3828100261,61,315,.01388889,31.88,"DOM ORANGE SODA",22770,38281
8,3828100261,62,285,.02083333,37.2,"DOM ORANGE SODA",33355,38281
8,3828100261,63,184,.02083333,35.2,"DOM ORANGE SODA",21578,38281
8,3828100261,64,245,.02083333,48.4,"DOM ORANGE SODA",28344,38281
8,3828100261,65,254,.02083333,48.4,"DOM ORANGE SODA",21797,38281
8,3828100261,66,369,.01666667,30,"DOM ORANGE SODA",27189,38281
8,3828100261,67,207,.02083333,43.6,"DOM ORANGE SODA",26420,38281
8,3828100261,68,167,.02083333,39.6,"DOM ORANGE SODA",19982,38281
8,3828100261,69,268,.02083333,39.6,"DOM ORANGE SODA",27215,38281
8,3828100261,70,1157,.01388889,15.63,"DOM ORANGE SODA",23363,38281
8,3828100261,71,273,.02083333,46,"DOM ORANGE SODA",24426,38281
8,3828100261,72,252,.02083333,44,"DOM ORANGE SODA",23518,38281
8,3828100261,73,477,.02083333,44,"DOM ORANGE SODA",28750,38281
8,3828100261,74,287,.02083333,44,"DOM ORANGE SODA",24820,38281
8,3828100261,75,318,.02083333,40.8,"DOM ORANGE SODA",23550,38281
8,3828100261,76,647,.01666667,27,"DOM ORANGE SODA",24104,38281
8,3828100261,77,345,.01666667,27,"DOM ORANGE SODA",27621,38281
8,3828100261,78,265,.02083333,40.8,"DOM ORANGE SODA",21749,38281
8,3828100261,79,970,.0125,11.33,"DOM ORANGE SODA",27863,38281
8,3828100261,80,163,.02083333,34.4,"DOM ORANGE SODA",26059,38281
8,3828100261,81,212,.01854167,34.09,"DOM ORANGE SODA",28069,38281
8,3828100261,82,139,.01854167,50,"DOM ORANGE SODA",23118,38281
8,3828100261,83,428,.01854167,40,"DOM ORANGE SODA",22494,38281
8,3828100261,84,421,.01666667,28.5,"DOM ORANGE SODA",22504,38281
8,3828100261,85,381,.01666667,28,"DOM ORANGE SODA",22311,38281
8,3828100261,86,287,.01854167,33.64,"DOM ORANGE SODA",22346,38281
8,3828100261,87,955,.0125,10.67,"DOM ORANGE SODA",24441,38281
8,3828100261,88,360,.01854167,25.45,"DOM ORANGE SODA",23169,38281
8,3828100261,89,520,.01854167,25.45,"DOM ORANGE SODA",25974,38281
8,3828100261,90,151,.01854167,27.27,"DOM ORANGE SODA",25675,38281
8,3828100261,91,1037,.01666667,27.5,"DOM ORANGE SODA",23752,38281
8,3828100261,92,412,.01666667,27.5,"DOM ORANGE SODA",23585,38281
8,3828100261,93,329,.01854167,27.73,"DOM ORANGE SODA",24229,38281
8,3828100261,94,294,.01854167,26.36,"DOM ORANGE SODA",26552,38281
8,3828100261,95,426,.01854167,30.45,"DOM ORANGE SODA",24491,38281
8,3828100261,96,1462,.01388889,6.25,"DOM ORANGE SODA",25043,38281
8,3828100261,97,780,.01388889,2.5,"DOM ORANGE SODA",24403,38281
8,3828100261,98,324,.01854167,25.45,"DOM ORANGE SODA",26270,38281
8,3828100261,99,500,.01854167,26.82,"DOM ORANGE SODA",22894,38281
8,3828100261,100,337,.01854167,30.45,"DOM ORANGE SODA",24807,38281
8,3828100261,101,3432,.01190476,4.29,"DOM ORANGE SODA",24443,38281
8,3828100261,102,356,.01854167,39.09,"DOM ORANGE SODA",25946,38281
8,3828100261,103,256,.01854167,27.73,"DOM ORANGE SODA",25193,38281
8,3828100261,104,286,.01854167,25.91,"DOM ORANGE SODA",25003,38281
