input/WSDR.csv
store,upc,week,move,price,profit,descrip,custcoun,Brand
8,4900000634,1,14,.03875,22.94,"COCA-COLA CLASSIC CA",23004,49000
8,4900000634,2,14,.03875,22.94,"COCA-COLA CLASSIC CA",26124,49000
8,4900000634,3,45,.02763889,8.04,"COCA-COLA CLASSIC CA",24334,49000
8,4900000634,4,16,.03875,22.94,"COCA-COLA CLASSIC CA",25428,49000
8,4900000634,5,11,.03875,22.94,"COCA-COLA CLASSIC CA",25030,49000
8,4900000634,6,26,.03875,22.94,"COCA-COLA CLASSIC CA",23453,49000
8,4900000634,7,17,.03875,22.94,"COCA-COLA CLASSIC CA",25223,49000
8,4900000634,8,9,.03875,22.94,"COCA-COLA CLASSIC CA",24980,49000
8,4900000634,9,12,.03875,22.94,"COCA-COLA CLASSIC CA",23493,49000
8,4900000634,10,19,.03875,22.94,"COCA-COLA CLASSIC CA",30717,49000
8,4900000634,11,5,.03875,22.94,"COCA-COLA CLASSIC CA",18508,49000
8,4900000634,12,34,.02486111,20.11,"COCA-COLA CLASSIC CA",25070,49000
8,4900000634,13,15,.03875,22.94,"COCA-COLA CLASSIC CA",24284,49000
8,4900000634,14,20,.03875,22.94,"COCA-COLA CLASSIC CA",30583,49000
8,4900000634,15,17,.03875,22.94,"COCA-COLA CLASSIC CA",26451,49000
8,4900000634,16,27,.03875,22.94,"COCA-COLA CLASSIC CA",23890,49000
8,4900000634,17,125,.03875,22.94,"COCA-COLA CLASSIC CA",22022,49000
8,4900000634,18,19,.03875,22.94,"COCA-COLA CLASSIC CA",20042,49000
8,4900000634,19,18,.03875,22.94,"COCA-COLA CLASSIC CA",23801,49000
8,4900000634,20,13,.03875,22.94,"COCA-COLA CLASSIC CA",26005,49000
8,4900000634,21,15,.03875,22.94,"COCA-COLA CLASSIC CA",25247,49000
8,4900000634,22,108,.02770833,8.04,"COCA-COLA CLASSIC CA",24634,49000
8,4900000634,23,16,.03875,22.94,"COCA-COLA CLASSIC CA",24847,49000
8,4900000634,24,10,.03875,22.94,"COCA-COLA CLASSIC CA",22891,49000
8,4900000634,25,26,.03875,22.94,"COCA-COLA CLASSIC CA",23942,49000
8,4900000634,26,8,.03875,22.94,"COCA-COLA CLASSIC CA",23924,49000
8,4900000634,27,27,.03875,22.94,"COCA-COLA CLASSIC CA",25636,49000
8,4900000634,28,20,.03875,22.94,"COCA-COLA CLASSIC CA",24204,49000
8,4900000634,29,34,.02763889,8.04,"COCA-COLA CLASSIC CA",24279,49000
8,4900000634,30,19,.03875,22.94,"COCA-COLA CLASSIC CA",28631,49000
8,4900000634,31,27,.03875,22.94,"COCA-COLA CLASSIC CA",26756,49000
8,4900000634,32,4,.03875,22.94,"COCA-COLA CLASSIC CA",23265,49000
8,4900000634,33,23,.03875,22.94,"COCA-COLA CLASSIC CA",24674,49000
8,4900000634,34,7,.03875,22.94,"COCA-COLA CLASSIC CA",25237,49000
8,4900000634,35,562,.01732639,73.39,"COCA-COLA CLASSIC CA",27125,49000
8,4900000634,36,25,.03875,22.94,"COCA-COLA CLASSIC CA",25349,49000
8,4900000634,37,16,.03875,22.94,"COCA-COLA CLASSIC CA",25679,49000
8,4900000634,38,12,.03875,22.94,"COCA-COLA CLASSIC CA",25707,49000
8,4900000634,39,24,.03875,22.94,"COCA-COLA CLASSIC CA",24814,49000
8,4900000634,40,26,.03875,22.94,"COCA-COLA CLASSIC CA",25547,49000
8,4900000634,41,70,.02763889,8.04,"COCA-COLA CLASSIC CA",24945,49000
8,4900000634,42,26,.03875,22.94,"COCA-COLA CLASSIC CA",30431,49000
8,4900000634,43,21,.03875,22.94,"COCA-COLA CLASSIC CA",25487,49000
8,4900000634,44,14,.03875,22.94,"COCA-COLA CLASSIC CA",24298,49000
8,4900000634,45,473,.03875,22.94,"COCA-COLA CLASSIC CA",25424,49000
8,4900000634,46,31,.03875,22.94,"COCA-COLA CLASSIC CA",24721,49000
8,4900000634,47,57,.02763889,8.04,"COCA-COLA CLASSIC CA",24477,49000
8,4900000634,48,27,.03875,22.94,"COCA-COLA CLASSIC CA",23931,49000
8,4900000634,49,1084,.03875,22.94,"COCA-COLA CLASSIC CA",24749,49000
8,4900000634,50,17,.03875,22.94,"COCA-COLA CLASSIC CA",25735,49000
8,4900000634,51,21,.03875,22.94,"COCA-COLA CLASSIC CA",27370,49000
8,4900000634,52,19,.03875,22.94,"COCA-COLA CLASSIC CA",23499,49000
8,4900000634,53,33,.03041667,1.83,"COCA-COLA CLASSIC CA",23841,49000
8,4900000634,54,16,.03875,22.94,"COCA-COLA CLASSIC CA",25525,49000
8,4900000634,55,15,.03875,22.94,"COCA-COLA CLASSIC CA",27306,49000
8,4900000634,56,13,.03875,22.94,"COCA-COLA CLASSIC CA",24639,49000
8,4900000634,57,28,.03875,22.94,"COCA-COLA CLASSIC CA",24705,49000
8,4900000634,58,638,.01930556,54.68,"COCA-COLA CLASSIC CA",24653,49000
8,4900000634,59,15,.03875,22.94,"COCA-COLA CLASSIC CA",25727,49000
8,4900000634,60,8,.03875,22.94,"COCA-COLA CLASSIC CA",23582,49000
8,4900000634,61,576,.03875,22.94,"COCA-COLA CLASSIC CA",22770,49000
8,4900000634,62,21,.03875,22.94,"COCA-COLA CLASSIC CA",33355,49000
8,4900000634,63,363,.01930556,54.68,"COCA-COLA CLASSIC CA",21578,49000
8,4900000634,64,9,.03875,22.94,"COCA-COLA CLASSIC CA",28344,49000
8,4900000634,65,407,.01930556,54.68,"COCA-COLA CLASSIC CA",21797,49000
8,4900000634,66,17,.03875,22.94,"COCA-COLA CLASSIC CA",27189,49000
8,4900000634,67,23,.03875,22.94,"COCA-COLA CLASSIC CA",26420,49000
8,4900000634,68,15,.03875,22.94,"COCA-COLA CLASSIC CA",19982,49000
8,4900000634,69,125,.02770833,8.04,"COCA-COLA CLASSIC CA",27215,49000
8,4900000634,70,22,.04013889,22.84,"COCA-COLA CLASSIC CA",23363,49000
8,4900000634,71,1494,.01791667,72.87,"COCA-COLA CLASSIC CA",24426,49000
8,4900000634,72,11,.04013889,22.84,"COCA-COLA CLASSIC CA",23518,49000
8,4900000634,73,12,.04013889,22.84,"COCA-COLA CLASSIC CA",28750,49000
8,4900000634,74,14,.04013889,22.84,"COCA-COLA CLASSIC CA",24820,49000
8,4900000634,75,12,.04013889,22.84,"COCA-COLA CLASSIC CA",23550,49000
8,4900000634,76,9,.04013889,22.84,"COCA-COLA CLASSIC CA",24104,49000
8,4900000634,77,841,.01652778,87.39,"COCA-COLA CLASSIC CA",27621,49000
8,4900000634,78,5,.04013889,22.84,"COCA-COLA CLASSIC CA",21749,49000
8,4900000634,79,95,.02763889,12.06,"COCA-COLA CLASSIC CA",27863,49000
8,4900000634,80,5,.04013889,22.84,"COCA-COLA CLASSIC CA",26059,49000
8,4900000634,81,12,.04013889,22.84,"COCA-COLA CLASSIC CA",28069,49000
8,4900000634,82,289,.02,54.86,"COCA-COLA CLASSIC CA",23118,49000
8,4900000634,83,9,.04013889,22.84,"COCA-COLA CLASSIC CA",22494,49000
8,4900000634,84,19,.04013889,22.84,"COCA-COLA CLASSIC CA",22504,49000
8,4900000634,85,533,.02076389,49.66,"COCA-COLA CLASSIC CA",22311,49000
8,4900000634,86,15,.04013889,22.84,"COCA-COLA CLASSIC CA",22346,49000
8,4900000634,87,89,.02770833,12.06,"COCA-COLA CLASSIC CA",24441,49000
8,4900000634,88,17,.04013889,22.84,"COCA-COLA CLASSIC CA",23169,49000
8,4900000634,89,194,.04013889,22.84,"COCA-COLA CLASSIC CA",25974,49000
8,4900000634,90,445,.02069444,49.66,"COCA-COLA CLASSIC CA",25675,49000
8,4900000634,91,18,.04013889,22.84,"COCA-COLA CLASSIC CA",23752,49000
8,4900000634,92,13,.04013889,22.84,"COCA-COLA CLASSIC CA",23585,49000
8,4900000634,93,182,.02208333,40.25,"COCA-COLA CLASSIC CA",24229,49000
8,4900000634,94,14,.04013889,22.84,"COCA-COLA CLASSIC CA",26552,49000
8,4900000634,95,18,.04013889,22.84,"COCA-COLA CLASSIC CA",24491,49000
8,4900000634,96,25,.04013889,22.84,"COCA-COLA CLASSIC CA",25043,49000
8,4900000634,97,1163,.04013889,22.84,"COCA-COLA CLASSIC CA",24403,49000
8,4900000634,98,31,.04013889,22.84,"COCA-COLA CLASSIC CA",26270,49000
8,4900000634,99,558,.02208333,40.25,"COCA-COLA CLASSIC CA",22894,49000
8,4900000634,100,100,.03041667,1.83,"COCA-COLA CLASSIC CA",24807,49000
8,4900000634,101,24,.03041667,1.83,"COCA-COLA CLASSIC CA",24443,49000
8,4900000634,102,235,.02208333,40.25,"COCA-COLA CLASSIC CA",25946,49000
8,4900000634,103,25,.03041667,1.83,"COCA-COLA CLASSIC CA",25193,49000
8,4900000634,104,6,.03041667,1.83,"COCA-COLA CLASSIC CA",25003,49000
8,4900000639,1,220,.02351096,15.09,"COCA-COLA CLASSIC",23004,49000
8,4900000639,2,415,.01759625,13.45,"COCA-COLA CLASSIC",26124,49000
8,4900000639,3,149,.02351096,15.09,"COCA-COLA CLASSIC",24334,49000
8,4900000639,4,348,.01759625,13.45,"COCA-COLA CLASSIC",25428,49000
8,4900000639,5,146,.02351096,15.09,"COCA-COLA CLASSIC",25030,49000
8,4900000639,6,302,.01759625,13.45,"COCA-COLA CLASSIC",23453,49000
8,4900000639,7,170,.02351096,15.09,"COCA-COLA CLASSIC",25223,49000
8,4900000639,8,136,.02351096,15.09,"COCA-COLA CLASSIC",24980,49000
8,4900000639,9,93,.02351096,15.09,"COCA-COLA CLASSIC",23493,49000
8,4900000639,10,181,.02351096,15.09,"COCA-COLA CLASSIC",30717,49000
8,4900000639,11,828,.01316022,51.69,"COCA-COLA CLASSIC",18508,49000
8,4900000639,12,163,.02498963,20.12,"COCA-COLA CLASSIC",25070,49000
8,4900000639,13,138,.01907493,4.65,"COCA-COLA CLASSIC",24284,49000
8,4900000639,14,947,.01316022,51.69,"COCA-COLA CLASSIC",30583,49000
8,4900000639,15,130,.01907493,4.65,"COCA-COLA CLASSIC",26451,49000
8,4900000639,16,665,.01316022,51.69,"COCA-COLA CLASSIC",23890,49000
8,4900000639,17,154,.01907493,4.65,"COCA-COLA CLASSIC",22022,49000
8,4900000639,18,268,.01759625,13.45,"COCA-COLA CLASSIC",20042,49000
8,4900000639,19,199,.01907493,4.65,"COCA-COLA CLASSIC",23801,49000
8,4900000639,20,224,.01907493,4.65,"COCA-COLA CLASSIC",26005,49000
8,4900000639,21,157,.01907493,4.65,"COCA-COLA CLASSIC",25247,49000
8,4900000639,22,188,.01907493,4.65,"COCA-COLA CLASSIC",24634,49000
8,4900000639,23,291,.01759625,13.45,"COCA-COLA CLASSIC",24847,49000
8,4900000639,24,121,.01907493,4.65,"COCA-COLA CLASSIC",22891,49000
8,4900000639,25,315,.01759625,13.45,"COCA-COLA CLASSIC",23942,49000
8,4900000639,26,92,.01907493,4.65,"COCA-COLA CLASSIC",23924,49000
8,4900000639,27,783,.0146389,36.36,"COCA-COLA CLASSIC",25636,49000
8,4900000639,28,168,.01907493,4.65,"COCA-COLA CLASSIC",24204,49000
8,4900000639,29,174,.01907493,4.65,"COCA-COLA CLASSIC",24279,49000
8,4900000639,30,146,.01907493,4.65,"COCA-COLA CLASSIC",28631,49000
8,4900000639,31,204,.01907493,4.65,"COCA-COLA CLASSIC",26756,49000
8,4900000639,32,62,.01907493,4.65,"COCA-COLA CLASSIC",23265,49000
8,4900000639,33,1644,.01316022,51.69,"COCA-COLA CLASSIC",24674,49000
8,4900000639,34,154,.01907493,4.65,"COCA-COLA CLASSIC",25237,49000
8,4900000639,35,132,.01907493,4.65,"COCA-COLA CLASSIC",27125,49000
8,4900000639,36,198,.01907493,4.65,"COCA-COLA CLASSIC",25349,49000
8,4900000639,37,131,.0205536,2.88,"COCA-COLA CLASSIC",25679,49000
8,4900000639,38,229,.01907493,4.65,"COCA-COLA CLASSIC",25707,49000
8,4900000639,39,109,.0205536,2.88,"COCA-COLA CLASSIC",24814,49000
8,4900000639,40,254,.01907493,4.65,"COCA-COLA CLASSIC",25547,49000
8,4900000639,41,141,.0205536,2.88,"COCA-COLA CLASSIC",24945,49000
8,4900000639,42,128,.0205536,2.88,"COCA-COLA CLASSIC",30431,49000
8,4900000639,43,95,.01907493,4.65,"COCA-COLA CLASSIC",25487,49000
8,4900000639,44,106,.0205536,2.88,"COCA-COLA CLASSIC",24298,49000
8,4900000639,45,117,.01907493,4.65,"COCA-COLA CLASSIC",25424,49000
8,4900000639,46,83,.0205536,2.88,"COCA-COLA CLASSIC",24721,49000
8,4900000639,47,828,.0146389,36.36,"COCA-COLA CLASSIC",24477,49000
8,4900000639,48,127,.0205536,2.88,"COCA-COLA CLASSIC",23931,49000
8,4900000639,49,116,.0205536,2.88,"COCA-COLA CLASSIC",24749,49000
8,4900000639,50,245,.01907493,4.65,"COCA-COLA CLASSIC",25735,49000
8,4900000639,51,116,.0205536,2.88,"COCA-COLA CLASSIC",27370,49000
8,4900000639,52,105,.0205536,2.88,"COCA-COLA CLASSIC",23499,49000
8,4900000639,53,94,.0205536,2.88,"COCA-COLA CLASSIC",23841,49000
8,4900000639,54,153,.0205536,2.88,"COCA-COLA CLASSIC",25525,49000
8,4900000639,55,239,.01759625,13.45,"COCA-COLA CLASSIC",27306,49000
8,4900000639,56,158,.01907493,4.65,"COCA-COLA CLASSIC",24639,49000
8,4900000639,57,136,.0205536,2.88,"COCA-COLA CLASSIC",24705,49000
8,4900000639,58,88,.0205536,2.88,"COCA-COLA CLASSIC",24653,49000
8,4900000639,59,541,.0146389,36.36,"COCA-COLA CLASSIC",25727,49000
8,4900000639,60,102,.0205536,2.88,"COCA-COLA CLASSIC",23582,49000
8,4900000639,61,98,.0205536,2.88,"COCA-COLA CLASSIC",22770,49000
8,4900000639,62,150,.0205536,2.88,"COCA-COLA CLASSIC",33355,49000
8,4900000639,63,59,.0205536,2.88,"COCA-COLA CLASSIC",21578,49000
8,4900000639,64,97,.0205536,2.88,"COCA-COLA CLASSIC",28344,49000
8,4900000639,65,82,.0205536,2.88,"COCA-COLA CLASSIC",21797,49000
8,4900000639,66,132,.01907493,4.65,"COCA-COLA CLASSIC",27189,49000
8,4900000639,67,192,.0205536,2.88,"COCA-COLA CLASSIC",26420,49000
8,4900000639,68,157,.0205536,2.88,"COCA-COLA CLASSIC",19982,49000
8,4900000639,69,112,.0205536,2.88,"COCA-COLA CLASSIC",27215,49000
8,4900000639,70,217,.01907493,10.85,"COCA-COLA CLASSIC",23363,49000
8,4900000639,71,121,.0205536,2.88,"COCA-COLA CLASSIC",24426,49000
8,4900000639,72,82,.0205536,2.88,"COCA-COLA CLASSIC",23518,49000
8,4900000639,73,154,.01907493,10.85,"COCA-COLA CLASSIC",28750,49000
8,4900000639,74,189,.01759625,20.17,"COCA-COLA CLASSIC",24820,49000
8,4900000639,75,117,.0205536,2.88,"COCA-COLA CLASSIC",23550,49000
8,4900000639,76,2676,.01316022,60.67,"COCA-COLA CLASSIC",24104,49000
8,4900000639,77,129,.0205536,2.88,"COCA-COLA CLASSIC",27621,49000
8,4900000639,78,110,.0205536,2.88,"COCA-COLA CLASSIC",21749,49000
8,4900000639,79,288,.01759625,20.17,"COCA-COLA CLASSIC",27863,49000
8,4900000639,80,117,.0205536,2.88,"COCA-COLA CLASSIC",26059,49000
8,4900000639,81,93,.0205536,2.88,"COCA-COLA CLASSIC",28069,49000
8,4900000639,82,94,.0205536,2.88,"COCA-COLA CLASSIC",23118,49000
8,4900000639,83,79,.0205536,2.88,"COCA-COLA CLASSIC",22494,49000
8,4900000639,84,650,.0146389,44.44,"COCA-COLA CLASSIC",22504,49000
8,4900000639,85,98,.0205536,2.88,"COCA-COLA CLASSIC",22311,49000
8,4900000639,86,87,.0205536,2.88,"COCA-COLA CLASSIC",22346,49000
8,4900000639,87,122,.0205536,2.88,"COCA-COLA CLASSIC",24441,49000
8,4900000639,88,422,.0146389,44.44,"COCA-COLA CLASSIC",23169,49000
8,4900000639,89,103,.0205536,2.88,"COCA-COLA CLASSIC",25974,49000
8,4900000639,90,65,.0205536,2.88,"COCA-COLA CLASSIC",25675,49000
8,4900000639,91,820,.0146389,44.44,"COCA-COLA CLASSIC",23752,49000
8,4900000639,92,97,.0205536,2.88,"COCA-COLA CLASSIC",23585,49000
8,4900000639,93,87,.0205536,2.88,"COCA-COLA CLASSIC",24229,49000
8,4900000639,94,83,.0205536,2.88,"COCA-COLA CLASSIC",26552,49000
8,4900000639,95,141,.01907493,10.85,"COCA-COLA CLASSIC",24491,49000
8,4900000639,96,93,.0205536,2.88,"COCA-COLA CLASSIC",25043,49000
8,4900000639,97,123,.0205536,2.88,"COCA-COLA CLASSIC",24403,49000
8,4900000639,98,108,.01907493,10.85,"COCA-COLA CLASSIC",26270,49000
8,4900000639,99,93,.0205536,2.88,"COCA-COLA CLASSIC",22894,49000
8,4900000639,100,74,.0205536,2.88,"COCA-COLA CLASSIC",24807,49000
8,4900000639,101,932,.0146389,44.44,"COCA-COLA CLASSIC",24443,49000
8,4900000639,102,96,.0205536,2.88,"COCA-COLA CLASSIC",25946,49000
8,4900000639,103,81,.0205536,2.88,"COCA-COLA CLASSIC",25193,49000
8,4900000639,104,75,.0205536,2.88,"COCA-COLA CLASSIC",25003,49000
