input/WSDR.csv
store,upc,week,move,price,profit,descrip,custcoun,Brand
8,4900000658,1,10,.03875,22.94,"COKE DIET CANS",23004,49000
8,4900000658,2,6,.03875,22.94,"COKE DIET CANS",26124,49000
8,4900000658,3,31,.02763889,8.04,"COKE DIET CANS",24334,49000
8,4900000658,4,21,.03875,22.94,"COKE DIET CANS",25428,49000
8,4900000658,5,10,.03875,22.94,"COKE DIET CANS",25030,49000
8,4900000658,6,19,.03875,22.94,"COKE DIET CANS",23453,49000
8,4900000658,7,13,.03875,22.94,"COKE DIET CANS",25223,49000
8,4900000658,8,13,.03875,22.94,"COKE DIET CANS",24980,49000
8,4900000658,9,12,.03875,22.94,"COKE DIET CANS",23493,49000
8,4900000658,10,16,.03875,22.94,"COKE DIET CANS",30717,49000
8,4900000658,11,10,.03875,22.94,"COKE DIET CANS",18508,49000
8,4900000658,12,34,.02486111,20.11,"COKE DIET CANS",25070,49000
8,4900000658,13,8,.03875,22.94,"COKE DIET CANS",24284,49000
8,4900000658,14,14,.03875,22.94,"COKE DIET CANS",30583,49000
8,4900000658,15,10,.03875,22.94,"COKE DIET CANS",26451,49000
8,4900000658,16,23,.03875,22.94,"COKE DIET CANS",23890,49000
8,4900000658,17,70,.03875,22.94,"COKE DIET CANS",22022,49000
8,4900000658,18,16,.03875,22.94,"COKE DIET CANS",20042,49000
8,4900000658,19,23,.03875,22.94,"COKE DIET CANS",23801,49000
8,4900000658,20,18,.03875,22.94,"COKE DIET CANS",26005,49000
8,4900000658,21,19,.03875,22.94,"COKE DIET CANS",25247,49000
8,4900000658,22,111,.02770833,8.04,"COKE DIET CANS",24634,49000
8,4900000658,23,24,.03875,22.94,"COKE DIET CANS",24847,49000
8,4900000658,24,19,.03875,22.94,"COKE DIET CANS",22891,49000
8,4900000658,25,13,.03875,22.94,"COKE DIET CANS",23942,49000
8,4900000658,26,7,.03875,22.94,"COKE DIET CANS",23924,49000
8,4900000658,27,9,.03875,22.94,"COKE DIET CANS",25636,49000
8,4900000658,28,8,.03875,22.94,"COKE DIET CANS",24204,49000
8,4900000658,29,31,.02763889,8.04,"COKE DIET CANS",24279,49000
8,4900000658,30,20,.03875,22.94,"COKE DIET CANS",28631,49000
8,4900000658,31,20,.03875,22.94,"COKE DIET CANS",26756,49000
8,4900000658,32,7,.03875,22.94,"COKE DIET CANS",23265,49000
8,4900000658,33,8,.03875,22.94,"COKE DIET CANS",24674,49000
8,4900000658,34,9,.03875,22.94,"COKE DIET CANS",25237,49000
8,4900000658,35,453,.01732639,73.39,"COKE DIET CANS",27125,49000
8,4900000658,36,17,.03875,22.94,"COKE DIET CANS",25349,49000
8,4900000658,37,6,.03875,22.94,"COKE DIET CANS",25679,49000
8,4900000658,38,6,.03875,22.94,"COKE DIET CANS",25707,49000
8,4900000658,39,18,.03875,22.94,"COKE DIET CANS",24814,49000
8,4900000658,40,16,.03875,22.94,"COKE DIET CANS",25547,49000
8,4900000658,41,63,.02763889,8.04,"COKE DIET CANS",24945,49000
8,4900000658,42,17,.03875,22.94,"COKE DIET CANS",30431,49000
8,4900000658,43,17,.03875,22.94,"COKE DIET CANS",25487,49000
8,4900000658,44,11,.03875,22.94,"COKE DIET CANS",24298,49000
8,4900000658,45,346,.03875,22.94,"COKE DIET CANS",25424,49000
8,4900000658,46,12,.03875,22.94,"COKE DIET CANS",24721,49000
8,4900000658,47,41,.02763889,8.04,"COKE DIET CANS",24477,49000
8,4900000658,48,16,.03875,22.94,"COKE DIET CANS",23931,49000
8,4900000658,49,771,.03875,22.94,"COKE DIET CANS",24749,49000
8,4900000658,50,19,.03875,22.94,"COKE DIET CANS",25735,49000
8,4900000658,51,20,.03875,22.94,"COKE DIET CANS",27370,49000
8,4900000658,52,16,.03875,22.94,"COKE DIET CANS",23499,49000
8,4900000658,53,23,.03041667,1.83,"COKE DIET CANS",23841,49000
8,4900000658,54,11,.03875,22.94,"COKE DIET CANS",25525,49000
8,4900000658,55,8,.03875,22.94,"COKE DIET CANS",27306,49000
8,4900000658,56,11,.03875,22.94,"COKE DIET CANS",24639,49000
8,4900000658,57,20,.03875,22.94,"COKE DIET CANS",24705,49000
8,4900000658,58,413,.01930556,54.68,"COKE DIET CANS",24653,49000
8,4900000658,59,9,.03875,22.94,"COKE DIET CANS",25727,49000
8,4900000658,60,10,.03875,22.94,"COKE DIET CANS",23582,49000
8,4900000658,61,433,.03875,22.94,"COKE DIET CANS",22770,49000
8,4900000658,62,13,.03875,22.94,"COKE DIET CANS",33355,49000
8,4900000658,63,244,.01930556,54.68,"COKE DIET CANS",21578,49000
8,4900000658,64,9,.03875,22.94,"COKE DIET CANS",28344,49000
8,4900000658,65,241,.01930556,54.68,"COKE DIET CANS",21797,49000
8,4900000658,66,18,.03875,22.94,"COKE DIET CANS",27189,49000
8,4900000658,67,8,.03875,22.94,"COKE DIET CANS",26420,49000
8,4900000658,68,6,.03875,22.94,"COKE DIET CANS",19982,49000
8,4900000658,69,94,.02770833,8.04,"COKE DIET CANS",27215,49000
8,4900000658,70,17,.04013889,22.84,"COKE DIET CANS",23363,49000
8,4900000658,71,1026,.01791667,72.87,"COKE DIET CANS",24426,49000
8,4900000658,72,8,.04013889,22.84,"COKE DIET CANS",23518,49000
8,4900000658,73,15,.04013889,22.84,"COKE DIET CANS",28750,49000
8,4900000658,74,13,.04013889,22.84,"COKE DIET CANS",24820,49000
8,4900000658,75,9,.04013889,22.84,"COKE DIET CANS",23550,49000
8,4900000658,76,10,.04013889,22.84,"COKE DIET CANS",24104,49000
8,4900000658,77,492,.01652778,87.39,"COKE DIET CANS",27621,49000
8,4900000658,78,2,.04013889,22.84,"COKE DIET CANS",21749,49000
8,4900000658,79,62,.02763889,12.06,"COKE DIET CANS",27863,49000
8,4900000658,80,9,.04013889,22.84,"COKE DIET CANS",26059,49000
8,4900000658,81,13,.04013889,22.84,"COKE DIET CANS",28069,49000
8,4900000658,82,281,.02,54.86,"COKE DIET CANS",23118,49000
8,4900000658,83,12,.04013889,22.84,"COKE DIET CANS",22494,49000
8,4900000658,84,9,.04013889,22.84,"COKE DIET CANS",22504,49000
8,4900000658,85,405,.02076389,49.66,"COKE DIET CANS",22311,49000
8,4900000658,86,10,.04013889,22.84,"COKE DIET CANS",22346,49000
8,4900000658,87,74,.02770833,12.06,"COKE DIET CANS",24441,49000
8,4900000658,88,19,.04013889,22.84,"COKE DIET CANS",23169,49000
8,4900000658,89,142,.04013889,22.84,"COKE DIET CANS",25974,49000
8,4900000658,90,378,.02069444,49.66,"COKE DIET CANS",25675,49000
8,4900000658,91,14,.04013889,22.84,"COKE DIET CANS",23752,49000
8,4900000658,92,8,.04013889,22.84,"COKE DIET CANS",23585,49000
8,4900000658,93,150,.02208333,40.25,"COKE DIET CANS",24229,49000
8,4900000658,94,9,.04013889,22.84,"COKE DIET CANS",26552,49000
8,4900000658,95,13,.04013889,22.84,"COKE DIET CANS",24491,49000
8,4900000658,96,14,.04013889,22.84,"COKE DIET CANS",25043,49000
8,4900000658,97,1115,.04013889,22.84,"COKE DIET CANS",24403,49000
8,4900000658,98,25,.04013889,22.84,"COKE DIET CANS",26270,49000
8,4900000658,99,547,.02208333,40.25,"COKE DIET CANS",22894,49000
8,4900000658,100,66,.03041667,1.83,"COKE DIET CANS",24807,49000
8,4900000658,101,17,.03041667,1.83,"COKE DIET CANS",24443,49000
8,4900000658,102,161,.02208333,40.25,"COKE DIET CANS",25946,49000
8,4900000658,103,12,.03041667,1.83,"COKE DIET CANS",25193,49000
8,4900000658,104,9,.03041667,1.83,"COKE DIET CANS",25003,49000
8,5490000060,1,58,.01759625,13.45,"DR PEPPER",23004,54900
8,5490000060,2,14,.02498963,20.12,"DR PEPPER",26124,54900
8,5490000060,3,16,.02498963,20.12,"DR PEPPER",24334,54900
8,5490000060,4,62,.01759625,13.45,"DR PEPPER",25428,54900
8,5490000060,5,11,.02498963,20.12,"DR PEPPER",25030,54900
8,5490000060,6,35,.01759625,13.45,"DR PEPPER",23453,54900
8,5490000060,7,12,.02498963,20.12,"DR PEPPER",25223,54900
8,5490000060,8,17,.02498963,20.12,"DR PEPPER",24980,54900
8,5490000060,9,27,.01611757,21.1,"DR PEPPER",23493,54900
8,5490000060,10,42,.01611757,21.1,"DR PEPPER",30717,54900
8,5490000060,11,102,.01316022,3.37,"DR PEPPER",18508,54900
8,5490000060,12,36,.02498963,49.11,"DR PEPPER",25070,54900
8,5490000060,13,51,.01759625,27.73,"DR PEPPER",24284,54900
8,5490000060,14,19,.02498963,49.11,"DR PEPPER",30583,54900
8,5490000060,15,12,.02498963,49.11,"DR PEPPER",26451,54900
8,5490000060,16,207,.01168154,8.86,"DR PEPPER",23890,54900
8,5490000060,17,14,.02498963,49.11,"DR PEPPER",22022,54900
8,5490000060,18,53,.01759625,13.45,"DR PEPPER",20042,54900
8,5490000060,19,16,.02498963,20.12,"DR PEPPER",23801,54900
8,5490000060,20,44,.01907493,4.65,"DR PEPPER",26005,54900
8,5490000060,21,43,.01907493,4.65,"DR PEPPER",25247,54900
8,5490000060,22,27,.02498963,20.12,"DR PEPPER",24634,54900
8,5490000060,23,43,.01759625,13.45,"DR PEPPER",24847,54900
8,5490000060,24,26,.02498963,20.12,"DR PEPPER",22891,54900
8,5490000060,25,25,.02498963,20.12,"DR PEPPER",23942,54900
8,5490000060,26,21,.02498963,20.12,"DR PEPPER",23924,54900
8,5490000060,27,88,.0146389,36.36,"DR PEPPER",25636,54900
8,5490000060,28,23,.02498963,20.12,"DR PEPPER",24204,54900
8,5490000060,29,27,.02498963,20.12,"DR PEPPER",24279,54900
8,5490000060,30,63,.01759625,13.45,"DR PEPPER",28631,54900
8,5490000060,31,28,.02498963,20.12,"DR PEPPER",26756,54900
8,5490000060,32,9,.02498963,20.12,"DR PEPPER",23265,54900
8,5490000060,33,148,.01316022,51.69,"DR PEPPER",24674,54900
8,5490000060,34,29,.02498963,20.12,"DR PEPPER",25237,54900
8,5490000060,35,25,.02498963,20.12,"DR PEPPER",27125,54900
8,5490000060,36,139,.01907493,4.65,"DR PEPPER",25349,54900
8,5490000060,37,26,.02498963,20.12,"DR PEPPER",25679,54900
8,5490000060,38,25,.02498963,20.12,"DR PEPPER",25707,54900
8,5490000060,39,167,.01316022,51.69,"DR PEPPER",24814,54900
8,5490000060,40,16,.02498963,20.12,"DR PEPPER",25547,54900
8,5490000060,41,10,.02498963,20.12,"DR PEPPER",24945,54900
8,5490000060,42,16,.02498963,20.12,"DR PEPPER",30431,54900
8,5490000060,43,23,.01907493,4.65,"DR PEPPER",25487,54900
8,5490000060,44,7,.02498963,20.12,"DR PEPPER",24298,54900
8,5490000060,45,74,.01611757,23.85,"DR PEPPER",25424,54900
8,5490000060,46,16,.02498963,20.12,"DR PEPPER",24721,54900
8,5490000060,47,123,.0146389,36.36,"DR PEPPER",24477,54900
8,5490000060,48,18,.02498963,20.12,"DR PEPPER",23931,54900
8,5490000060,49,16,.02498963,20.12,"DR PEPPER",24749,54900
8,5490000060,50,18,.02498963,20.12,"DR PEPPER",25735,54900
8,5490000060,51,48,.01907493,4.65,"DR PEPPER",27370,54900
8,5490000060,52,32,.01907493,4.65,"DR PEPPER",23499,54900
8,5490000060,53,8,.02498963,20.12,"DR PEPPER",23841,54900
8,5490000060,54,29,.01907493,4.65,"DR PEPPER",25525,54900
8,5490000060,55,13,.02498963,20.12,"DR PEPPER",27306,54900
8,5490000060,56,36,.01907493,4.65,"DR PEPPER",24639,54900
8,5490000060,57,19,.02498963,20.12,"DR PEPPER",24705,54900
8,5490000060,58,11,.02498963,20.12,"DR PEPPER",24653,54900
8,5490000060,59,142,.0146389,36.36,"DR PEPPER",25727,54900
8,5490000060,60,9,.02498963,20.12,"DR PEPPER",23582,54900
8,5490000060,61,21,.02498963,20.12,"DR PEPPER",22770,54900
8,5490000060,62,8,.02498963,20.12,"DR PEPPER",33355,54900
8,5490000060,63,7,.02498963,20.12,"DR PEPPER",21578,54900
8,5490000060,64,12,.02498963,20.12,"DR PEPPER",28344,54900
8,5490000060,65,8,.02498963,20.12,"DR PEPPER",21797,54900
8,5490000060,66,12,.02498963,20.12,"DR PEPPER",27189,54900
8,5490000060,67,45,.01907493,4.65,"DR PEPPER",26420,54900
8,5490000060,68,378,.01020287,95.65,"DR PEPPER",19982,54900
8,5490000060,69,11,.02498963,20.12,"DR PEPPER",27215,54900
8,5490000060,70,49,.01907493,10.85,"DR PEPPER",23363,54900
8,5490000060,71,17,.02498963,15.38,"DR PEPPER",24426,54900
8,5490000060,72,14,.02498963,15.38,"DR PEPPER",23518,54900
8,5490000060,73,27,.01907493,10.85,"DR PEPPER",28750,54900
8,5490000060,74,10,.02498963,15.38,"DR PEPPER",24820,54900
8,5490000060,75,70,.01759625,20.17,"DR PEPPER",23550,54900
8,5490000060,76,17,.02498963,15.38,"DR PEPPER",24104,54900
8,5490000060,77,7,.02498963,15.38,"DR PEPPER",27621,54900
8,5490000060,78,16,.02498963,15.38,"DR PEPPER",21749,54900
8,5490000060,79,39,.01759625,20.17,"DR PEPPER",27863,54900
8,5490000060,80,12,.02498963,15.38,"DR PEPPER",26059,54900
8,5490000060,81,35,.01907493,10.85,"DR PEPPER",28069,54900
8,5490000060,82,8,.02498963,15.38,"DR PEPPER",23118,54900
8,5490000060,83,22,.01907493,10.85,"DR PEPPER",22494,54900
8,5490000060,84,8,.02498963,15.38,"DR PEPPER",22504,54900
8,5490000060,85,2,.02498963,15.38,"DR PEPPER",22311,54900
8,5490000060,86,24,.01907493,10.85,"DR PEPPER",22346,54900
8,5490000060,87,8,.02498963,15.38,"DR PEPPER",24441,54900
8,5490000060,88,7,.02498963,15.38,"DR PEPPER",23169,54900
8,5490000060,89,29,.0205536,2.88,"DR PEPPER",25974,54900
8,5490000060,90,8,.02498963,15.38,"DR PEPPER",25675,54900
8,5490000060,91,144,.0146389,44.44,"DR PEPPER",23752,54900
8,5490000060,92,16,.01907493,10.85,"DR PEPPER",23585,54900
8,5490000060,93,10,.02498963,15.38,"DR PEPPER",24229,54900
8,5490000060,94,20,.01907493,10.85,"DR PEPPER",26552,54900
8,5490000060,95,27,.01907493,10.85,"DR PEPPER",24491,54900
8,5490000060,96,13,.02498963,15.38,"DR PEPPER",25043,54900
8,5490000060,97,13,.02498963,15.38,"DR PEPPER",24403,54900
8,5490000060,98,29,.01907493,10.85,"DR PEPPER",26270,54900
8,5490000060,99,12,.0205536,2.88,"DR PEPPER",22894,54900
8,5490000060,100,21,.0205536,2.88,"DR PEPPER",24807,54900
8,5490000060,101,90,.0146389,44.44,"DR PEPPER",24443,54900
8,5490000060,102,9,.0205536,2.88,"DR PEPPER",25946,54900
8,5490000060,103,32,.01907493,10.85,"DR PEPPER",25193,54900
8,5490000060,104,10,.0205536,2.88,"DR PEPPER",25003,54900
