input/WSDR.csv
store,upc,week,move,price,profit,descrip,custcoun,Brand
14,1200000230,1,51,.02646831,24.58,"PEPSI COLA N/R",15162,12000
14,1200000230,2,33,.02646831,24.58,"PEPSI COLA N/R",15877,12000
14,1200000230,3,41,.02646831,24.58,"PEPSI COLA N/R",16458.14,12000
14,1200000230,4,209,.01759625,13.45,"PEPSI COLA N/R",15226,12000
14,1200000230,5,44,.02646831,24.58,"PEPSI COLA N/R",15352,12000
14,1200000230,6,227,.01759625,13.45,"PEPSI COLA N/R",15075,12000
14,1200000230,7,50,.02646831,24.58,"PEPSI COLA N/R",15266,12000
14,1200000230,8,46,.02646831,24.58,"PEPSI COLA N/R",15226,12000
14,1200000230,9,549,.0146389,36.36,"PEPSI COLA N/R",14333,12000
14,1200000230,10,66,.02646831,24.58,"PEPSI COLA N/R",17203,12000
14,1200000230,11,427,.01316022,51.69,"PEPSI COLA N/R",13378,12000
14,1200000230,12,69,.02646831,24.58,"PEPSI COLA N/R",14385,12000
14,1200000230,13,159,.01759625,13.45,"PEPSI COLA N/R",14945,12000
14,1200000230,14,48,.02646831,24.58,"PEPSI COLA N/R",15824,12000
14,1200000230,15,636,.01316022,51.69,"PEPSI COLA N/R",14295,12000
14,1200000230,16,383,.01316022,51.69,"PEPSI COLA N/R",14120,12000
14,1200000230,17,66,.02646831,24.58,"PEPSI COLA N/R",13907,12000
14,1200000230,18,107,.01759625,13.45,"PEPSI COLA N/R",14292,12000
14,1200000230,19,67,.02646831,24.58,"PEPSI COLA N/R",14498,12000
14,1200000230,20,54,.02646831,24.58,"PEPSI COLA N/R",14694,12000
14,1200000230,21,100,.01907493,4.65,"PEPSI COLA N/R",14580,12000
14,1200000230,22,60,.02646831,24.58,"PEPSI COLA N/R",14530,12000
14,1200000230,23,162,.01759625,13.45,"PEPSI COLA N/R",13895,12000
14,1200000230,24,49,.02646831,24.58,"PEPSI COLA N/R",13629,12000
14,1200000230,25,348,.01759625,13.45,"PEPSI COLA N/R",13936,12000
14,1200000230,26,55,.02646831,24.58,"PEPSI COLA N/R",14579,12000
14,1200000230,27,593,.0146389,36.36,"PEPSI COLA N/R",14950,12000
14,1200000230,28,36,.02646831,24.58,"PEPSI COLA N/R",14661,12000
14,1200000230,29,60,.02646831,24.58,"PEPSI COLA N/R",13965,12000
14,1200000230,30,284,.01759625,13.45,"PEPSI COLA N/R",15829,12000
14,1200000230,31,71,.02646831,24.58,"PEPSI COLA N/R",15344,12000
14,1200000230,32,44,.02646831,24.58,"PEPSI COLA N/R",15223,12000
14,1200000230,33,993,.01316022,51.69,"PEPSI COLA N/R",15811,12000
14,1200000230,34,42,.02646831,24.58,"PEPSI COLA N/R",15637,12000
14,1200000230,35,43,.02646831,24.58,"PEPSI COLA N/R",17164,12000
14,1200000230,36,89,.01907493,4.65,"PEPSI COLA N/R",16037,12000
14,1200000230,37,50,.02646831,24.58,"PEPSI COLA N/R",16345,12000
14,1200000230,38,43,.02646831,24.58,"PEPSI COLA N/R",16319,12000
14,1200000230,39,1640,.01316022,51.69,"PEPSI COLA N/R",16481,12000
14,1200000230,40,38,.02646831,24.58,"PEPSI COLA N/R",16320,12000
14,1200000230,41,112,.01907493,4.65,"PEPSI COLA N/R",15643,12000
14,1200000230,42,36,.02646831,24.58,"PEPSI COLA N/R",17091,12000
14,1200000230,43,70,.01907493,4.65,"PEPSI COLA N/R",15470,12000
14,1200000230,44,38,.02646831,24.58,"PEPSI COLA N/R",14888,12000
14,1200000230,45,85,.01907493,4.65,"PEPSI COLA N/R",15211,12000
14,1200000230,46,26,.02646831,24.58,"PEPSI COLA N/R",15396,12000
14,1200000230,47,376,.0146389,36.36,"PEPSI COLA N/R",14942,12000
14,1200000230,48,31,.02646831,24.58,"PEPSI COLA N/R",14713,12000
14,1200000230,49,30,.02646831,24.58,"PEPSI COLA N/R",15157,12000
14,1200000230,50,126,.01907493,4.65,"PEPSI COLA N/R",15370,12000
14,1200000230,51,35,.02646831,24.58,"PEPSI COLA N/R",15084,12000
14,1200000230,52,210,.01907493,4.65,"PEPSI COLA N/R",14781,12000
14,1200000230,53,22,.02646831,24.58,"PEPSI COLA N/R",14873,12000
14,1200000230,54,51,.02646831,24.58,"PEPSI COLA N/R",14925,12000
14,1200000230,55,26,.02646831,24.58,"PEPSI COLA N/R",15293,12000
14,1200000230,56,90,.01907493,4.65,"PEPSI COLA N/R",14121,12000
14,1200000230,57,48,.02646831,24.58,"PEPSI COLA N/R",12252,12000
14,1200000230,58,34,.02646831,24.58,"PEPSI COLA N/R",14599,12000
14,1200000230,59,320,.0146389,36.36,"PEPSI COLA N/R",15868,12000
14,1200000230,60,26,.02646831,24.58,"PEPSI COLA N/R",13945,12000
14,1200000230,61,28,.02646831,24.58,"PEPSI COLA N/R",13765,12000
14,1200000230,62,75,.02646831,24.58,"PEPSI COLA N/R",17896,12000
14,1200000230,63,43,.02646831,24.58,"PEPSI COLA N/R",12981,12000
14,1200000230,64,22,.02646831,24.58,"PEPSI COLA N/R",15452,12000
14,1200000230,65,118,.01759625,13.45,"PEPSI COLA N/R",14953,12000
14,1200000230,66,104,.01907493,4.65,"PEPSI COLA N/R",15719,12000
14,1200000230,67,62,.02646831,24.58,"PEPSI COLA N/R",14837,12000
14,1200000230,68,45,.02646831,24.58,"PEPSI COLA N/R",13800,12000
14,1200000230,69,34,.02794699,28.57,"PEPSI COLA N/R",14732,12000
14,1200000230,70,129,.01907493,10.85,"PEPSI COLA N/R",13972,12000
14,1200000230,71,35,.02794699,24.34,"PEPSI COLA N/R",11766,12000
14,1200000230,72,33,.02794699,24.34,"PEPSI COLA N/R",15684,12000
14,1200000230,73,93,.01907493,10.85,"PEPSI COLA N/R",15122,12000
14,1200000230,74,23,.02794699,24.34,"PEPSI COLA N/R",13834,12000
14,1200000230,75,82,.01907493,10.85,"PEPSI COLA N/R",13586,12000
14,1200000230,76,37,.02794699,24.34,"PEPSI COLA N/R",13918,12000
14,1200000230,77,23,.02794699,24.34,"PEPSI COLA N/R",14434,12000
14,1200000230,78,29,.02794699,24.34,"PEPSI COLA N/R",13234,12000
14,1200000230,79,218,.01759625,20.17,"PEPSI COLA N/R",15331,12000
14,1200000230,80,11,.02794699,24.34,"PEPSI COLA N/R",14727,12000
14,1200000230,81,23,.02794699,24.34,"PEPSI COLA N/R",13639,12000
14,1200000230,82,20,.02794699,24.34,"PEPSI COLA N/R",13275,12000
14,1200000230,83,35,.02794699,24.34,"PEPSI COLA N/R",14190,12000
14,1200000230,84,496,.0146389,44.44,"PEPSI COLA N/R",14739,12000
14,1200000230,85,24,.02794699,24.34,"PEPSI COLA N/R",14611,12000
14,1200000230,86,32,.02794699,24.34,"PEPSI COLA N/R",15732,12000
14,1200000230,87,10,.02794699,24.34,"PEPSI COLA N/R",15845,12000
14,1200000230,88,460,.0146389,44.44,"PEPSI COLA N/R",8072,12000
14,1200000230,89,24,.02794699,24.34,"PEPSI COLA N/R",35340,12000
14,1200000230,90,25,.02794699,24.34,"PEPSI COLA N/R",15922,12000
14,1200000230,91,574,.0146389,44.44,"PEPSI COLA N/R",15449,12000
14,1200000230,92,34,.02794699,24.34,"PEPSI COLA N/R",14970,12000
14,1200000230,93,30,.02794699,24.34,"PEPSI COLA N/R",15234,12000
14,1200000230,94,28,.02794699,24.34,"PEPSI COLA N/R",16028,12000
14,1200000230,95,55,.01907493,10.85,"PEPSI COLA N/R",15212,12000
14,1200000230,96,44,.02794699,24.34,"PEPSI COLA N/R",15215,12000
14,1200000230,97,31,.02794699,24.34,"PEPSI COLA N/R",15234,12000
14,1200000230,98,60,.01907493,10.85,"PEPSI COLA N/R",15358,12000
14,1200000230,99,65,.02203228,4.03,"PEPSI COLA N/R",15555,12000
14,1200000230,100,26,.02203228,4.03,"PEPSI COLA N/R",15341,12000
14,1200000230,101,456,.0146389,44.44,"PEPSI COLA N/R",15092,12000
14,1200000230,102,1468,.01168154,81.01,"PEPSI COLA N/R",20239,12000
14,1200000230,103,35,.02203228,4.03,"PEPSI COLA N/R",19118,12000
14,1200000230,104,38,.02203228,4.03,"PEPSI COLA N/R",20982,12000
14,1200000394,1,92,.01949219,4.02,"PEPSI COLA N.R. BOTT",15162,12000
14,1200000394,2,18,.02335938,20.07,"PEPSI COLA N.R. BOTT",15877,12000
14,1200000394,3,15,.02335938,20.07,"PEPSI COLA N.R. BOTT",16458.14,12000
14,1200000394,4,29,.02335938,20.07,"PEPSI COLA N.R. BOTT",15226,12000
14,1200000394,5,15,.02335938,20.07,"PEPSI COLA N.R. BOTT",15352,12000
14,1200000394,6,100,.02179688,14.34,"PEPSI COLA N.R. BOTT",15075,12000
14,1200000394,7,16,.02335938,20.07,"PEPSI COLA N.R. BOTT",15266,12000
14,1200000394,8,15,.02335938,20.07,"PEPSI COLA N.R. BOTT",15226,12000
14,1200000394,9,20,.02335938,20.07,"PEPSI COLA N.R. BOTT",14333,12000
14,1200000394,10,19,.02335938,20.07,"PEPSI COLA N.R. BOTT",17203,12000
14,1200000394,11,11,.02335938,20.07,"PEPSI COLA N.R. BOTT",13378,12000
14,1200000394,12,23,.02335938,20.07,"PEPSI COLA N.R. BOTT",14385,12000
14,1200000394,13,28,.02179688,14.34,"PEPSI COLA N.R. BOTT",14945,12000
14,1200000394,14,21,.02179688,14.34,"PEPSI COLA N.R. BOTT",15824,12000
14,1200000394,15,25,.02335938,20.07,"PEPSI COLA N.R. BOTT",14295,12000
14,1200000394,16,27,.02335938,20.07,"PEPSI COLA N.R. BOTT",14120,12000
14,1200000394,17,13,.02335938,20.07,"PEPSI COLA N.R. BOTT",13907,12000
14,1200000394,18,51,.01949219,4.02,"PEPSI COLA N.R. BOTT",14292,12000
14,1200000394,19,29,.02335938,20.07,"PEPSI COLA N.R. BOTT",14498,12000
14,1200000394,20,131,.01867188,0,"PEPSI COLA N.R. BOTT",14694,12000
14,1200000394,21,51,.01867188,0,"PEPSI COLA N.R. BOTT",14580,12000
14,1200000394,22,39,.02335938,20.07,"PEPSI COLA N.R. BOTT",14530,12000
14,1200000394,23,179,.01945313,4.02,"PEPSI COLA N.R. BOTT",13895,12000
14,1200000394,24,17,.02335938,20.07,"PEPSI COLA N.R. BOTT",13629,12000
14,1200000394,25,31,.02335938,20.07,"PEPSI COLA N.R. BOTT",13936,12000
14,1200000394,26,10,.02335938,20.07,"PEPSI COLA N.R. BOTT",14579,12000
14,1200000394,27,29,.02335938,20.07,"PEPSI COLA N.R. BOTT",14950,12000
14,1200000394,28,15,.02335938,20.07,"PEPSI COLA N.R. BOTT",14661,12000
14,1200000394,29,23,.02335938,20.07,"PEPSI COLA N.R. BOTT",13965,12000
14,1200000394,30,36,.02101563,11.15,"PEPSI COLA N.R. BOTT",15829,12000
14,1200000394,31,9,.02335938,20.07,"PEPSI COLA N.R. BOTT",15344,12000
14,1200000394,32,24,.02335938,20.07,"PEPSI COLA N.R. BOTT",15223,12000
14,1200000394,33,51,.02101563,11.15,"PEPSI COLA N.R. BOTT",15811,12000
14,1200000394,34,138,.02101563,11.15,"PEPSI COLA N.R. BOTT",15637,12000
14,1200000394,35,18,.02335938,20.07,"PEPSI COLA N.R. BOTT",17164,12000
14,1200000394,36,26,.02335938,20.07,"PEPSI COLA N.R. BOTT",16037,12000
14,1200000394,37,27,.02335938,20.07,"PEPSI COLA N.R. BOTT",16345,12000
14,1200000394,38,10,.02335938,20.07,"PEPSI COLA N.R. BOTT",16319,12000
14,1200000394,39,52,.02101563,11.15,"PEPSI COLA N.R. BOTT",16481,12000
14,1200000394,40,18,.02335938,20.07,"PEPSI COLA N.R. BOTT",16320,12000
14,1200000394,41,20,.02335938,20.07,"PEPSI COLA N.R. BOTT",15643,12000
14,1200000394,42,21,.02335938,20.07,"PEPSI COLA N.R. BOTT",17091,12000
14,1200000394,43,32,.02101563,11.15,"PEPSI COLA N.R. BOTT",15470,12000
14,1200000394,44,3,.02335938,20.07,"PEPSI COLA N.R. BOTT",14888,12000
14,1200000394,45,13,.02335938,20.07,"PEPSI COLA N.R. BOTT",15211,12000
14,1200000394,46,15,.02335938,20.07,"PEPSI COLA N.R. BOTT",15396,12000
14,1200000394,47,12,.02335938,20.07,"PEPSI COLA N.R. BOTT",14942,12000
14,1200000394,48,9,.02335938,20.07,"PEPSI COLA N.R. BOTT",14713,12000
14,1200000394,49,13,.02335938,20.07,"PEPSI COLA N.R. BOTT",15157,12000
14,1200000394,50,13,.02335938,20.07,"PEPSI COLA N.R. BOTT",15370,12000
14,1200000394,51,18,.02335938,20.07,"PEPSI COLA N.R. BOTT",15084,12000
14,1200000394,52,13,.02335938,20.07,"PEPSI COLA N.R. BOTT",14781,12000
14,1200000394,53,19,.02101563,11.15,"PEPSI COLA N.R. BOTT",14873,12000
14,1200000394,54,11,.02335938,20.07,"PEPSI COLA N.R. BOTT",14925,12000
14,1200000394,55,13,.02335938,20.07,"PEPSI COLA N.R. BOTT",15293,12000
14,1200000394,56,16,.02335938,20.07,"PEPSI COLA N.R. BOTT",14121,12000
14,1200000394,57,23,.02335938,20.07,"PEPSI COLA N.R. BOTT",12252,12000
14,1200000394,58,13,.02179688,14.34,"PEPSI COLA N.R. BOTT",14599,12000
14,1200000394,59,17,.02335938,20.07,"PEPSI COLA N.R. BOTT",15868,12000
14,1200000394,60,10,.02101563,11.15,"PEPSI COLA N.R. BOTT",13945,12000
14,1200000394,61,6,.02335938,20.07,"PEPSI COLA N.R. BOTT",13765,12000
14,1200000394,62,12,.02335938,20.07,"PEPSI COLA N.R. BOTT",17896,12000
14,1200000394,63,10,.02335938,20.07,"PEPSI COLA N.R. BOTT",12981,12000
14,1200000394,64,16,.02101563,11.15,"PEPSI COLA N.R. BOTT",15452,12000
14,1200000394,65,13,.02335938,20.07,"PEPSI COLA N.R. BOTT",14953,12000
14,1200000394,66,18,.02335938,20.07,"PEPSI COLA N.R. BOTT",15719,12000
14,1200000394,67,17,.02335938,20.07,"PEPSI COLA N.R. BOTT",14837,12000
14,1200000394,68,9,.02335938,20.07,"PEPSI COLA N.R. BOTT",13800,12000
14,1200000394,69,12,.03195312,41.56,"PEPSI COLA N.R. BOTT",14732,12000
14,1200000394,70,8,.03195312,31.78,"PEPSI COLA N.R. BOTT",13972,12000
14,1200000394,71,10,.02726563,20.06,"PEPSI COLA N.R. BOTT",11766,12000
14,1200000394,72,6,.03117188,30.08,"PEPSI COLA N.R. BOTT",15684,12000
14,1200000394,73,29,.02726563,20.06,"PEPSI COLA N.R. BOTT",15122,12000
14,1200000394,74,11,.02726563,20.06,"PEPSI COLA N.R. BOTT",13834,12000
14,1200000394,75,18,.03117188,30.08,"PEPSI COLA N.R. BOTT",13586,12000
14,1200000394,76,6,.03117188,30.08,"PEPSI COLA N.R. BOTT",13918,12000
14,1200000394,77,6,.02726563,20.06,"PEPSI COLA N.R. BOTT",14434,12000
14,1200000394,78,11,.02726563,20.06,"PEPSI COLA N.R. BOTT",13234,12000
14,1200000394,79,10,.02726563,20.06,"PEPSI COLA N.R. BOTT",15331,12000
14,1200000394,80,6,.02726563,20.06,"PEPSI COLA N.R. BOTT",14727,12000
14,1200000394,81,8,.02726563,20.06,"PEPSI COLA N.R. BOTT",13639,12000
14,1200000394,82,4,.02726563,20.06,"PEPSI COLA N.R. BOTT",13275,12000
14,1200000394,83,3,.02726563,20.06,"PEPSI COLA N.R. BOTT",14190,12000
14,1200000394,84,22,.02335938,6.69,"PEPSI COLA N.R. BOTT",14739,12000
14,1200000394,85,19,.02335938,6.69,"PEPSI COLA N.R. BOTT",14611,12000
14,1200000394,86,12,.02726563,20.06,"PEPSI COLA N.R. BOTT",15732,12000
14,1200000394,87,9,.02335938,6.69,"PEPSI COLA N.R. BOTT",15845,12000
14,1200000394,88,34,.02335938,6.69,"PEPSI COLA N.R. BOTT",8072,12000
14,1200000394,89,6,.02726563,20.06,"PEPSI COLA N.R. BOTT",35340,12000
14,1200000394,90,7,.02726563,20.06,"PEPSI COLA N.R. BOTT",15922,12000
14,1200000394,91,11,.02726563,20.06,"PEPSI COLA N.R. BOTT",15449,12000
14,1200000394,92,10,.02335938,6.69,"PEPSI COLA N.R. BOTT",14970,12000
14,1200000394,93,6,.02726563,20.06,"PEPSI COLA N.R. BOTT",15234,12000
14,1200000394,94,21,.02335938,6.69,"PEPSI COLA N.R. BOTT",16028,12000
14,1200000394,95,15,.02179688,0,"PEPSI COLA N.R. BOTT",15212,12000
14,1200000394,96,7,.02726563,20.06,"PEPSI COLA N.R. BOTT",15215,12000
14,1200000394,97,3,.02726563,20.06,"PEPSI COLA N.R. BOTT",15234,12000
14,1200000394,98,11,.02726563,20.06,"PEPSI COLA N.R. BOTT",15358,12000
14,1200000394,99,13,.02179688,0,"PEPSI COLA N.R. BOTT",15555,12000
14,1200000394,100,4,.02726563,20.06,"PEPSI COLA N.R. BOTT",15341,12000
14,1200000394,101,8,.02726563,20.06,"PEPSI COLA N.R. BOTT",15092,12000
14,1200000394,102,9,.02726563,20.06,"PEPSI COLA N.R. BOTT",20239,12000
14,1200000394,103,5,.02726563,20.06,"PEPSI COLA N.R. BOTT",19118,12000
14,1200000394,104,6,.02726563,20.06,"PEPSI COLA N.R. BOTT",20982,12000
