input/WSDR.csv
store,upc,week,move,price,profit,descrip,custcoun,Brand
14,1200000396,1,79,.01949219,4.02,"DIET PEPSI N.R. BOTT",15162,12000
14,1200000396,2,12,.02335938,20.07,"DIET PEPSI N.R. BOTT",15877,12000
14,1200000396,3,12,.02335938,20.07,"DIET PEPSI N.R. BOTT",16458.14,12000
14,1200000396,4,23,.02335938,20.07,"DIET PEPSI N.R. BOTT",15226,12000
14,1200000396,5,11,.02335938,20.07,"DIET PEPSI N.R. BOTT",15352,12000
14,1200000396,6,96,.02179688,14.34,"DIET PEPSI N.R. BOTT",15075,12000
14,1200000396,7,13,.02335938,20.07,"DIET PEPSI N.R. BOTT",15266,12000
14,1200000396,8,4,.02335938,20.07,"DIET PEPSI N.R. BOTT",15226,12000
14,1200000396,9,13,.02335938,20.07,"DIET PEPSI N.R. BOTT",14333,12000
14,1200000396,10,9,.02335938,20.07,"DIET PEPSI N.R. BOTT",17203,12000
14,1200000396,11,18,.02335938,20.07,"DIET PEPSI N.R. BOTT",13378,12000
14,1200000396,12,23,.02335938,20.07,"DIET PEPSI N.R. BOTT",14385,12000
14,1200000396,13,31,.02179688,14.34,"DIET PEPSI N.R. BOTT",14945,12000
14,1200000396,14,11,.02179688,14.34,"DIET PEPSI N.R. BOTT",15824,12000
14,1200000396,15,9,.02335938,20.07,"DIET PEPSI N.R. BOTT",14295,12000
14,1200000396,16,11,.02335938,20.07,"DIET PEPSI N.R. BOTT",14120,12000
14,1200000396,17,21,.02335938,20.07,"DIET PEPSI N.R. BOTT",13907,12000
14,1200000396,18,44,.01949219,4.02,"DIET PEPSI N.R. BOTT",14292,12000
14,1200000396,19,32,.02335938,20.07,"DIET PEPSI N.R. BOTT",14498,12000
14,1200000396,20,117,.01867188,0,"DIET PEPSI N.R. BOTT",14694,12000
14,1200000396,21,42,.01867188,0,"DIET PEPSI N.R. BOTT",14580,12000
14,1200000396,22,22,.02335938,20.07,"DIET PEPSI N.R. BOTT",14530,12000
14,1200000396,23,177,.01945313,4.02,"DIET PEPSI N.R. BOTT",13895,12000
14,1200000396,24,17,.02335938,20.07,"DIET PEPSI N.R. BOTT",13629,12000
14,1200000396,25,29,.02335938,20.07,"DIET PEPSI N.R. BOTT",13936,12000
14,1200000396,26,11,.02335938,20.07,"DIET PEPSI N.R. BOTT",14579,12000
14,1200000396,27,31,.02335938,20.07,"DIET PEPSI N.R. BOTT",14950,12000
14,1200000396,28,14,.02335938,20.07,"DIET PEPSI N.R. BOTT",14661,12000
14,1200000396,29,19,.02335938,20.07,"DIET PEPSI N.R. BOTT",13965,12000
14,1200000396,30,42,.02101563,11.15,"DIET PEPSI N.R. BOTT",15829,12000
14,1200000396,31,20,.02335938,20.07,"DIET PEPSI N.R. BOTT",15344,12000
14,1200000396,32,23,.02335938,20.07,"DIET PEPSI N.R. BOTT",15223,12000
14,1200000396,33,64,.02101563,11.15,"DIET PEPSI N.R. BOTT",15811,12000
14,1200000396,34,155,.02101563,11.15,"DIET PEPSI N.R. BOTT",15637,12000
14,1200000396,35,23,.02335938,20.07,"DIET PEPSI N.R. BOTT",17164,12000
14,1200000396,36,34,.02335938,20.07,"DIET PEPSI N.R. BOTT",16037,12000
14,1200000396,37,12,.02335938,20.07,"DIET PEPSI N.R. BOTT",16345,12000
14,1200000396,38,14,.02335938,20.07,"DIET PEPSI N.R. BOTT",16319,12000
14,1200000396,39,42,.02101563,11.15,"DIET PEPSI N.R. BOTT",16481,12000
14,1200000396,40,14,.02335938,20.07,"DIET PEPSI N.R. BOTT",16320,12000
14,1200000396,41,10,.02335938,20.07,"DIET PEPSI N.R. BOTT",15643,12000
14,1200000396,42,12,.02335938,20.07,"DIET PEPSI N.R. BOTT",17091,12000
14,1200000396,43,33,.02101563,11.15,"DIET PEPSI N.R. BOTT",15470,12000
14,1200000396,44,8,.02335938,20.07,"DIET PEPSI N.R. BOTT",14888,12000
14,1200000396,45,14,.02335938,20.07,"DIET PEPSI N.R. BOTT",15211,12000
14,1200000396,46,14,.02335938,20.07,"DIET PEPSI N.R. BOTT",15396,12000
14,1200000396,47,16,.02335938,20.07,"DIET PEPSI N.R. BOTT",14942,12000
14,1200000396,48,13,.02335938,20.07,"DIET PEPSI N.R. BOTT",14713,12000
14,1200000396,49,16,.02335938,20.07,"DIET PEPSI N.R. BOTT",15157,12000
14,1200000396,50,13,.02335938,20.07,"DIET PEPSI N.R. BOTT",15370,12000
14,1200000396,51,14,.02335938,20.07,"DIET PEPSI N.R. BOTT",15084,12000
14,1200000396,52,16,.02335938,20.07,"DIET PEPSI N.R. BOTT",14781,12000
14,1200000396,53,22,.02101563,11.15,"DIET PEPSI N.R. BOTT",14873,12000
14,1200000396,54,18,.02335938,20.07,"DIET PEPSI N.R. BOTT",14925,12000
14,1200000396,55,12,.02335938,20.07,"DIET PEPSI N.R. BOTT",15293,12000
14,1200000396,56,16,.02335938,20.07,"DIET PEPSI N.R. BOTT",14121,12000
14,1200000396,57,19,.02335938,20.07,"DIET PEPSI N.R. BOTT",12252,12000
14,1200000396,58,24,.02179688,14.34,"DIET PEPSI N.R. BOTT",14599,12000
14,1200000396,59,14,.02335938,20.07,"DIET PEPSI N.R. BOTT",15868,12000
14,1200000396,60,24,.02101563,11.15,"DIET PEPSI N.R. BOTT",13945,12000
14,1200000396,61,11,.02335938,20.07,"DIET PEPSI N.R. BOTT",13765,12000
14,1200000396,62,13,.02335938,20.07,"DIET PEPSI N.R. BOTT",17896,12000
14,1200000396,63,8,.02335938,20.07,"DIET PEPSI N.R. BOTT",12981,12000
14,1200000396,64,15,.02101563,11.15,"DIET PEPSI N.R. BOTT",15452,12000
14,1200000396,65,6,.02335938,20.07,"DIET PEPSI N.R. BOTT",14953,12000
14,1200000396,66,18,.02335938,20.07,"DIET PEPSI N.R. BOTT",15719,12000
14,1200000396,67,8,.02335938,20.07,"DIET PEPSI N.R. BOTT",14837,12000
14,1200000396,68,4,.02335938,20.07,"DIET PEPSI N.R. BOTT",13800,12000
14,1200000396,69,15,.03195312,41.56,"DIET PEPSI N.R. BOTT",14732,12000
14,1200000396,70,9,.03195312,31.78,"DIET PEPSI N.R. BOTT",13972,12000
14,1200000396,71,13,.02726563,20.06,"DIET PEPSI N.R. BOTT",11766,12000
14,1200000396,72,8,.03117188,30.08,"DIET PEPSI N.R. BOTT",15684,12000
14,1200000396,73,43,.02726563,20.06,"DIET PEPSI N.R. BOTT",15122,12000
14,1200000396,74,5,.02726563,20.06,"DIET PEPSI N.R. BOTT",13834,12000
14,1200000396,75,9,.03117188,30.08,"DIET PEPSI N.R. BOTT",13586,12000
14,1200000396,76,7,.03117188,30.08,"DIET PEPSI N.R. BOTT",13918,12000
14,1200000396,77,12,.02726563,20.06,"DIET PEPSI N.R. BOTT",14434,12000
14,1200000396,78,10,.02726563,20.06,"DIET PEPSI N.R. BOTT",13234,12000
14,1200000396,79,15,.02726563,20.06,"DIET PEPSI N.R. BOTT",15331,12000
14,1200000396,80,4,.02726563,20.06,"DIET PEPSI N.R. BOTT",14727,12000
14,1200000396,81,5,.02726563,20.06,"DIET PEPSI N.R. BOTT",13639,12000
14,1200000396,82,8,.02726563,20.06,"DIET PEPSI N.R. BOTT",13275,12000
14,1200000396,83,4,.02726563,20.06,"DIET PEPSI N.R. BOTT",14190,12000
14,1200000396,84,32,.02335938,6.69,"DIET PEPSI N.R. BOTT",14739,12000
14,1200000396,85,17,.02335938,6.69,"DIET PEPSI N.R. BOTT",14611,12000
14,1200000396,86,8,.02726563,20.06,"DIET PEPSI N.R. BOTT",15732,12000
14,1200000396,87,2,.02335938,6.69,"DIET PEPSI N.R. BOTT",15845,12000
14,1200000396,88,36,.02335938,6.69,"DIET PEPSI N.R. BOTT",8072,12000
14,1200000396,89,12,.02726563,20.06,"DIET PEPSI N.R. BOTT",35340,12000
14,1200000396,90,10,.02726563,20.06,"DIET PEPSI N.R. BOTT",15922,12000
14,1200000396,91,11,.02726563,20.06,"DIET PEPSI N.R. BOTT",15449,12000
14,1200000396,92,10,.02335938,6.69,"DIET PEPSI N.R. BOTT",14970,12000
14,1200000396,93,10,.02726563,20.06,"DIET PEPSI N.R. BOTT",15234,12000
14,1200000396,94,18,.02335938,6.69,"DIET PEPSI N.R. BOTT",16028,12000
14,1200000396,95,24,.02179688,0,"DIET PEPSI N.R. BOTT",15212,12000
14,1200000396,96,5,.02726563,20.06,"DIET PEPSI N.R. BOTT",15215,12000
14,1200000396,97,7,.02726563,20.06,"DIET PEPSI N.R. BOTT",15234,12000
14,1200000396,98,5,.02726563,20.06,"DIET PEPSI N.R. BOTT",15358,12000
14,1200000396,99,10,.02179688,0,"DIET PEPSI N.R. BOTT",15555,12000
14,1200000396,100,5,.02726563,20.06,"DIET PEPSI N.R. BOTT",15341,12000
14,1200000396,101,7,.02726563,20.06,"DIET PEPSI N.R. BOTT",15092,12000
14,1200000396,102,11,.02726563,20.06,"DIET PEPSI N.R. BOTT",20239,12000
14,1200000396,103,10,.02726563,20.06,"DIET PEPSI N.R. BOTT",19118,12000
14,1200000396,104,6,.02726563,20.06,"DIET PEPSI N.R. BOTT",20982,12000
14,1200000492,1,22,.02646831,24.58,"CAFFEINE FREE PEPSI",15162,12000
14,1200000492,2,19,.02646831,24.58,"CAFFEINE FREE PEPSI",15877,12000
14,1200000492,3,23,.02646831,24.58,"CAFFEINE FREE PEPSI",16458.14,12000
14,1200000492,4,84,.01759625,13.45,"CAFFEINE FREE PEPSI",15226,12000
14,1200000492,5,20,.02646831,24.58,"CAFFEINE FREE PEPSI",15352,12000
14,1200000492,6,74,.01759625,13.45,"CAFFEINE FREE PEPSI",15075,12000
14,1200000492,7,20,.02646831,24.58,"CAFFEINE FREE PEPSI",15266,12000
14,1200000492,8,18,.02646831,24.58,"CAFFEINE FREE PEPSI",15226,12000
14,1200000492,9,110,.0146389,36.36,"CAFFEINE FREE PEPSI",14333,12000
14,1200000492,10,23,.02646831,24.58,"CAFFEINE FREE PEPSI",17203,12000
14,1200000492,11,190,.01316022,51.69,"CAFFEINE FREE PEPSI",13378,12000
14,1200000492,12,20,.02646831,24.58,"CAFFEINE FREE PEPSI",14385,12000
14,1200000492,13,71,.01759625,13.45,"CAFFEINE FREE PEPSI",14945,12000
14,1200000492,14,15,.02646831,24.58,"CAFFEINE FREE PEPSI",15824,12000
14,1200000492,15,169,.01316022,51.69,"CAFFEINE FREE PEPSI",14295,12000
14,1200000492,16,148,.01316022,51.69,"CAFFEINE FREE PEPSI",14120,12000
14,1200000492,17,15,.02646831,24.58,"CAFFEINE FREE PEPSI",13907,12000
14,1200000492,18,68,.01759625,13.45,"CAFFEINE FREE PEPSI",14292,12000
14,1200000492,19,26,.02646831,24.58,"CAFFEINE FREE PEPSI",14498,12000
14,1200000492,20,28,.02646831,24.58,"CAFFEINE FREE PEPSI",14694,12000
14,1200000492,21,47,.01907493,4.65,"CAFFEINE FREE PEPSI",14580,12000
14,1200000492,22,25,.02646831,24.58,"CAFFEINE FREE PEPSI",14530,12000
14,1200000492,23,77,.01759625,13.45,"CAFFEINE FREE PEPSI",13895,12000
14,1200000492,24,23,.02646831,24.58,"CAFFEINE FREE PEPSI",13629,12000
14,1200000492,25,98,.01759625,13.45,"CAFFEINE FREE PEPSI",13936,12000
14,1200000492,26,15,.02646831,24.58,"CAFFEINE FREE PEPSI",14579,12000
14,1200000492,27,108,.0146389,36.36,"CAFFEINE FREE PEPSI",14950,12000
14,1200000492,28,23,.02646831,24.58,"CAFFEINE FREE PEPSI",14661,12000
14,1200000492,29,22,.02646831,24.58,"CAFFEINE FREE PEPSI",13965,12000
14,1200000492,30,49,.01759625,13.45,"CAFFEINE FREE PEPSI",15829,12000
14,1200000492,31,22,.02646831,24.58,"CAFFEINE FREE PEPSI",15344,12000
14,1200000492,32,14,.02646831,24.58,"CAFFEINE FREE PEPSI",15223,12000
14,1200000492,33,321,.01316022,51.69,"CAFFEINE FREE PEPSI",15811,12000
14,1200000492,34,21,.02646831,24.58,"CAFFEINE FREE PEPSI",15637,12000
14,1200000492,35,25,.02646831,24.58,"CAFFEINE FREE PEPSI",17164,12000
14,1200000492,36,52,.01907493,4.65,"CAFFEINE FREE PEPSI",16037,12000
14,1200000492,37,20,.02646831,24.58,"CAFFEINE FREE PEPSI",16345,12000
14,1200000492,38,22,.02646831,24.58,"CAFFEINE FREE PEPSI",16319,12000
14,1200000492,39,255,.01316022,51.69,"CAFFEINE FREE PEPSI",16481,12000
14,1200000492,40,25,.02646831,24.58,"CAFFEINE FREE PEPSI",16320,12000
14,1200000492,41,44,.01907493,4.65,"CAFFEINE FREE PEPSI",15643,12000
14,1200000492,42,17,.02646831,24.58,"CAFFEINE FREE PEPSI",17091,12000
14,1200000492,43,45,.01907493,4.65,"CAFFEINE FREE PEPSI",15470,12000
14,1200000492,44,5,.02646831,24.58,"CAFFEINE FREE PEPSI",14888,12000
14,1200000492,45,28,.01907493,4.65,"CAFFEINE FREE PEPSI",15211,12000
14,1200000492,46,11,.02646831,24.58,"CAFFEINE FREE PEPSI",15396,12000
14,1200000492,47,97,.0146389,36.36,"CAFFEINE FREE PEPSI",14942,12000
14,1200000492,48,16,.02646831,24.58,"CAFFEINE FREE PEPSI",14713,12000
14,1200000492,49,11,.02646831,24.58,"CAFFEINE FREE PEPSI",15157,12000
14,1200000492,50,49,.01907493,4.65,"CAFFEINE FREE PEPSI",15370,12000
14,1200000492,51,9,.02646831,24.58,"CAFFEINE FREE PEPSI",15084,12000
14,1200000492,52,55,.01907493,4.65,"CAFFEINE FREE PEPSI",14781,12000
14,1200000492,53,9,.02646831,24.58,"CAFFEINE FREE PEPSI",14873,12000
14,1200000492,54,10,.02646831,24.58,"CAFFEINE FREE PEPSI",14925,12000
14,1200000492,55,12,.02646831,24.58,"CAFFEINE FREE PEPSI",15293,12000
14,1200000492,56,37,.01907493,4.65,"CAFFEINE FREE PEPSI",14121,12000
14,1200000492,57,9,.02646831,24.58,"CAFFEINE FREE PEPSI",12252,12000
14,1200000492,58,9,.02646831,24.58,"CAFFEINE FREE PEPSI",14599,12000
14,1200000492,59,46,.0146389,36.36,"CAFFEINE FREE PEPSI",15868,12000
14,1200000492,60,3,.02646831,24.58,"CAFFEINE FREE PEPSI",13945,12000
14,1200000492,61,22,.02646831,24.58,"CAFFEINE FREE PEPSI",13765,12000
14,1200000492,62,24,.02646831,24.58,"CAFFEINE FREE PEPSI",17896,12000
14,1200000492,63,22,.02646831,24.58,"CAFFEINE FREE PEPSI",12981,12000
14,1200000492,64,16,.02646831,24.58,"CAFFEINE FREE PEPSI",15452,12000
14,1200000492,65,70,.01759625,13.45,"CAFFEINE FREE PEPSI",14953,12000
14,1200000492,66,32,.01907493,4.65,"CAFFEINE FREE PEPSI",15719,12000
14,1200000492,67,25,.02646831,24.58,"CAFFEINE FREE PEPSI",14837,12000
14,1200000492,68,14,.02646831,24.58,"CAFFEINE FREE PEPSI",13800,12000
14,1200000492,69,15,.02794699,28.57,"CAFFEINE FREE PEPSI",14732,12000
14,1200000492,70,52,.01907493,10.85,"CAFFEINE FREE PEPSI",13972,12000
14,1200000492,71,12,.02794699,24.34,"CAFFEINE FREE PEPSI",11766,12000
14,1200000492,72,15,.02794699,24.34,"CAFFEINE FREE PEPSI",15684,12000
14,1200000492,73,48,.01907493,10.85,"CAFFEINE FREE PEPSI",15122,12000
14,1200000492,74,8,.02794699,24.34,"CAFFEINE FREE PEPSI",13834,12000
14,1200000492,75,47,.01907493,10.85,"CAFFEINE FREE PEPSI",13586,12000
14,1200000492,76,27,.02794699,24.34,"CAFFEINE FREE PEPSI",13918,12000
14,1200000492,77,18,.02794699,24.34,"CAFFEINE FREE PEPSI",14434,12000
14,1200000492,78,11,.02794699,24.34,"CAFFEINE FREE PEPSI",13234,12000
14,1200000492,79,60,.01759625,20.17,"CAFFEINE FREE PEPSI",15331,12000
14,1200000492,80,17,.02794699,24.34,"CAFFEINE FREE PEPSI",14727,12000
14,1200000492,81,16,.02794699,24.34,"CAFFEINE FREE PEPSI",13639,12000
14,1200000492,82,18,.02794699,24.34,"CAFFEINE FREE PEPSI",13275,12000
14,1200000492,83,18,.02794699,24.34,"CAFFEINE FREE PEPSI",14190,12000
14,1200000492,84,164,.0146389,44.44,"CAFFEINE FREE PEPSI",14739,12000
14,1200000492,85,17,.02794699,24.34,"CAFFEINE FREE PEPSI",14611,12000
14,1200000492,86,20,.02794699,24.34,"CAFFEINE FREE PEPSI",15732,12000
14,1200000492,87,2,.02794699,24.34,"CAFFEINE FREE PEPSI",15845,12000
14,1200000492,88,151,.0146389,44.44,"CAFFEINE FREE PEPSI",8072,12000
14,1200000492,89,13,.02794699,24.34,"CAFFEINE FREE PEPSI",35340,12000
14,1200000492,90,11,.02794699,24.34,"CAFFEINE FREE PEPSI",15922,12000
14,1200000492,91,196,.0146389,44.44,"CAFFEINE FREE PEPSI",15449,12000
14,1200000492,92,7,.02794699,24.34,"CAFFEINE FREE PEPSI",14970,12000
14,1200000492,93,15,.02794699,24.34,"CAFFEINE FREE PEPSI",15234,12000
14,1200000492,94,9,.02794699,24.34,"CAFFEINE FREE PEPSI",16028,12000
14,1200000492,95,49,.01907493,10.85,"CAFFEINE FREE PEPSI",15212,12000
14,1200000492,96,17,.02794699,24.34,"CAFFEINE FREE PEPSI",15215,12000
14,1200000492,97,12,.02794699,24.34,"CAFFEINE FREE PEPSI",15234,12000
14,1200000492,98,30,.01907493,10.85,"CAFFEINE FREE PEPSI",15358,12000
14,1200000492,99,25,.02203228,4.03,"CAFFEINE FREE PEPSI",15555,12000
14,1200000492,100,21,.02203228,4.03,"CAFFEINE FREE PEPSI",15341,12000
14,1200000492,101,122,.0146389,44.44,"CAFFEINE FREE PEPSI",15092,12000
14,1200000492,102,417,.01168154,81.01,"CAFFEINE FREE PEPSI",20239,12000
14,1200000492,103,18,.02203228,4.03,"CAFFEINE FREE PEPSI",19118,12000
14,1200000492,104,11,.02203228,4.03,"CAFFEINE FREE PEPSI",20982,12000
