input/WSDR.csv
store,upc,week,move,price,profit,descrip,custcoun,Brand
14,1200000496,1,15,.02646831,24.58,"DIET PEPSI CAFFEINE",15162,12000
14,1200000496,2,15,.02646831,24.58,"DIET PEPSI CAFFEINE",15877,12000
14,1200000496,3,19,.02646831,24.58,"DIET PEPSI CAFFEINE",16458.14,12000
14,1200000496,4,90,.01759625,13.45,"DIET PEPSI CAFFEINE",15226,12000
14,1200000496,5,24,.02646831,24.58,"DIET PEPSI CAFFEINE",15352,12000
14,1200000496,6,55,.01759625,13.45,"DIET PEPSI CAFFEINE",15075,12000
14,1200000496,7,17,.02646831,24.58,"DIET PEPSI CAFFEINE",15266,12000
14,1200000496,8,13,.02646831,24.58,"DIET PEPSI CAFFEINE",15226,12000
14,1200000496,9,137,.0146389,36.36,"DIET PEPSI CAFFEINE",14333,12000
14,1200000496,10,19,.02646831,24.58,"DIET PEPSI CAFFEINE",17203,12000
14,1200000496,11,183,.01316022,51.69,"DIET PEPSI CAFFEINE",13378,12000
14,1200000496,12,23,.02646831,24.58,"DIET PEPSI CAFFEINE",14385,12000
14,1200000496,13,67,.01759625,13.45,"DIET PEPSI CAFFEINE",14945,12000
14,1200000496,14,13,.02646831,24.58,"DIET PEPSI CAFFEINE",15824,12000
14,1200000496,15,237,.01316022,51.69,"DIET PEPSI CAFFEINE",14295,12000
14,1200000496,16,155,.01316022,51.69,"DIET PEPSI CAFFEINE",14120,12000
14,1200000496,17,29,.02646831,24.58,"DIET PEPSI CAFFEINE",13907,12000
14,1200000496,18,102,.01759625,13.45,"DIET PEPSI CAFFEINE",14292,12000
14,1200000496,19,31,.02646831,24.58,"DIET PEPSI CAFFEINE",14498,12000
14,1200000496,20,21,.02646831,24.58,"DIET PEPSI CAFFEINE",14694,12000
14,1200000496,21,59,.01907493,4.65,"DIET PEPSI CAFFEINE",14580,12000
14,1200000496,22,34,.02646831,24.58,"DIET PEPSI CAFFEINE",14530,12000
14,1200000496,23,97,.01759625,13.45,"DIET PEPSI CAFFEINE",13895,12000
14,1200000496,24,25,.02646831,24.58,"DIET PEPSI CAFFEINE",13629,12000
14,1200000496,25,120,.01759625,13.45,"DIET PEPSI CAFFEINE",13936,12000
14,1200000496,26,21,.02646831,24.58,"DIET PEPSI CAFFEINE",14579,12000
14,1200000496,27,102,.0146389,36.36,"DIET PEPSI CAFFEINE",14950,12000
14,1200000496,28,17,.02646831,24.58,"DIET PEPSI CAFFEINE",14661,12000
14,1200000496,29,18,.02646831,24.58,"DIET PEPSI CAFFEINE",13965,12000
14,1200000496,30,53,.01759625,13.45,"DIET PEPSI CAFFEINE",15829,12000
14,1200000496,31,23,.02646831,24.58,"DIET PEPSI CAFFEINE",15344,12000
14,1200000496,32,25,.02646831,24.58,"DIET PEPSI CAFFEINE",15223,12000
14,1200000496,33,313,.01316022,51.69,"DIET PEPSI CAFFEINE",15811,12000
14,1200000496,34,22,.02646831,24.58,"DIET PEPSI CAFFEINE",15637,12000
14,1200000496,35,15,.02646831,24.58,"DIET PEPSI CAFFEINE",17164,12000
14,1200000496,36,50,.01907493,4.65,"DIET PEPSI CAFFEINE",16037,12000
14,1200000496,37,24,.02646831,24.58,"DIET PEPSI CAFFEINE",16345,12000
14,1200000496,38,17,.02646831,24.58,"DIET PEPSI CAFFEINE",16319,12000
14,1200000496,39,359,.01316022,51.69,"DIET PEPSI CAFFEINE",16481,12000
14,1200000496,40,23,.02646831,24.58,"DIET PEPSI CAFFEINE",16320,12000
14,1200000496,41,81,.01907493,4.65,"DIET PEPSI CAFFEINE",15643,12000
14,1200000496,42,25,.02646831,24.58,"DIET PEPSI CAFFEINE",17091,12000
14,1200000496,43,61,.01907493,4.65,"DIET PEPSI CAFFEINE",15470,12000
14,1200000496,44,18,.02646831,24.58,"DIET PEPSI CAFFEINE",14888,12000
14,1200000496,45,41,.01907493,4.65,"DIET PEPSI CAFFEINE",15211,12000
14,1200000496,46,14,.02646831,24.58,"DIET PEPSI CAFFEINE",15396,12000
14,1200000496,47,109,.0146389,36.36,"DIET PEPSI CAFFEINE",14942,12000
14,1200000496,48,20,.02646831,24.58,"DIET PEPSI CAFFEINE",14713,12000
14,1200000496,49,17,.02646831,24.58,"DIET PEPSI CAFFEINE",15157,12000
14,1200000496,50,58,.01907493,4.65,"DIET PEPSI CAFFEINE",15370,12000
14,1200000496,51,16,.02646831,24.58,"DIET PEPSI CAFFEINE",15084,12000
14,1200000496,52,77,.01907493,4.65,"DIET PEPSI CAFFEINE",14781,12000
14,1200000496,53,13,.02646831,24.58,"DIET PEPSI CAFFEINE",14873,12000
14,1200000496,54,18,.02646831,24.58,"DIET PEPSI CAFFEINE",14925,12000
14,1200000496,55,7,.02646831,24.58,"DIET PEPSI CAFFEINE",15293,12000
14,1200000496,56,34,.01907493,4.65,"DIET PEPSI CAFFEINE",14121,12000
14,1200000496,57,17,.02646831,24.58,"DIET PEPSI CAFFEINE",12252,12000
14,1200000496,58,11,.02646831,24.58,"DIET PEPSI CAFFEINE",14599,12000
14,1200000496,59,72,.0146389,36.36,"DIET PEPSI CAFFEINE",15868,12000
14,1200000496,60,10,.02646831,24.58,"DIET PEPSI CAFFEINE",13945,12000
14,1200000496,61,16,.02646831,24.58,"DIET PEPSI CAFFEINE",13765,12000
14,1200000496,62,21,.02646831,24.58,"DIET PEPSI CAFFEINE",17896,12000
14,1200000496,63,19,.02646831,24.58,"DIET PEPSI CAFFEINE",12981,12000
14,1200000496,64,14,.02646831,24.58,"DIET PEPSI CAFFEINE",15452,12000
14,1200000496,65,58,.01759625,13.45,"DIET PEPSI CAFFEINE",14953,12000
14,1200000496,66,61,.01907493,4.65,"DIET PEPSI CAFFEINE",15719,12000
14,1200000496,67,23,.02646831,24.58,"DIET PEPSI CAFFEINE",14837,12000
14,1200000496,68,18,.02646831,24.58,"DIET PEPSI CAFFEINE",13800,12000
14,1200000496,69,15,.02794699,28.57,"DIET PEPSI CAFFEINE",14732,12000
14,1200000496,70,43,.01907493,10.85,"DIET PEPSI CAFFEINE",13972,12000
14,1200000496,71,16,.02794699,24.34,"DIET PEPSI CAFFEINE",11766,12000
14,1200000496,72,12,.02794699,24.34,"DIET PEPSI CAFFEINE",15684,12000
14,1200000496,73,76,.01907493,10.85,"DIET PEPSI CAFFEINE",15122,12000
14,1200000496,74,11,.02794699,24.34,"DIET PEPSI CAFFEINE",13834,12000
14,1200000496,75,69,.01907493,10.85,"DIET PEPSI CAFFEINE",13586,12000
14,1200000496,76,9,.02794699,24.34,"DIET PEPSI CAFFEINE",13918,12000
14,1200000496,77,13,.02794699,24.34,"DIET PEPSI CAFFEINE",14434,12000
14,1200000496,78,29,.02794699,24.34,"DIET PEPSI CAFFEINE",13234,12000
14,1200000496,79,61,.01759625,20.17,"DIET PEPSI CAFFEINE",15331,12000
14,1200000496,80,12,.02794699,24.34,"DIET PEPSI CAFFEINE",14727,12000
14,1200000496,81,12,.02794699,24.34,"DIET PEPSI CAFFEINE",13639,12000
14,1200000496,82,8,.02794699,24.34,"DIET PEPSI CAFFEINE",13275,12000
14,1200000496,83,20,.02794699,24.34,"DIET PEPSI CAFFEINE",14190,12000
14,1200000496,84,166,.0146389,44.44,"DIET PEPSI CAFFEINE",14739,12000
14,1200000496,85,15,.02794699,24.34,"DIET PEPSI CAFFEINE",14611,12000
14,1200000496,86,21,.02794699,24.34,"DIET PEPSI CAFFEINE",15732,12000
14,1200000496,87,1,.02794699,24.34,"DIET PEPSI CAFFEINE",15845,12000
14,1200000496,88,220,.0146389,44.44,"DIET PEPSI CAFFEINE",8072,12000
14,1200000496,89,23,.02794699,24.34,"DIET PEPSI CAFFEINE",35340,12000
14,1200000496,90,25,.02794699,24.34,"DIET PEPSI CAFFEINE",15922,12000
14,1200000496,91,240,.0146389,44.44,"DIET PEPSI CAFFEINE",15449,12000
14,1200000496,92,21,.02794699,24.34,"DIET PEPSI CAFFEINE",14970,12000
14,1200000496,93,24,.02794699,24.34,"DIET PEPSI CAFFEINE",15234,12000
14,1200000496,94,23,.02794699,24.34,"DIET PEPSI CAFFEINE",16028,12000
14,1200000496,95,60,.01907493,10.85,"DIET PEPSI CAFFEINE",15212,12000
14,1200000496,96,29,.02794699,24.34,"DIET PEPSI CAFFEINE",15215,12000
14,1200000496,97,12,.02794699,24.34,"DIET PEPSI CAFFEINE",15234,12000
14,1200000496,98,32,.01907493,10.85,"DIET PEPSI CAFFEINE",15358,12000
14,1200000496,99,15,.02203228,4.03,"DIET PEPSI CAFFEINE",15555,12000
14,1200000496,100,19,.02203228,4.03,"DIET PEPSI CAFFEINE",15341,12000
14,1200000496,101,133,.0146389,44.44,"DIET PEPSI CAFFEINE",15092,12000
14,1200000496,102,745,.01168154,81.01,"DIET PEPSI CAFFEINE",20239,12000
14,1200000496,103,14,.02203228,4.03,"DIET PEPSI CAFFEINE",19118,12000
14,1200000496,104,23,.02203228,4.03,"DIET PEPSI CAFFEINE",20982,12000
14,3828100261,1,29,.02083333,33.6,"DOM ORANGE SODA",15162,38281
14,3828100261,2,38,.02083333,33.6,"DOM ORANGE SODA",15877,38281
14,3828100261,3,39,.02083333,33.2,"DOM ORANGE SODA",16458.14,38281
14,3828100261,4,58,.01388889,2.5,"DOM ORANGE SODA",15226,38281
14,3828100261,5,49,.02083333,34.8,"DOM ORANGE SODA",15352,38281
14,3828100261,6,45,.02083333,32.4,"DOM ORANGE SODA",15075,38281
14,3828100261,7,33,.02083333,35.6,"DOM ORANGE SODA",15266,38281
14,3828100261,8,18,.02083333,37.6,"DOM ORANGE SODA",15226,38281
14,3828100261,9,596,.01083333,.77,"DOM ORANGE SODA",14333,38281
14,3828100261,10,49,.02083333,50,"DOM ORANGE SODA",17203,38281
14,3828100261,11,68,.01388889,30.63,"DOM ORANGE SODA",13378,38281
14,3828100261,12,40,.01388889,30.63,"DOM ORANGE SODA",14385,38281
14,3828100261,13,162,.01666667,45,"DOM ORANGE SODA",14945,38281
14,3828100261,14,55,.01666667,45,"DOM ORANGE SODA",15824,38281
14,3828100261,15,50,.01666667,45,"DOM ORANGE SODA",14295,38281
14,3828100261,16,73,.01666667,42,"DOM ORANGE SODA",14120,38281
14,3828100261,17,29,.01666667,42,"DOM ORANGE SODA",13907,38281
14,3828100261,18,38,.02083333,46,"DOM ORANGE SODA",14292,38281
14,3828100261,19,66,.02083333,42,"DOM ORANGE SODA",14498,38281
14,3828100261,20,220,.01666667,27.5,"DOM ORANGE SODA",14694,38281
14,3828100261,21,28,.01666667,27.5,"DOM ORANGE SODA",14580,38281
14,3828100261,22,31,.02083333,37.2,"DOM ORANGE SODA",14530,38281
14,3828100261,23,43,.02083333,41.6,"DOM ORANGE SODA",13895,38281
14,3828100261,24,211,.01388889,15.63,"DOM ORANGE SODA",13629,38281
14,3828100261,25,63,.02083333,40,"DOM ORANGE SODA",13936,38281
14,3828100261,26,58,.02083333,38.8,"DOM ORANGE SODA",14579,38281
14,3828100261,27,37,.02083333,38.8,"DOM ORANGE SODA",14950,38281
14,3828100261,28,18,.02083333,40.8,"DOM ORANGE SODA",14661,38281
14,3828100261,29,194,.01666667,27,"DOM ORANGE SODA",13965,38281
14,3828100261,30,41,.02083333,40.4,"DOM ORANGE SODA",15829,38281
14,3828100261,31,83,.02083333,40.8,"DOM ORANGE SODA",15344,38281
14,3828100261,32,132,.01388889,8.75,"DOM ORANGE SODA",15223,38281
14,3828100261,33,38,.02083333,41.6,"DOM ORANGE SODA",15811,38281
14,3828100261,34,23,.02083333,41.6,"DOM ORANGE SODA",15637,38281
14,3828100261,35,62,.02083333,42,"DOM ORANGE SODA",17164,38281
14,3828100261,36,159,.01388889,15,"DOM ORANGE SODA",16037,38281
14,3828100261,37,65,.02083333,42.8,"DOM ORANGE SODA",16345,38281
14,3828100261,38,20,.02083333,41.6,"DOM ORANGE SODA",16319,38281
14,3828100261,39,117,.01388889,16.25,"DOM ORANGE SODA",16481,38281
14,3828100261,40,111,.01388889,16.25,"DOM ORANGE SODA",16320,38281
14,3828100261,41,84,.02083333,46.4,"DOM ORANGE SODA",15643,38281
14,3828100261,42,78,.02083333,46.4,"DOM ORANGE SODA",17091,38281
14,3828100261,43,104,.01388889,13.75,"DOM ORANGE SODA",15470,38281
14,3828100261,44,64,.02083333,34.8,"DOM ORANGE SODA",14888,38281
14,3828100261,45,65,.02083333,34.8,"DOM ORANGE SODA",15211,38281
14,3828100261,46,47,.02083333,36.8,"DOM ORANGE SODA",15396,38281
14,3828100261,47,64,.02083333,38.4,"DOM ORANGE SODA",14942,38281
14,3828100261,48,102,.01666667,37,"DOM ORANGE SODA",14713,38281
14,3828100261,49,56,.01666667,34.5,"DOM ORANGE SODA",15157,38281
14,3828100261,50,32,.02083333,34.8,"DOM ORANGE SODA",15370,38281
14,3828100261,51,64,.02083333,34.4,"DOM ORANGE SODA",15084,38281
14,3828100261,52,47,.02083333,34.4,"DOM ORANGE SODA",14781,38281
14,3828100261,53,65,.02083333,36.8,"DOM ORANGE SODA",14873,38281
14,3828100261,54,63,.01666667,24.5,"DOM ORANGE SODA",14925,38281
14,3828100261,55,36,.01666667,25,"DOM ORANGE SODA",15293,38281
14,3828100261,56,115,.01041667,14.17,"DOM ORANGE SODA",14121,38281
14,3828100261,57,501,.01041667,36.67,"DOM ORANGE SODA",12252,38281
14,3828100261,58,18,.02083333,42.8,"DOM ORANGE SODA",14599,38281
14,3828100261,59,63,.02083333,49.6,"DOM ORANGE SODA",15868,38281
14,3828100261,60,155,.01388889,13.13,"DOM ORANGE SODA",13945,38281
14,3828100261,61,92,.01388889,31.88,"DOM ORANGE SODA",13765,38281
14,3828100261,62,58,.02083333,37.2,"DOM ORANGE SODA",17896,38281
14,3828100261,63,35,.02083333,35.2,"DOM ORANGE SODA",12981,38281
14,3828100261,64,35,.02083333,48.4,"DOM ORANGE SODA",15452,38281
14,3828100261,65,82,.02083333,48.4,"DOM ORANGE SODA",14953,38281
14,3828100261,66,93,.01666667,30,"DOM ORANGE SODA",15719,38281
14,3828100261,67,55,.02083333,43.6,"DOM ORANGE SODA",14837,38281
14,3828100261,68,34,.02083333,39.6,"DOM ORANGE SODA",13800,38281
14,3828100261,69,28,.02083333,39.6,"DOM ORANGE SODA",14732,38281
14,3828100261,70,274,.01388889,15.63,"DOM ORANGE SODA",13972,38281
14,3828100261,71,28,.02083333,46,"DOM ORANGE SODA",11766,38281
14,3828100261,72,24,.02083333,44,"DOM ORANGE SODA",15684,38281
14,3828100261,73,44,.02083333,44,"DOM ORANGE SODA",15122,38281
14,3828100261,74,61,.02083333,44,"DOM ORANGE SODA",13834,38281
14,3828100261,75,49,.02083333,40.8,"DOM ORANGE SODA",13586,38281
14,3828100261,76,70,.01666667,27,"DOM ORANGE SODA",13918,38281
14,3828100261,77,35,.01666667,27,"DOM ORANGE SODA",14434,38281
14,3828100261,78,36,.02083333,40.8,"DOM ORANGE SODA",13234,38281
14,3828100261,79,195,.0125,11.33,"DOM ORANGE SODA",15331,38281
14,3828100261,80,29,.02083333,34.4,"DOM ORANGE SODA",14727,38281
14,3828100261,81,54,.01854167,34.09,"DOM ORANGE SODA",13639,38281
14,3828100261,82,31,.01854167,50,"DOM ORANGE SODA",13275,38281
14,3828100261,83,43,.01854167,40,"DOM ORANGE SODA",14190,38281
14,3828100261,84,92,.01666667,28.5,"DOM ORANGE SODA",14739,38281
14,3828100261,85,23,.01666667,28,"DOM ORANGE SODA",14611,38281
14,3828100261,86,78,.01854167,33.64,"DOM ORANGE SODA",15732,38281
14,3828100261,87,51,.0125,10.67,"DOM ORANGE SODA",15845,38281
14,3828100261,88,58,.01854167,25.45,"DOM ORANGE SODA",8072,38281
14,3828100261,89,66,.01854167,25.45,"DOM ORANGE SODA",35340,38281
14,3828100261,90,67,.01854167,27.27,"DOM ORANGE SODA",15922,38281
14,3828100261,91,237,.01666667,27.5,"DOM ORANGE SODA",15449,38281
14,3828100261,92,59,.01666667,27.5,"DOM ORANGE SODA",14970,38281
14,3828100261,93,91,.01854167,27.73,"DOM ORANGE SODA",15234,38281
14,3828100261,94,122,.01854167,26.36,"DOM ORANGE SODA",16028,38281
14,3828100261,95,105,.01854167,30.45,"DOM ORANGE SODA",15212,38281
14,3828100261,96,201,.01388889,6.25,"DOM ORANGE SODA",15215,38281
14,3828100261,97,192,.01388889,2.5,"DOM ORANGE SODA",15234,38281
14,3828100261,98,114,.01854167,25.45,"DOM ORANGE SODA",15358,38281
14,3828100261,99,128,.01854167,26.82,"DOM ORANGE SODA",15555,38281
14,3828100261,100,116,.01854167,30.45,"DOM ORANGE SODA",15341,38281
14,3828100261,101,310,.01190476,4.29,"DOM ORANGE SODA",15092,38281
14,3828100261,102,146,.01854167,39.09,"DOM ORANGE SODA",20239,38281
14,3828100261,103,85,.01854167,27.73,"DOM ORANGE SODA",19118,38281
14,3828100261,104,30,.01854167,25.91,"DOM ORANGE SODA",20982,38281
