input/WSDR.csv
store,upc,week,move,price,profit,descrip,custcoun,Brand
14,4900000634,1,16,.03875,22.94,"COCA-COLA CLASSIC CA",15162,49000
14,4900000634,2,45,.03875,22.94,"COCA-COLA CLASSIC CA",15877,49000
14,4900000634,3,257,.02763889,8.04,"COCA-COLA CLASSIC CA",16458.14,49000
14,4900000634,4,55,.03875,22.94,"COCA-COLA CLASSIC CA",15226,49000
14,4900000634,5,14,.03875,22.94,"COCA-COLA CLASSIC CA",15352,49000
14,4900000634,6,47,.03875,22.94,"COCA-COLA CLASSIC CA",15075,49000
14,4900000634,7,41,.03875,22.94,"COCA-COLA CLASSIC CA",15266,49000
14,4900000634,8,15,.03875,22.94,"COCA-COLA CLASSIC CA",15226,49000
14,4900000634,9,21,.03875,22.94,"COCA-COLA CLASSIC CA",14333,49000
14,4900000634,10,23,.03875,22.94,"COCA-COLA CLASSIC CA",17203,49000
14,4900000634,11,31,.03875,22.94,"COCA-COLA CLASSIC CA",13378,49000
14,4900000634,12,269,.02486111,20.11,"COCA-COLA CLASSIC CA",14385,49000
14,4900000634,13,15,.03875,22.94,"COCA-COLA CLASSIC CA",14945,49000
14,4900000634,14,41,.03875,22.94,"COCA-COLA CLASSIC CA",15824,49000
14,4900000634,15,17,.03875,22.94,"COCA-COLA CLASSIC CA",14295,49000
14,4900000634,16,40,.03875,22.94,"COCA-COLA CLASSIC CA",14120,49000
14,4900000634,17,346,.03875,22.94,"COCA-COLA CLASSIC CA",13907,49000
14,4900000634,18,37,.03875,22.94,"COCA-COLA CLASSIC CA",14292,49000
14,4900000634,19,26,.03875,22.94,"COCA-COLA CLASSIC CA",14498,49000
14,4900000634,20,38,.03875,22.94,"COCA-COLA CLASSIC CA",14694,49000
14,4900000634,21,57,.03875,22.94,"COCA-COLA CLASSIC CA",14580,49000
14,4900000634,22,297,.02770833,8.04,"COCA-COLA CLASSIC CA",14530,49000
14,4900000634,23,61,.03875,22.94,"COCA-COLA CLASSIC CA",13895,49000
14,4900000634,24,36,.03875,22.94,"COCA-COLA CLASSIC CA",13629,49000
14,4900000634,25,41,.03875,22.94,"COCA-COLA CLASSIC CA",13936,49000
14,4900000634,26,17,.03875,22.94,"COCA-COLA CLASSIC CA",14579,49000
14,4900000634,27,35,.03875,22.94,"COCA-COLA CLASSIC CA",14950,49000
14,4900000634,28,8,.03875,22.94,"COCA-COLA CLASSIC CA",14661,49000
14,4900000634,29,159,.02763889,8.04,"COCA-COLA CLASSIC CA",13965,49000
14,4900000634,30,29,.03875,22.94,"COCA-COLA CLASSIC CA",15829,49000
14,4900000634,31,29,.03875,22.94,"COCA-COLA CLASSIC CA",15344,49000
14,4900000634,32,42,.03875,22.94,"COCA-COLA CLASSIC CA",15223,49000
14,4900000634,33,50,.03875,22.94,"COCA-COLA CLASSIC CA",15811,49000
14,4900000634,34,36,.03875,22.94,"COCA-COLA CLASSIC CA",15637,49000
14,4900000634,35,556,.01732639,73.39,"COCA-COLA CLASSIC CA",17164,49000
14,4900000634,36,46,.03875,22.94,"COCA-COLA CLASSIC CA",16037,49000
14,4900000634,37,22,.03875,22.94,"COCA-COLA CLASSIC CA",16345,49000
14,4900000634,38,34,.03875,22.94,"COCA-COLA CLASSIC CA",16319,49000
14,4900000634,39,23,.03875,22.94,"COCA-COLA CLASSIC CA",16481,49000
14,4900000634,40,56,.03875,22.94,"COCA-COLA CLASSIC CA",16320,49000
14,4900000634,41,378,.02763889,8.04,"COCA-COLA CLASSIC CA",15643,49000
14,4900000634,42,57,.03875,22.94,"COCA-COLA CLASSIC CA",17091,49000
14,4900000634,43,34,.03875,22.94,"COCA-COLA CLASSIC CA",15470,49000
14,4900000634,44,17,.03875,22.94,"COCA-COLA CLASSIC CA",14888,49000
14,4900000634,45,667,.03875,22.94,"COCA-COLA CLASSIC CA",15211,49000
14,4900000634,46,38,.03875,22.94,"COCA-COLA CLASSIC CA",15396,49000
14,4900000634,47,185,.02763889,8.04,"COCA-COLA CLASSIC CA",14942,49000
14,4900000634,48,23,.03875,22.94,"COCA-COLA CLASSIC CA",14713,49000
14,4900000634,49,833,.03875,22.94,"COCA-COLA CLASSIC CA",15157,49000
14,4900000634,50,42,.03875,22.94,"COCA-COLA CLASSIC CA",15370,49000
14,4900000634,51,52,.03875,22.94,"COCA-COLA CLASSIC CA",15084,49000
14,4900000634,52,47,.03875,22.94,"COCA-COLA CLASSIC CA",14781,49000
14,4900000634,53,105,.03041667,1.83,"COCA-COLA CLASSIC CA",14873,49000
14,4900000634,54,18,.03875,22.94,"COCA-COLA CLASSIC CA",14925,49000
14,4900000634,55,42,.03875,22.94,"COCA-COLA CLASSIC CA",15293,49000
14,4900000634,56,25,.03875,22.94,"COCA-COLA CLASSIC CA",14121,49000
14,4900000634,57,29,.03875,22.94,"COCA-COLA CLASSIC CA",12252,49000
14,4900000634,58,506,.01930556,54.68,"COCA-COLA CLASSIC CA",14599,49000
14,4900000634,59,30,.03875,22.94,"COCA-COLA CLASSIC CA",15868,49000
14,4900000634,60,12,.03875,22.94,"COCA-COLA CLASSIC CA",13945,49000
14,4900000634,61,686,.03875,22.94,"COCA-COLA CLASSIC CA",13765,49000
14,4900000634,62,43,.03875,22.94,"COCA-COLA CLASSIC CA",17896,49000
14,4900000634,63,325,.01930556,54.68,"COCA-COLA CLASSIC CA",12981,49000
14,4900000634,64,23,.03875,22.94,"COCA-COLA CLASSIC CA",15452,49000
14,4900000634,65,483,.01930556,54.68,"COCA-COLA CLASSIC CA",14953,49000
14,4900000634,66,45,.03875,22.94,"COCA-COLA CLASSIC CA",15719,49000
14,4900000634,67,36,.03875,22.94,"COCA-COLA CLASSIC CA",14837,49000
14,4900000634,68,17,.03875,22.94,"COCA-COLA CLASSIC CA",13800,49000
14,4900000634,69,167,.02770833,8.04,"COCA-COLA CLASSIC CA",14732,49000
14,4900000634,70,47,.04013889,22.84,"COCA-COLA CLASSIC CA",13972,49000
14,4900000634,71,938,.01791667,72.87,"COCA-COLA CLASSIC CA",11766,49000
14,4900000634,72,8,.04013889,22.84,"COCA-COLA CLASSIC CA",15684,49000
14,4900000634,73,45,.04013889,22.84,"COCA-COLA CLASSIC CA",15122,49000
14,4900000634,74,35,.04013889,22.84,"COCA-COLA CLASSIC CA",13834,49000
14,4900000634,75,11,.04013889,22.84,"COCA-COLA CLASSIC CA",13586,49000
14,4900000634,76,25,.04013889,22.84,"COCA-COLA CLASSIC CA",13918,49000
14,4900000634,77,606,.01652778,87.39,"COCA-COLA CLASSIC CA",14434,49000
14,4900000634,78,18,.04013889,22.84,"COCA-COLA CLASSIC CA",13234,49000
14,4900000634,79,111,.02763889,12.06,"COCA-COLA CLASSIC CA",15331,49000
14,4900000634,80,16,.04013889,22.84,"COCA-COLA CLASSIC CA",14727,49000
14,4900000634,81,24,.04013889,22.84,"COCA-COLA CLASSIC CA",13639,49000
14,4900000634,82,497,.02,54.86,"COCA-COLA CLASSIC CA",13275,49000
14,4900000634,83,10,.04013889,22.84,"COCA-COLA CLASSIC CA",14190,49000
14,4900000634,84,35,.04013889,22.84,"COCA-COLA CLASSIC CA",14739,49000
14,4900000634,85,588,.02076389,49.66,"COCA-COLA CLASSIC CA",14611,49000
14,4900000634,86,39,.04013889,22.84,"COCA-COLA CLASSIC CA",15732,49000
14,4900000634,87,56,.02770833,12.06,"COCA-COLA CLASSIC CA",15845,49000
14,4900000634,88,46,.04013889,22.84,"COCA-COLA CLASSIC CA",8072,49000
14,4900000634,89,39,.04013889,22.84,"COCA-COLA CLASSIC CA",35340,49000
14,4900000634,90,565,.02069444,49.66,"COCA-COLA CLASSIC CA",15922,49000
14,4900000634,91,32,.04013889,22.84,"COCA-COLA CLASSIC CA",15449,49000
14,4900000634,92,17,.04013889,22.84,"COCA-COLA CLASSIC CA",14970,49000
14,4900000634,93,350,.02208333,40.25,"COCA-COLA CLASSIC CA",15234,49000
14,4900000634,94,53,.04013889,22.84,"COCA-COLA CLASSIC CA",16028,49000
14,4900000634,95,43,.04013889,22.84,"COCA-COLA CLASSIC CA",15212,49000
14,4900000634,96,20,.04013889,22.84,"COCA-COLA CLASSIC CA",15215,49000
14,4900000634,97,751,.04013889,22.84,"COCA-COLA CLASSIC CA",15234,49000
14,4900000634,98,53,.04013889,22.84,"COCA-COLA CLASSIC CA",15358,49000
14,4900000634,99,404,.02208333,40.25,"COCA-COLA CLASSIC CA",15555,49000
14,4900000634,100,25,.03041667,1.83,"COCA-COLA CLASSIC CA",15341,49000
14,4900000634,101,66,.03041667,1.83,"COCA-COLA CLASSIC CA",15092,49000
14,4900000634,102,284,.02208333,40.25,"COCA-COLA CLASSIC CA",20239,49000
14,4900000634,103,49,.03041667,1.83,"COCA-COLA CLASSIC CA",19118,49000
14,4900000634,104,7,.03041667,1.83,"COCA-COLA CLASSIC CA",20982,49000
14,4900000639,1,67,.02646831,24.58,"COCA-COLA CLASSIC",15162,49000
14,4900000639,2,366,.01759625,13.45,"COCA-COLA CLASSIC",15877,49000
14,4900000639,3,74,.02646831,24.58,"COCA-COLA CLASSIC",16458.14,49000
14,4900000639,4,359,.01759625,13.45,"COCA-COLA CLASSIC",15226,49000
14,4900000639,5,66,.02646831,24.58,"COCA-COLA CLASSIC",15352,49000
14,4900000639,6,333,.01759625,13.45,"COCA-COLA CLASSIC",15075,49000
14,4900000639,7,76,.02646831,24.58,"COCA-COLA CLASSIC",15266,49000
14,4900000639,8,57,.02646831,24.58,"COCA-COLA CLASSIC",15226,49000
14,4900000639,9,59,.02646831,24.58,"COCA-COLA CLASSIC",14333,49000
14,4900000639,10,105,.02646831,24.58,"COCA-COLA CLASSIC",17203,49000
14,4900000639,11,687,.01316022,51.69,"COCA-COLA CLASSIC",13378,49000
14,4900000639,12,65,.02646831,24.58,"COCA-COLA CLASSIC",14385,49000
14,4900000639,13,80,.02646831,24.58,"COCA-COLA CLASSIC",14945,49000
14,4900000639,14,646,.01316022,51.69,"COCA-COLA CLASSIC",15824,49000
14,4900000639,15,69,.02646831,24.58,"COCA-COLA CLASSIC",14295,49000
14,4900000639,16,776,.01316022,51.69,"COCA-COLA CLASSIC",14120,49000
14,4900000639,17,101,.02646831,24.58,"COCA-COLA CLASSIC",13907,49000
14,4900000639,18,316,.01759625,13.45,"COCA-COLA CLASSIC",14292,49000
14,4900000639,19,84,.02646831,24.58,"COCA-COLA CLASSIC",14498,49000
14,4900000639,20,331,.01907493,4.65,"COCA-COLA CLASSIC",14694,49000
14,4900000639,21,235,.01907493,4.65,"COCA-COLA CLASSIC",14580,49000
14,4900000639,22,77,.02646831,24.58,"COCA-COLA CLASSIC",14530,49000
14,4900000639,23,418,.01759625,13.45,"COCA-COLA CLASSIC",13895,49000
14,4900000639,24,61,.02646831,24.58,"COCA-COLA CLASSIC",13629,49000
14,4900000639,25,231,.01759625,13.45,"COCA-COLA CLASSIC",13936,49000
14,4900000639,26,69,.02646831,24.58,"COCA-COLA CLASSIC",14579,49000
14,4900000639,27,589,.0146389,36.36,"COCA-COLA CLASSIC",14950,49000
14,4900000639,28,63,.02646831,24.58,"COCA-COLA CLASSIC",14661,49000
14,4900000639,29,78,.02646831,24.58,"COCA-COLA CLASSIC",13965,49000
14,4900000639,30,82,.0205536,2.88,"COCA-COLA CLASSIC",15829,49000
14,4900000639,31,111,.02646831,24.58,"COCA-COLA CLASSIC",15344,49000
14,4900000639,32,275,.0205536,2.88,"COCA-COLA CLASSIC",15223,49000
14,4900000639,33,1309,.01316022,51.69,"COCA-COLA CLASSIC",15811,49000
14,4900000639,34,71,.02646831,24.58,"COCA-COLA CLASSIC",15637,49000
14,4900000639,35,83,.02646831,24.58,"COCA-COLA CLASSIC",17164,49000
14,4900000639,36,147,.01907493,4.65,"COCA-COLA CLASSIC",16037,49000
14,4900000639,37,81,.02646831,24.58,"COCA-COLA CLASSIC",16345,49000
14,4900000639,38,225,.01907493,4.65,"COCA-COLA CLASSIC",16319,49000
14,4900000639,39,57,.02646831,24.58,"COCA-COLA CLASSIC",16481,49000
14,4900000639,40,250,.01907493,4.65,"COCA-COLA CLASSIC",16320,49000
14,4900000639,41,69,.02646831,24.58,"COCA-COLA CLASSIC",15643,49000
14,4900000639,42,54,.02646831,24.58,"COCA-COLA CLASSIC",17091,49000
14,4900000639,43,176,.01907493,4.65,"COCA-COLA CLASSIC",15470,49000
14,4900000639,44,47,.02646831,24.58,"COCA-COLA CLASSIC",14888,49000
14,4900000639,45,96,.01907493,4.65,"COCA-COLA CLASSIC",15211,49000
14,4900000639,46,58,.02646831,24.58,"COCA-COLA CLASSIC",15396,49000
14,4900000639,47,746,.0146389,36.36,"COCA-COLA CLASSIC",14942,49000
14,4900000639,48,39,.02646831,24.58,"COCA-COLA CLASSIC",14713,49000
14,4900000639,49,53,.02646831,24.58,"COCA-COLA CLASSIC",15157,49000
14,4900000639,50,235,.01907493,4.65,"COCA-COLA CLASSIC",15370,49000
14,4900000639,51,66,.02646831,24.58,"COCA-COLA CLASSIC",15084,49000
14,4900000639,52,76,.02203228,9.4,"COCA-COLA CLASSIC",14781,49000
14,4900000639,53,57,.02646831,24.58,"COCA-COLA CLASSIC",14873,49000
14,4900000639,54,59,.02646831,24.58,"COCA-COLA CLASSIC",14925,49000
14,4900000639,55,245,.01759625,13.45,"COCA-COLA CLASSIC",15293,49000
14,4900000639,56,154,.01907493,4.65,"COCA-COLA CLASSIC",14121,49000
14,4900000639,57,66,.02646831,24.58,"COCA-COLA CLASSIC",12252,49000
14,4900000639,58,59,.02646831,24.58,"COCA-COLA CLASSIC",14599,49000
14,4900000639,59,769,.0146389,36.36,"COCA-COLA CLASSIC",15868,49000
14,4900000639,60,28,.02646831,24.58,"COCA-COLA CLASSIC",13945,49000
14,4900000639,61,50,.02646831,24.58,"COCA-COLA CLASSIC",13765,49000
14,4900000639,62,81,.02646831,24.58,"COCA-COLA CLASSIC",17896,49000
14,4900000639,63,47,.02646831,24.58,"COCA-COLA CLASSIC",12981,49000
14,4900000639,64,37,.02646831,24.58,"COCA-COLA CLASSIC",15452,49000
14,4900000639,65,34,.02646831,24.58,"COCA-COLA CLASSIC",14953,49000
14,4900000639,66,148,.01907493,4.65,"COCA-COLA CLASSIC",15719,49000
14,4900000639,67,95,.02646831,24.58,"COCA-COLA CLASSIC",14837,49000
14,4900000639,68,74,.02646831,24.58,"COCA-COLA CLASSIC",13800,49000
14,4900000639,69,58,.02794699,28.57,"COCA-COLA CLASSIC",14732,49000
14,4900000639,70,140,.01907493,10.85,"COCA-COLA CLASSIC",13972,49000
14,4900000639,71,67,.02794699,24.34,"COCA-COLA CLASSIC",11766,49000
14,4900000639,72,98,.02794699,24.34,"COCA-COLA CLASSIC",15684,49000
14,4900000639,73,274,.01907493,10.85,"COCA-COLA CLASSIC",15122,49000
14,4900000639,74,234,.01759625,20.17,"COCA-COLA CLASSIC",13834,49000
14,4900000639,75,49,.02794699,24.34,"COCA-COLA CLASSIC",13586,49000
14,4900000639,76,968,.01316022,60.67,"COCA-COLA CLASSIC",13918,49000
14,4900000639,77,58,.02794699,24.34,"COCA-COLA CLASSIC",14434,49000
14,4900000639,78,70,.02794699,24.34,"COCA-COLA CLASSIC",13234,49000
14,4900000639,79,258,.01759625,20.17,"COCA-COLA CLASSIC",15331,49000
14,4900000639,80,26,.02794699,24.34,"COCA-COLA CLASSIC",14727,49000
14,4900000639,81,77,.02794699,24.34,"COCA-COLA CLASSIC",13639,49000
14,4900000639,82,44,.02794699,24.34,"COCA-COLA CLASSIC",13275,49000
14,4900000639,83,65,.02794699,24.34,"COCA-COLA CLASSIC",14190,49000
14,4900000639,84,625,.0146389,44.44,"COCA-COLA CLASSIC",14739,49000
14,4900000639,85,52,.02794699,24.34,"COCA-COLA CLASSIC",14611,49000
14,4900000639,86,55,.02794699,24.34,"COCA-COLA CLASSIC",15732,49000
14,4900000639,87,12,.02794699,24.34,"COCA-COLA CLASSIC",15845,49000
14,4900000639,88,544,.0146389,44.44,"COCA-COLA CLASSIC",8072,49000
14,4900000639,89,75,.02794699,24.34,"COCA-COLA CLASSIC",35340,49000
14,4900000639,90,37,.02794699,24.34,"COCA-COLA CLASSIC",15922,49000
14,4900000639,91,744,.0146389,44.44,"COCA-COLA CLASSIC",15449,49000
14,4900000639,92,60,.02794699,24.34,"COCA-COLA CLASSIC",14970,49000
14,4900000639,93,43,.02794699,24.34,"COCA-COLA CLASSIC",15234,49000
14,4900000639,94,55,.02794699,24.34,"COCA-COLA CLASSIC",16028,49000
14,4900000639,95,144,.01907493,10.85,"COCA-COLA CLASSIC",15212,49000
14,4900000639,96,39,.02794699,24.34,"COCA-COLA CLASSIC",15215,49000
14,4900000639,97,24,.02794699,24.34,"COCA-COLA CLASSIC",15234,49000
14,4900000639,98,98,.01907493,10.85,"COCA-COLA CLASSIC",15358,49000
14,4900000639,99,52,.02203228,4.03,"COCA-COLA CLASSIC",15555,49000
14,4900000639,100,49,.02203228,4.03,"COCA-COLA CLASSIC",15341,49000
14,4900000639,101,579,.0146389,44.44,"COCA-COLA CLASSIC",15092,49000
14,4900000639,102,2170,.01168154,81.01,"COCA-COLA CLASSIC",20239,49000
14,4900000639,103,99,.02203228,4.03,"COCA-COLA CLASSIC",19118,49000
14,4900000639,104,29,.02203228,4.03,"COCA-COLA CLASSIC",20982,49000
