input/WSDR.csv
store,upc,week,move,price,profit,descrip,custcoun,Brand
14,4900000658,1,11,.03875,22.94,"COKE DIET CANS",15162,49000
14,4900000658,2,35,.03875,22.94,"COKE DIET CANS",15877,49000
14,4900000658,3,205,.02763889,8.04,"COKE DIET CANS",16458.14,49000
14,4900000658,4,54,.03875,22.94,"COKE DIET CANS",15226,49000
14,4900000658,5,13,.03875,22.94,"COKE DIET CANS",15352,49000
14,4900000658,6,50,.03875,22.94,"COKE DIET CANS",15075,49000
14,4900000658,7,39,.03875,22.94,"COKE DIET CANS",15266,49000
14,4900000658,8,22,.03875,22.94,"COKE DIET CANS",15226,49000
14,4900000658,9,18,.03875,22.94,"COKE DIET CANS",14333,49000
14,4900000658,10,23,.03875,22.94,"COKE DIET CANS",17203,49000
14,4900000658,11,38,.03875,22.94,"COKE DIET CANS",13378,49000
14,4900000658,12,264,.02486111,20.11,"COKE DIET CANS",14385,49000
14,4900000658,13,18,.03875,22.94,"COKE DIET CANS",14945,49000
14,4900000658,14,28,.03875,22.94,"COKE DIET CANS",15824,49000
14,4900000658,15,13,.03875,22.94,"COKE DIET CANS",14295,49000
14,4900000658,16,54,.03875,22.94,"COKE DIET CANS",14120,49000
14,4900000658,17,284,.03875,22.94,"COKE DIET CANS",13907,49000
14,4900000658,18,47,.03875,22.94,"COKE DIET CANS",14292,49000
14,4900000658,19,20,.03875,22.94,"COKE DIET CANS",14498,49000
14,4900000658,20,56,.03875,22.94,"COKE DIET CANS",14694,49000
14,4900000658,21,56,.03875,22.94,"COKE DIET CANS",14580,49000
14,4900000658,22,325,.02770833,8.04,"COKE DIET CANS",14530,49000
14,4900000658,23,64,.03875,22.94,"COKE DIET CANS",13895,49000
14,4900000658,24,32,.03875,22.94,"COKE DIET CANS",13629,49000
14,4900000658,25,49,.03875,22.94,"COKE DIET CANS",13936,49000
14,4900000658,26,11,.03875,22.94,"COKE DIET CANS",14579,49000
14,4900000658,27,41,.03875,22.94,"COKE DIET CANS",14950,49000
14,4900000658,28,9,.03875,22.94,"COKE DIET CANS",14661,49000
14,4900000658,29,146,.02763889,8.04,"COKE DIET CANS",13965,49000
14,4900000658,30,44,.03875,22.94,"COKE DIET CANS",15829,49000
14,4900000658,31,15,.03875,22.94,"COKE DIET CANS",15344,49000
14,4900000658,32,51,.03875,22.94,"COKE DIET CANS",15223,49000
14,4900000658,33,61,.03875,22.94,"COKE DIET CANS",15811,49000
14,4900000658,34,42,.03875,22.94,"COKE DIET CANS",15637,49000
14,4900000658,35,576,.01732639,73.39,"COKE DIET CANS",17164,49000
14,4900000658,36,51,.03875,22.94,"COKE DIET CANS",16037,49000
14,4900000658,37,30,.03875,22.94,"COKE DIET CANS",16345,49000
14,4900000658,38,20,.03875,22.94,"COKE DIET CANS",16319,49000
14,4900000658,39,28,.03875,22.94,"COKE DIET CANS",16481,49000
14,4900000658,40,37,.03875,22.94,"COKE DIET CANS",16320,49000
14,4900000658,41,384,.02763889,8.04,"COKE DIET CANS",15643,49000
14,4900000658,42,47,.03875,22.94,"COKE DIET CANS",17091,49000
14,4900000658,43,39,.03875,22.94,"COKE DIET CANS",15470,49000
14,4900000658,44,10,.03875,22.94,"COKE DIET CANS",14888,49000
14,4900000658,45,573,.03875,22.94,"COKE DIET CANS",15211,49000
14,4900000658,46,32,.03875,22.94,"COKE DIET CANS",15396,49000
14,4900000658,47,131,.02763889,8.04,"COKE DIET CANS",14942,49000
14,4900000658,48,16,.03875,22.94,"COKE DIET CANS",14713,49000
14,4900000658,49,836,.03875,22.94,"COKE DIET CANS",15157,49000
14,4900000658,50,54,.03875,22.94,"COKE DIET CANS",15370,49000
14,4900000658,51,56,.03875,22.94,"COKE DIET CANS",15084,49000
14,4900000658,52,64,.03875,22.94,"COKE DIET CANS",14781,49000
14,4900000658,53,112,.03041667,1.83,"COKE DIET CANS",14873,49000
14,4900000658,54,22,.03875,22.94,"COKE DIET CANS",14925,49000
14,4900000658,55,38,.03875,22.94,"COKE DIET CANS",15293,49000
14,4900000658,56,34,.03875,22.94,"COKE DIET CANS",14121,49000
14,4900000658,57,27,.03875,22.94,"COKE DIET CANS",12252,49000
14,4900000658,58,555,.01930556,54.68,"COKE DIET CANS",14599,49000
14,4900000658,59,48,.03875,22.94,"COKE DIET CANS",15868,49000
14,4900000658,60,7,.03875,22.94,"COKE DIET CANS",13945,49000
14,4900000658,61,624,.03875,22.94,"COKE DIET CANS",13765,49000
14,4900000658,62,33,.03875,22.94,"COKE DIET CANS",17896,49000
14,4900000658,63,294,.01930556,54.68,"COKE DIET CANS",12981,49000
14,4900000658,64,16,.03875,22.94,"COKE DIET CANS",15452,49000
14,4900000658,65,426,.01930556,54.68,"COKE DIET CANS",14953,49000
14,4900000658,66,51,.03875,22.94,"COKE DIET CANS",15719,49000
14,4900000658,67,31,.03875,22.94,"COKE DIET CANS",14837,49000
14,4900000658,68,16,.03875,22.94,"COKE DIET CANS",13800,49000
14,4900000658,69,134,.02770833,8.04,"COKE DIET CANS",14732,49000
14,4900000658,70,39,.04013889,22.84,"COKE DIET CANS",13972,49000
14,4900000658,71,1076,.01791667,72.87,"COKE DIET CANS",11766,49000
14,4900000658,72,14,.04013889,22.84,"COKE DIET CANS",15684,49000
14,4900000658,73,46,.04013889,22.84,"COKE DIET CANS",15122,49000
14,4900000658,74,30,.04013889,22.84,"COKE DIET CANS",13834,49000
14,4900000658,75,17,.04013889,22.84,"COKE DIET CANS",13586,49000
14,4900000658,76,28,.04013889,22.84,"COKE DIET CANS",13918,49000
14,4900000658,77,551,.01652778,87.39,"COKE DIET CANS",14434,49000
14,4900000658,78,15,.04013889,22.84,"COKE DIET CANS",13234,49000
14,4900000658,79,110,.02763889,12.06,"COKE DIET CANS",15331,49000
14,4900000658,80,9,.04013889,22.84,"COKE DIET CANS",14727,49000
14,4900000658,81,22,.04013889,22.84,"COKE DIET CANS",13639,49000
14,4900000658,82,431,.02,54.86,"COKE DIET CANS",13275,49000
14,4900000658,83,20,.04013889,22.84,"COKE DIET CANS",14190,49000
14,4900000658,84,16,.04013889,22.84,"COKE DIET CANS",14739,49000
14,4900000658,85,545,.02076389,49.66,"COKE DIET CANS",14611,49000
14,4900000658,86,23,.04013889,22.84,"COKE DIET CANS",15732,49000
14,4900000658,87,54,.02770833,12.06,"COKE DIET CANS",15845,49000
14,4900000658,88,54,.04013889,22.84,"COKE DIET CANS",8072,49000
14,4900000658,89,30,.04013889,22.84,"COKE DIET CANS",35340,49000
14,4900000658,90,538,.02069444,49.66,"COKE DIET CANS",15922,49000
14,4900000658,91,40,.04013889,22.84,"COKE DIET CANS",15449,49000
14,4900000658,92,9,.04013889,22.84,"COKE DIET CANS",14970,49000
14,4900000658,93,343,.02208333,40.25,"COKE DIET CANS",15234,49000
14,4900000658,94,36,.04013889,22.84,"COKE DIET CANS",16028,49000
14,4900000658,95,29,.04013889,22.84,"COKE DIET CANS",15212,49000
14,4900000658,96,17,.04013889,22.84,"COKE DIET CANS",15215,49000
14,4900000658,97,701,.04013889,22.84,"COKE DIET CANS",15234,49000
14,4900000658,98,47,.04013889,22.84,"COKE DIET CANS",15358,49000
14,4900000658,99,314,.02208333,40.25,"COKE DIET CANS",15555,49000
14,4900000658,100,31,.03041667,1.83,"COKE DIET CANS",15341,49000
14,4900000658,101,74,.03041667,1.83,"COKE DIET CANS",15092,49000
14,4900000658,102,265,.02208333,40.25,"COKE DIET CANS",20239,49000
14,4900000658,103,28,.03041667,1.83,"COKE DIET CANS",19118,49000
14,4900000658,104,10,.03041667,1.83,"COKE DIET CANS",20982,49000
14,5490000060,1,32,.01759625,13.45,"DR PEPPER",15162,54900
14,5490000060,2,10,.02646831,24.58,"DR PEPPER",15877,54900
14,5490000060,3,2,.02646831,24.58,"DR PEPPER",16458.14,54900
14,5490000060,4,28,.01759625,13.45,"DR PEPPER",15226,54900
14,5490000060,5,9,.02646831,24.58,"DR PEPPER",15352,54900
14,5490000060,6,34,.01759625,13.45,"DR PEPPER",15075,54900
14,5490000060,7,5,.02646831,24.58,"DR PEPPER",15266,54900
14,5490000060,8,13,.02646831,24.58,"DR PEPPER",15226,54900
14,5490000060,9,21,.01611757,21.1,"DR PEPPER",14333,54900
14,5490000060,10,24,.01611757,21.1,"DR PEPPER",17203,54900
14,5490000060,11,35,.01316022,3.37,"DR PEPPER",13378,54900
14,5490000060,12,8,.02646831,51.96,"DR PEPPER",14385,54900
14,5490000060,13,27,.01759625,27.73,"DR PEPPER",14945,54900
14,5490000060,14,12,.02646831,51.96,"DR PEPPER",15824,54900
14,5490000060,15,10,.02646831,51.96,"DR PEPPER",14295,54900
14,5490000060,16,33,.01168154,8.86,"DR PEPPER",14120,54900
14,5490000060,17,12,.02646831,51.96,"DR PEPPER",13907,54900
14,5490000060,18,42,.01759625,13.45,"DR PEPPER",14292,54900
14,5490000060,19,6,.02646831,24.58,"DR PEPPER",14498,54900
14,5490000060,20,23,.01907493,4.65,"DR PEPPER",14694,54900
14,5490000060,21,47,.01907493,4.65,"DR PEPPER",14580,54900
14,5490000060,22,8,.02646831,24.58,"DR PEPPER",14530,54900
14,5490000060,23,34,.01759625,13.45,"DR PEPPER",13895,54900
14,5490000060,24,7,.02646831,24.58,"DR PEPPER",13629,54900
14,5490000060,25,7,.02646831,24.58,"DR PEPPER",13936,54900
14,5490000060,26,3,.02646831,24.58,"DR PEPPER",14579,54900
14,5490000060,27,63,.0146389,36.36,"DR PEPPER",14950,54900
14,5490000060,28,5,.02646831,24.58,"DR PEPPER",14661,54900
14,5490000060,29,8,.02646831,24.58,"DR PEPPER",13965,54900
14,5490000060,30,20,.01759625,13.45,"DR PEPPER",15829,54900
14,5490000060,31,6,.02646831,24.58,"DR PEPPER",15344,54900
14,5490000060,32,3,.02646831,24.58,"DR PEPPER",15223,54900
14,5490000060,33,84,.01316022,51.69,"DR PEPPER",15811,54900
14,5490000060,34,12,.02646831,24.58,"DR PEPPER",15637,54900
14,5490000060,35,10,.02646831,24.58,"DR PEPPER",17164,54900
14,5490000060,36,107,.01907493,4.65,"DR PEPPER",16037,54900
14,5490000060,37,9,.02646831,24.58,"DR PEPPER",16345,54900
14,5490000060,38,4,.02646831,24.58,"DR PEPPER",16319,54900
14,5490000060,39,102,.01316022,51.69,"DR PEPPER",16481,54900
14,5490000060,40,13,.02646831,24.58,"DR PEPPER",16320,54900
14,5490000060,41,2,.02646831,24.58,"DR PEPPER",15643,54900
14,5490000060,42,7,.02646831,24.58,"DR PEPPER",17091,54900
14,5490000060,43,14,.01907493,4.65,"DR PEPPER",15470,54900
14,5490000060,44,6,.02646831,24.58,"DR PEPPER",14888,54900
14,5490000060,45,38,.01611757,23.85,"DR PEPPER",15211,54900
14,5490000060,46,2,.02646831,24.58,"DR PEPPER",15396,54900
14,5490000060,47,29,.0146389,36.36,"DR PEPPER",14942,54900
14,5490000060,48,4,.02646831,24.58,"DR PEPPER",14713,54900
14,5490000060,49,8,.02646831,24.58,"DR PEPPER",15157,54900
14,5490000060,50,6,.02646831,24.58,"DR PEPPER",15370,54900
14,5490000060,51,15,.01907493,4.65,"DR PEPPER",15084,54900
14,5490000060,52,25,.01907493,4.65,"DR PEPPER",14781,54900
14,5490000060,53,3,.02646831,24.58,"DR PEPPER",14873,54900
14,5490000060,54,15,.01907493,4.65,"DR PEPPER",14925,54900
14,5490000060,55,2,.02646831,24.58,"DR PEPPER",15293,54900
14,5490000060,56,9,.01907493,4.65,"DR PEPPER",14121,54900
14,5490000060,57,6,.02646831,24.58,"DR PEPPER",12252,54900
14,5490000060,58,2,.02646831,24.58,"DR PEPPER",14599,54900
14,5490000060,59,31,.0146389,36.36,"DR PEPPER",15868,54900
14,5490000060,60,4,.02646831,24.58,"DR PEPPER",13945,54900
14,5490000060,61,4,.02646831,24.58,"DR PEPPER",13765,54900
14,5490000060,62,9,.02646831,24.58,"DR PEPPER",17896,54900
14,5490000060,63,3,.02646831,24.58,"DR PEPPER",12981,54900
14,5490000060,64,1,.02646831,24.58,"DR PEPPER",15452,54900
14,5490000060,65,7,.02646831,24.58,"DR PEPPER",14953,54900
14,5490000060,66,5,.02646831,24.58,"DR PEPPER",15719,54900
14,5490000060,67,16,.01907493,4.65,"DR PEPPER",14837,54900
14,5490000060,68,149,.01020287,95.65,"DR PEPPER",13800,54900
14,5490000060,69,9,.02646831,24.58,"DR PEPPER",14732,54900
14,5490000060,70,27,.01907493,10.85,"DR PEPPER",13972,54900
14,5490000060,71,4,.02794699,24.34,"DR PEPPER",11766,54900
14,5490000060,72,11,.02794699,24.34,"DR PEPPER",15684,54900
14,5490000060,73,5,.01907493,10.85,"DR PEPPER",15122,54900
14,5490000060,74,1,.02794699,24.34,"DR PEPPER",13834,54900
14,5490000060,75,22,.01759625,20.17,"DR PEPPER",13586,54900
14,5490000060,76,7,.02794699,24.34,"DR PEPPER",13918,54900
14,5490000060,77,4,.02794699,24.34,"DR PEPPER",14434,54900
14,5490000060,78,3,.02794699,24.34,"DR PEPPER",13234,54900
14,5490000060,79,4,.01759625,20.17,"DR PEPPER",15331,54900
14,5490000060,80,2,.02794699,24.34,"DR PEPPER",14727,54900
14,5490000060,81,16,.01907493,10.85,"DR PEPPER",13639,54900
14,5490000060,82,4,.02794699,24.34,"DR PEPPER",13275,54900
14,5490000060,83,17,.01907493,10.85,"DR PEPPER",14190,54900
14,5490000060,84,3,.02794699,24.34,"DR PEPPER",14739,54900
14,5490000060,85,7,.02794699,24.34,"DR PEPPER",14611,54900
14,5490000060,86,10,.01907493,10.85,"DR PEPPER",15732,54900
14,5490000060,87,1,.02794699,24.34,"DR PEPPER",15845,54900
14,5490000060,88,6,.02794699,24.34,"DR PEPPER",8072,54900
14,5490000060,89,12,.0205536,2.88,"DR PEPPER",35340,54900
14,5490000060,90,4,.02794699,24.34,"DR PEPPER",15922,54900
14,5490000060,91,38,.0146389,44.44,"DR PEPPER",15449,54900
14,5490000060,92,17,.01907493,10.85,"DR PEPPER",14970,54900
14,5490000060,93,1,.02794699,24.34,"DR PEPPER",15234,54900
14,5490000060,94,15,.01907493,10.85,"DR PEPPER",16028,54900
14,5490000060,95,14,.01907493,10.85,"DR PEPPER",15212,54900
14,5490000060,96,3,.02794699,24.34,"DR PEPPER",15215,54900
14,5490000060,97,7,.02794699,24.34,"DR PEPPER",15234,54900
14,5490000060,98,13,.01907493,10.85,"DR PEPPER",15358,54900
14,5490000060,99,7,.02203228,4.03,"DR PEPPER",15555,54900
14,5490000060,100,3,.02203228,4.03,"DR PEPPER",15341,54900
14,5490000060,101,63,.0146389,44.44,"DR PEPPER",15092,54900
14,5490000060,102,260,.01168154,81.01,"DR PEPPER",20239,54900
14,5490000060,103,11,.01907493,10.85,"DR PEPPER",19118,54900
14,5490000060,104,3,.02203228,4.03,"DR PEPPER",20982,54900
