input/WSDR.csv
store,upc,week,move,price,profit,descrip,custcoun,Brand
33,1200000230,1,77,.02646831,24.58,"PEPSI COLA N/R",23170,12000
33,1200000230,2,77,.02646831,24.58,"PEPSI COLA N/R",22628.61,12000
33,1200000230,3,92,.02646831,24.58,"PEPSI COLA N/R",23226,12000
33,1200000230,4,361,.01759625,13.45,"PEPSI COLA N/R",23443,12000
33,1200000230,5,85,.02646831,24.58,"PEPSI COLA N/R",23144,12000
33,1200000230,6,292,.01759625,13.45,"PEPSI COLA N/R",22240,12000
33,1200000230,7,107,.02646831,24.58,"PEPSI COLA N/R",23619,12000
33,1200000230,8,95,.02646831,24.58,"PEPSI COLA N/R",22536,12000
33,1200000230,9,540,.0146389,36.36,"PEPSI COLA N/R",21211,12000
33,1200000230,10,91,.02646831,24.58,"PEPSI COLA N/R",23714,12000
33,1200000230,11,628,.01316022,51.69,"PEPSI COLA N/R",19777,12000
33,1200000230,12,132,.02646831,24.58,"PEPSI COLA N/R",21839,12000
33,1200000230,13,341,.01759625,13.45,"PEPSI COLA N/R",21835,12000
33,1200000230,14,82,.02646831,24.58,"PEPSI COLA N/R",21487,12000
33,1200000230,15,464,.01316022,51.69,"PEPSI COLA N/R",16651,12000
33,1200000230,16,576,.01316022,51.69,"PEPSI COLA N/R",21392,12000
33,1200000230,17,111,.02646831,24.58,"PEPSI COLA N/R",21200,12000
33,1200000230,18,158,.01759625,13.45,"PEPSI COLA N/R",21439,12000
33,1200000230,19,86,.02646831,24.58,"PEPSI COLA N/R",21227,12000
33,1200000230,20,91,.02646831,24.58,"PEPSI COLA N/R",21883,12000
33,1200000230,21,241,.01907493,4.65,"PEPSI COLA N/R",22233,12000
33,1200000230,22,97,.02646831,24.58,"PEPSI COLA N/R",21896,12000
33,1200000230,23,329,.01759625,13.45,"PEPSI COLA N/R",21793,12000
33,1200000230,24,131,.02646831,24.58,"PEPSI COLA N/R",20829,12000
33,1200000230,25,414,.01759625,13.45,"PEPSI COLA N/R",21338,12000
33,1200000230,26,85,.02646831,24.58,"PEPSI COLA N/R",22062,12000
33,1200000230,27,722,.0146389,36.36,"PEPSI COLA N/R",22535,12000
33,1200000230,28,85,.02646831,24.58,"PEPSI COLA N/R",22199,12000
33,1200000230,29,103,.02646831,24.58,"PEPSI COLA N/R",21987,12000
33,1200000230,30,369,.01759625,13.45,"PEPSI COLA N/R",22839,12000
33,1200000230,31,110,.02646831,24.58,"PEPSI COLA N/R",21709,12000
33,1200000230,32,26,.02646831,24.58,"PEPSI COLA N/R",22086,12000
33,1200000230,33,1059,.01316022,51.69,"PEPSI COLA N/R",23384,12000
33,1200000230,34,64,.02646831,24.58,"PEPSI COLA N/R",22818,12000
33,1200000230,35,95,.02646831,24.58,"PEPSI COLA N/R",23450,12000
33,1200000230,36,213,.01907493,4.65,"PEPSI COLA N/R",22711,12000
33,1200000230,37,70,.02646831,24.58,"PEPSI COLA N/R",23080,12000
33,1200000230,38,75,.02646831,24.58,"PEPSI COLA N/R",24212,12000
33,1200000230,39,1271,.01316022,51.69,"PEPSI COLA N/R",24029,12000
33,1200000230,40,90,.02646831,24.58,"PEPSI COLA N/R",23594,12000
33,1200000230,41,199,.01907493,4.65,"PEPSI COLA N/R",24055,12000
33,1200000230,42,100,.02646831,24.58,"PEPSI COLA N/R",25577,12000
33,1200000230,43,247,.01907493,4.65,"PEPSI COLA N/R",24782,12000
33,1200000230,44,102,.02646831,24.58,"PEPSI COLA N/R",24133,12000
33,1200000230,45,106,.01907493,4.65,"PEPSI COLA N/R",24279,12000
33,1200000230,46,95,.02646831,24.58,"PEPSI COLA N/R",23747,12000
33,1200000230,47,625,.0146389,36.36,"PEPSI COLA N/R",23960,12000
33,1200000230,48,73,.02646831,24.58,"PEPSI COLA N/R",23460,12000
33,1200000230,49,75,.02646831,24.58,"PEPSI COLA N/R",23775,12000
33,1200000230,50,231,.01907493,4.65,"PEPSI COLA N/R",23987,12000
33,1200000230,51,87,.02646831,24.58,"PEPSI COLA N/R",24297,12000
33,1200000230,52,246,.01907493,4.65,"PEPSI COLA N/R",23531,12000
33,1200000230,53,93,.02646831,24.58,"PEPSI COLA N/R",22694,12000
33,1200000230,54,75,.02646831,24.58,"PEPSI COLA N/R",22687,12000
33,1200000230,55,72,.02646831,24.58,"PEPSI COLA N/R",22873,12000
33,1200000230,56,151,.01907493,4.65,"PEPSI COLA N/R",21279,12000
33,1200000230,57,98,.02646831,24.58,"PEPSI COLA N/R",21903,12000
33,1200000230,58,66,.02646831,24.58,"PEPSI COLA N/R",21314,12000
33,1200000230,59,432,.0146389,36.36,"PEPSI COLA N/R",22377,12000
33,1200000230,60,65,.02646831,24.58,"PEPSI COLA N/R",20594,12000
33,1200000230,61,80,.02646831,24.58,"PEPSI COLA N/R",20438,12000
33,1200000230,62,100,.02646831,24.58,"PEPSI COLA N/R",23807,12000
33,1200000230,63,78,.02646831,24.58,"PEPSI COLA N/R",19180,12000
33,1200000230,64,90,.02646831,24.58,"PEPSI COLA N/R",23755,12000
33,1200000230,65,236,.01759625,13.45,"PEPSI COLA N/R",22421,12000
33,1200000230,66,237,.01907493,4.65,"PEPSI COLA N/R",22906,12000
33,1200000230,67,84,.02646831,24.58,"PEPSI COLA N/R",17915,12000
33,1200000230,68,116,.02646831,24.58,"PEPSI COLA N/R",20919,12000
33,1200000230,69,94,.02794699,28.57,"PEPSI COLA N/R",23724,12000
33,1200000230,70,196,.01907493,10.85,"PEPSI COLA N/R",21229,12000
33,1200000230,71,70,.02794699,24.34,"PEPSI COLA N/R",20923,12000
33,1200000230,72,80,.02794699,24.34,"PEPSI COLA N/R",20563,12000
33,1200000230,73,253,.01907493,10.85,"PEPSI COLA N/R",24745,12000
33,1200000230,74,50,.02794699,24.34,"PEPSI COLA N/R",22505,12000
33,1200000230,75,127,.01907493,10.85,"PEPSI COLA N/R",21853,12000
33,1200000230,76,50,.02794699,24.34,"PEPSI COLA N/R",22263,12000
33,1200000230,77,58,.02794699,24.34,"PEPSI COLA N/R",23437,12000
33,1200000230,78,69,.02794699,24.34,"PEPSI COLA N/R",21881,12000
33,1200000230,79,141,.01759625,20.17,"PEPSI COLA N/R",26896,12000
33,1200000230,80,65,.02794699,24.34,"PEPSI COLA N/R",24145,12000
33,1200000230,81,55,.02794699,24.34,"PEPSI COLA N/R",23082,12000
33,1200000230,82,61,.02794699,24.34,"PEPSI COLA N/R",23636,12000
33,1200000230,83,54,.02794699,24.34,"PEPSI COLA N/R",23966,12000
33,1200000230,84,600,.0146389,44.44,"PEPSI COLA N/R",24385,12000
33,1200000230,85,63,.02794699,24.34,"PEPSI COLA N/R",23930,12000
33,1200000230,86,67,.02794699,24.34,"PEPSI COLA N/R",25905,12000
33,1200000230,87,81,.02794699,24.34,"PEPSI COLA N/R",24747,12000
33,1200000230,88,507,.0146389,44.44,"PEPSI COLA N/R",23525,12000
33,1200000230,89,60,.02794699,24.34,"PEPSI COLA N/R",24380,12000
33,1200000230,90,51,.02794699,24.34,"PEPSI COLA N/R",25803,12000
33,1200000230,91,621,.0146389,44.44,"PEPSI COLA N/R",25199,12000
33,1200000230,92,70,.02794699,24.34,"PEPSI COLA N/R",24945,12000
33,1200000230,93,73,.02794699,24.34,"PEPSI COLA N/R",24697,12000
33,1200000230,94,91,.02794699,24.34,"PEPSI COLA N/R",25817,12000
33,1200000230,95,160,.01907493,10.85,"PEPSI COLA N/R",25362,12000
33,1200000230,96,77,.02794699,24.34,"PEPSI COLA N/R",26193,12000
33,1200000230,97,51,.02794699,24.34,"PEPSI COLA N/R",25548,12000
33,1200000230,98,152,.01907493,10.85,"PEPSI COLA N/R",25661,12000
33,1200000230,99,97,.02203228,4.03,"PEPSI COLA N/R",26505,12000
33,1200000230,100,112,.02203228,4.03,"PEPSI COLA N/R",24908,12000
33,1200000230,101,552,.0146389,44.44,"PEPSI COLA N/R",25141,12000
33,1200000230,102,118,.02203228,4.03,"PEPSI COLA N/R",25035,12000
33,1200000230,103,108,.02203228,4.03,"PEPSI COLA N/R",26001,12000
33,1200000230,104,97,.02203228,4.03,"PEPSI COLA N/R",24942,12000
33,1200000394,1,49,.01949219,4.02,"PEPSI COLA N.R. BOTT",23170,12000
33,1200000394,2,10,.02335938,20.07,"PEPSI COLA N.R. BOTT",22628.61,12000
33,1200000394,3,6,.02335938,20.07,"PEPSI COLA N.R. BOTT",23226,12000
33,1200000394,4,13,.02335938,20.07,"PEPSI COLA N.R. BOTT",23443,12000
33,1200000394,5,12,.02335938,20.07,"PEPSI COLA N.R. BOTT",23144,12000
33,1200000394,6,28,.02179688,14.34,"PEPSI COLA N.R. BOTT",22240,12000
33,1200000394,7,14,.02335938,20.07,"PEPSI COLA N.R. BOTT",23619,12000
33,1200000394,8,7,.02335938,20.07,"PEPSI COLA N.R. BOTT",22536,12000
33,1200000394,9,12,.02335938,20.07,"PEPSI COLA N.R. BOTT",21211,12000
33,1200000394,10,8,.02335938,20.07,"PEPSI COLA N.R. BOTT",23714,12000
33,1200000394,11,8,.02335938,20.07,"PEPSI COLA N.R. BOTT",19777,12000
33,1200000394,12,17,.02335938,20.07,"PEPSI COLA N.R. BOTT",21839,12000
33,1200000394,13,22,.02179688,14.34,"PEPSI COLA N.R. BOTT",21835,12000
33,1200000394,14,11,.02179688,14.34,"PEPSI COLA N.R. BOTT",21487,12000
33,1200000394,15,10,.02335938,20.07,"PEPSI COLA N.R. BOTT",16651,12000
33,1200000394,16,15,.02335938,20.07,"PEPSI COLA N.R. BOTT",21392,12000
33,1200000394,17,6,.02335938,20.07,"PEPSI COLA N.R. BOTT",21200,12000
33,1200000394,18,36,.01949219,4.02,"PEPSI COLA N.R. BOTT",21439,12000
33,1200000394,19,18,.02335938,20.07,"PEPSI COLA N.R. BOTT",21227,12000
33,1200000394,20,34,.01867188,0,"PEPSI COLA N.R. BOTT",21883,12000
33,1200000394,21,29,.01867188,0,"PEPSI COLA N.R. BOTT",22233,12000
33,1200000394,22,15,.02335938,20.07,"PEPSI COLA N.R. BOTT",21896,12000
33,1200000394,23,40,.01945313,4.02,"PEPSI COLA N.R. BOTT",21793,12000
33,1200000394,24,10,.02335938,20.07,"PEPSI COLA N.R. BOTT",20829,12000
33,1200000394,25,11,.02335938,20.07,"PEPSI COLA N.R. BOTT",21338,12000
33,1200000394,26,11,.02335938,20.07,"PEPSI COLA N.R. BOTT",22062,12000
33,1200000394,27,18,.02335938,20.07,"PEPSI COLA N.R. BOTT",22535,12000
33,1200000394,28,14,.02335938,20.07,"PEPSI COLA N.R. BOTT",22199,12000
33,1200000394,29,12,.02335938,20.07,"PEPSI COLA N.R. BOTT",21987,12000
33,1200000394,30,16,.02101563,11.15,"PEPSI COLA N.R. BOTT",22839,12000
33,1200000394,31,19,.02335938,20.07,"PEPSI COLA N.R. BOTT",21709,12000
33,1200000394,32,7,.02335938,20.07,"PEPSI COLA N.R. BOTT",22086,12000
33,1200000394,33,24,.02101563,11.15,"PEPSI COLA N.R. BOTT",23384,12000
33,1200000394,34,22,.02101563,11.15,"PEPSI COLA N.R. BOTT",22818,12000
33,1200000394,35,16,.02335938,20.07,"PEPSI COLA N.R. BOTT",23450,12000
33,1200000394,36,14,.02335938,20.07,"PEPSI COLA N.R. BOTT",22711,12000
33,1200000394,37,13,.02335938,20.07,"PEPSI COLA N.R. BOTT",23080,12000
33,1200000394,38,10,.02335938,20.07,"PEPSI COLA N.R. BOTT",24212,12000
33,1200000394,39,27,.02101563,11.15,"PEPSI COLA N.R. BOTT",24029,12000
33,1200000394,40,9,.02335938,20.07,"PEPSI COLA N.R. BOTT",23594,12000
33,1200000394,41,15,.02335938,20.07,"PEPSI COLA N.R. BOTT",24055,12000
33,1200000394,42,27,.02335938,20.07,"PEPSI COLA N.R. BOTT",25577,12000
33,1200000394,43,20,.02101563,11.15,"PEPSI COLA N.R. BOTT",24782,12000
33,1200000394,44,15,.02335938,20.07,"PEPSI COLA N.R. BOTT",24133,12000
33,1200000394,45,14,.02335938,20.07,"PEPSI COLA N.R. BOTT",24279,12000
33,1200000394,46,17,.02335938,20.07,"PEPSI COLA N.R. BOTT",23747,12000
33,1200000394,47,11,.02335938,20.07,"PEPSI COLA N.R. BOTT",23960,12000
33,1200000394,48,12,.02335938,20.07,"PEPSI COLA N.R. BOTT",23460,12000
33,1200000394,49,10,.02335938,20.07,"PEPSI COLA N.R. BOTT",23775,12000
33,1200000394,50,14,.02335938,20.07,"PEPSI COLA N.R. BOTT",23987,12000
33,1200000394,51,13,.02335938,20.07,"PEPSI COLA N.R. BOTT",24297,12000
33,1200000394,52,10,.02335938,20.07,"PEPSI COLA N.R. BOTT",23531,12000
33,1200000394,53,13,.02101563,11.15,"PEPSI COLA N.R. BOTT",22694,12000
33,1200000394,54,8,.02335938,20.07,"PEPSI COLA N.R. BOTT",22687,12000
33,1200000394,55,17,.02335938,20.07,"PEPSI COLA N.R. BOTT",22873,12000
33,1200000394,56,19,.02335938,20.07,"PEPSI COLA N.R. BOTT",21279,12000
33,1200000394,57,9,.02335938,20.07,"PEPSI COLA N.R. BOTT",21903,12000
33,1200000394,58,15,.02179688,14.34,"PEPSI COLA N.R. BOTT",21314,12000
33,1200000394,59,13,.02335938,20.07,"PEPSI COLA N.R. BOTT",22377,12000
33,1200000394,60,14,.02101563,11.15,"PEPSI COLA N.R. BOTT",20594,12000
33,1200000394,61,12,.02335938,20.07,"PEPSI COLA N.R. BOTT",20438,12000
33,1200000394,62,12,.02335938,20.07,"PEPSI COLA N.R. BOTT",23807,12000
33,1200000394,63,12,.02335938,20.07,"PEPSI COLA N.R. BOTT",19180,12000
33,1200000394,64,15,.02101563,11.15,"PEPSI COLA N.R. BOTT",23755,12000
33,1200000394,65,13,.02335938,20.07,"PEPSI COLA N.R. BOTT",22421,12000
33,1200000394,66,21,.02335938,20.07,"PEPSI COLA N.R. BOTT",22906,12000
33,1200000394,67,11,.02335938,20.07,"PEPSI COLA N.R. BOTT",17915,12000
33,1200000394,68,19,.02335938,20.07,"PEPSI COLA N.R. BOTT",20919,12000
33,1200000394,69,8,.03195312,41.56,"PEPSI COLA N.R. BOTT",23724,12000
33,1200000394,70,6,.03195312,31.78,"PEPSI COLA N.R. BOTT",21229,12000
33,1200000394,71,10,.02726563,20.06,"PEPSI COLA N.R. BOTT",20923,12000
33,1200000394,72,12,.03117188,30.08,"PEPSI COLA N.R. BOTT",20563,12000
33,1200000394,73,23,.02726563,20.06,"PEPSI COLA N.R. BOTT",24745,12000
33,1200000394,74,13,.02726563,20.06,"PEPSI COLA N.R. BOTT",22505,12000
33,1200000394,75,11,.03117188,30.08,"PEPSI COLA N.R. BOTT",21853,12000
33,1200000394,76,5,.03117188,30.08,"PEPSI COLA N.R. BOTT",22263,12000
33,1200000394,77,7,.02726563,20.06,"PEPSI COLA N.R. BOTT",23437,12000
33,1200000394,78,12,.02726563,20.06,"PEPSI COLA N.R. BOTT",21881,12000
33,1200000394,79,5,.02726563,20.06,"PEPSI COLA N.R. BOTT",26896,12000
33,1200000394,80,5,.02726563,20.06,"PEPSI COLA N.R. BOTT",24145,12000
33,1200000394,81,4,.02726563,20.06,"PEPSI COLA N.R. BOTT",23082,12000
33,1200000394,82,5,.02726563,20.06,"PEPSI COLA N.R. BOTT",23636,12000
33,1200000394,83,7,.02726563,20.06,"PEPSI COLA N.R. BOTT",23966,12000
33,1200000394,84,3,.02335938,6.69,"PEPSI COLA N.R. BOTT",24385,12000
33,1200000394,85,17,.02335938,6.69,"PEPSI COLA N.R. BOTT",23930,12000
33,1200000394,86,12,.02726563,20.06,"PEPSI COLA N.R. BOTT",25905,12000
33,1200000394,87,14,.02335938,6.69,"PEPSI COLA N.R. BOTT",24747,12000
33,1200000394,88,17,.02335938,6.69,"PEPSI COLA N.R. BOTT",23525,12000
33,1200000394,89,9,.02726563,20.06,"PEPSI COLA N.R. BOTT",24380,12000
33,1200000394,90,6,.02726563,20.06,"PEPSI COLA N.R. BOTT",25803,12000
33,1200000394,91,11,.02726563,20.06,"PEPSI COLA N.R. BOTT",25199,12000
33,1200000394,92,9,.02335938,6.69,"PEPSI COLA N.R. BOTT",24945,12000
33,1200000394,93,6,.02726563,20.06,"PEPSI COLA N.R. BOTT",24697,12000
33,1200000394,94,13,.02335938,6.69,"PEPSI COLA N.R. BOTT",25817,12000
33,1200000394,95,18,.02179688,0,"PEPSI COLA N.R. BOTT",25362,12000
33,1200000394,96,4,.02726563,20.06,"PEPSI COLA N.R. BOTT",26193,12000
33,1200000394,97,9,.02726563,20.06,"PEPSI COLA N.R. BOTT",25548,12000
33,1200000394,98,5,.02726563,20.06,"PEPSI COLA N.R. BOTT",25661,12000
33,1200000394,99,15,.02179688,0,"PEPSI COLA N.R. BOTT",26505,12000
33,1200000394,100,1,.02726563,20.06,"PEPSI COLA N.R. BOTT",24908,12000
33,1200000394,101,4,.02726563,20.06,"PEPSI COLA N.R. BOTT",25141,12000
33,1200000394,102,8,.02726563,20.06,"PEPSI COLA N.R. BOTT",25035,12000
33,1200000394,103,7,.02726563,20.06,"PEPSI COLA N.R. BOTT",26001,12000
33,1200000394,104,12,.02726563,20.06,"PEPSI COLA N.R. BOTT",24942,12000
