input/WSDR.csv
store,upc,week,move,price,profit,descrip,custcoun,Brand
33,1200000396,1,35,.01949219,4.02,"DIET PEPSI N.R. BOTT",23170,12000
33,1200000396,2,2,.02335938,20.07,"DIET PEPSI N.R. BOTT",22628.61,12000
33,1200000396,3,8,.02335938,20.07,"DIET PEPSI N.R. BOTT",23226,12000
33,1200000396,4,12,.02335938,20.07,"DIET PEPSI N.R. BOTT",23443,12000
33,1200000396,5,7,.02335938,20.07,"DIET PEPSI N.R. BOTT",23144,12000
33,1200000396,6,24,.02179688,14.34,"DIET PEPSI N.R. BOTT",22240,12000
33,1200000396,7,7,.02335938,20.07,"DIET PEPSI N.R. BOTT",23619,12000
33,1200000396,8,8,.02335938,20.07,"DIET PEPSI N.R. BOTT",22536,12000
33,1200000396,9,14,.02335938,20.07,"DIET PEPSI N.R. BOTT",21211,12000
33,1200000396,10,14,.02335938,20.07,"DIET PEPSI N.R. BOTT",23714,12000
33,1200000396,11,8,.02335938,20.07,"DIET PEPSI N.R. BOTT",19777,12000
33,1200000396,12,12,.02335938,20.07,"DIET PEPSI N.R. BOTT",21839,12000
33,1200000396,13,16,.02179688,14.34,"DIET PEPSI N.R. BOTT",21835,12000
33,1200000396,14,7,.02179688,14.34,"DIET PEPSI N.R. BOTT",21487,12000
33,1200000396,15,3,.02335938,20.07,"DIET PEPSI N.R. BOTT",16651,12000
33,1200000396,16,15,.02335938,20.07,"DIET PEPSI N.R. BOTT",21392,12000
33,1200000396,17,11,.02335938,20.07,"DIET PEPSI N.R. BOTT",21200,12000
33,1200000396,18,31,.01949219,4.02,"DIET PEPSI N.R. BOTT",21439,12000
33,1200000396,19,13,.02335938,20.07,"DIET PEPSI N.R. BOTT",21227,12000
33,1200000396,20,37,.01867188,0,"DIET PEPSI N.R. BOTT",21883,12000
33,1200000396,21,35,.01867188,0,"DIET PEPSI N.R. BOTT",22233,12000
33,1200000396,22,20,.02335938,20.07,"DIET PEPSI N.R. BOTT",21896,12000
33,1200000396,23,50,.01945313,4.02,"DIET PEPSI N.R. BOTT",21793,12000
33,1200000396,24,18,.02335938,20.07,"DIET PEPSI N.R. BOTT",20829,12000
33,1200000396,25,17,.02335938,20.07,"DIET PEPSI N.R. BOTT",21338,12000
33,1200000396,26,6,.02335938,20.07,"DIET PEPSI N.R. BOTT",22062,12000
33,1200000396,27,19,.02335938,20.07,"DIET PEPSI N.R. BOTT",22535,12000
33,1200000396,28,12,.02335938,20.07,"DIET PEPSI N.R. BOTT",22199,12000
33,1200000396,29,12,.02335938,20.07,"DIET PEPSI N.R. BOTT",21987,12000
33,1200000396,30,29,.02101563,11.15,"DIET PEPSI N.R. BOTT",22839,12000
33,1200000396,31,18,.02335938,20.07,"DIET PEPSI N.R. BOTT",21709,12000
33,1200000396,32,5,.02335938,20.07,"DIET PEPSI N.R. BOTT",22086,12000
33,1200000396,33,25,.02101563,11.15,"DIET PEPSI N.R. BOTT",23384,12000
33,1200000396,34,20,.02101563,11.15,"DIET PEPSI N.R. BOTT",22818,12000
33,1200000396,35,13,.02335938,20.07,"DIET PEPSI N.R. BOTT",23450,12000
33,1200000396,36,24,.02335938,20.07,"DIET PEPSI N.R. BOTT",22711,12000
33,1200000396,37,12,.02335938,20.07,"DIET PEPSI N.R. BOTT",23080,12000
33,1200000396,38,18,.02335938,20.07,"DIET PEPSI N.R. BOTT",24212,12000
33,1200000396,39,24,.02101563,11.15,"DIET PEPSI N.R. BOTT",24029,12000
33,1200000396,40,22,.02335938,20.07,"DIET PEPSI N.R. BOTT",23594,12000
33,1200000396,41,31,.02335938,20.07,"DIET PEPSI N.R. BOTT",24055,12000
33,1200000396,42,8,.02335938,20.07,"DIET PEPSI N.R. BOTT",25577,12000
33,1200000396,43,12,.02101563,11.15,"DIET PEPSI N.R. BOTT",24782,12000
33,1200000396,44,26,.02335938,20.07,"DIET PEPSI N.R. BOTT",24133,12000
33,1200000396,45,20,.02335938,20.07,"DIET PEPSI N.R. BOTT",24279,12000
33,1200000396,46,14,.02335938,20.07,"DIET PEPSI N.R. BOTT",23747,12000
33,1200000396,47,13,.02335938,20.07,"DIET PEPSI N.R. BOTT",23960,12000
33,1200000396,48,18,.02335938,20.07,"DIET PEPSI N.R. BOTT",23460,12000
33,1200000396,49,17,.02335938,20.07,"DIET PEPSI N.R. BOTT",23775,12000
33,1200000396,50,17,.02335938,20.07,"DIET PEPSI N.R. BOTT",23987,12000
33,1200000396,51,10,.02335938,20.07,"DIET PEPSI N.R. BOTT",24297,12000
33,1200000396,52,18,.02335938,20.07,"DIET PEPSI N.R. BOTT",23531,12000
33,1200000396,53,11,.02101563,11.15,"DIET PEPSI N.R. BOTT",22694,12000
33,1200000396,54,9,.02335938,20.07,"DIET PEPSI N.R. BOTT",22687,12000
33,1200000396,55,14,.02335938,20.07,"DIET PEPSI N.R. BOTT",22873,12000
33,1200000396,56,15,.02335938,20.07,"DIET PEPSI N.R. BOTT",21279,12000
33,1200000396,57,13,.02335938,20.07,"DIET PEPSI N.R. BOTT",21903,12000
33,1200000396,58,13,.02179688,14.34,"DIET PEPSI N.R. BOTT",21314,12000
33,1200000396,59,8,.02335938,20.07,"DIET PEPSI N.R. BOTT",22377,12000
33,1200000396,60,12,.02101563,11.15,"DIET PEPSI N.R. BOTT",20594,12000
33,1200000396,61,9,.02335938,20.07,"DIET PEPSI N.R. BOTT",20438,12000
33,1200000396,62,18,.02335938,20.07,"DIET PEPSI N.R. BOTT",23807,12000
33,1200000396,63,12,.02335938,20.07,"DIET PEPSI N.R. BOTT",19180,12000
33,1200000396,64,18,.02101563,11.15,"DIET PEPSI N.R. BOTT",23755,12000
33,1200000396,65,11,.02335938,20.07,"DIET PEPSI N.R. BOTT",22421,12000
33,1200000396,66,19,.02335938,20.07,"DIET PEPSI N.R. BOTT",22906,12000
33,1200000396,67,9,.02335938,20.07,"DIET PEPSI N.R. BOTT",17915,12000
33,1200000396,68,17,.02335938,20.07,"DIET PEPSI N.R. BOTT",20919,12000
33,1200000396,69,10,.03195312,41.56,"DIET PEPSI N.R. BOTT",23724,12000
33,1200000396,70,10,.03195312,31.78,"DIET PEPSI N.R. BOTT",21229,12000
33,1200000396,71,11,.02726563,20.06,"DIET PEPSI N.R. BOTT",20923,12000
33,1200000396,72,10,.03117188,30.08,"DIET PEPSI N.R. BOTT",20563,12000
33,1200000396,73,9,.02726563,20.06,"DIET PEPSI N.R. BOTT",24745,12000
33,1200000396,74,11,.02726563,20.06,"DIET PEPSI N.R. BOTT",22505,12000
33,1200000396,75,10,.03117188,30.08,"DIET PEPSI N.R. BOTT",21853,12000
33,1200000396,76,7,.03117188,30.08,"DIET PEPSI N.R. BOTT",22263,12000
33,1200000396,77,4,.02726563,20.06,"DIET PEPSI N.R. BOTT",23437,12000
33,1200000396,78,13,.02726563,20.06,"DIET PEPSI N.R. BOTT",21881,12000
33,1200000396,79,12,.02726563,20.06,"DIET PEPSI N.R. BOTT",26896,12000
33,1200000396,80,14,.02726563,20.06,"DIET PEPSI N.R. BOTT",24145,12000
33,1200000396,81,5,.02726563,20.06,"DIET PEPSI N.R. BOTT",23082,12000
33,1200000396,82,10,.02726563,20.06,"DIET PEPSI N.R. BOTT",23636,12000
33,1200000396,83,10,.02726563,20.06,"DIET PEPSI N.R. BOTT",23966,12000
33,1200000396,84,7,.02335938,6.69,"DIET PEPSI N.R. BOTT",24385,12000
33,1200000396,85,17,.02335938,6.69,"DIET PEPSI N.R. BOTT",23930,12000
33,1200000396,86,11,.02726563,20.06,"DIET PEPSI N.R. BOTT",25905,12000
33,1200000396,87,12,.02335938,6.69,"DIET PEPSI N.R. BOTT",24747,12000
33,1200000396,88,16,.02335938,6.69,"DIET PEPSI N.R. BOTT",23525,12000
33,1200000396,89,10,.02726563,20.06,"DIET PEPSI N.R. BOTT",24380,12000
33,1200000396,90,8,.02726563,20.06,"DIET PEPSI N.R. BOTT",25803,12000
33,1200000396,91,12,.02726563,20.06,"DIET PEPSI N.R. BOTT",25199,12000
33,1200000396,92,6,.02335938,6.69,"DIET PEPSI N.R. BOTT",24945,12000
33,1200000396,93,4,.02726563,20.06,"DIET PEPSI N.R. BOTT",24697,12000
33,1200000396,94,4,.02335938,6.69,"DIET PEPSI N.R. BOTT",25817,12000
33,1200000396,95,19,.02179688,0,"DIET PEPSI N.R. BOTT",25362,12000
33,1200000396,96,5,.02726563,20.06,"DIET PEPSI N.R. BOTT",26193,12000
33,1200000396,97,5,.02726563,20.06,"DIET PEPSI N.R. BOTT",25548,12000
33,1200000396,98,7,.02726563,20.06,"DIET PEPSI N.R. BOTT",25661,12000
33,1200000396,99,6,.02179688,0,"DIET PEPSI N.R. BOTT",26505,12000
33,1200000396,100,5,.02726563,20.06,"DIET PEPSI N.R. BOTT",24908,12000
33,1200000396,101,6,.02726563,20.06,"DIET PEPSI N.R. BOTT",25141,12000
33,1200000396,102,9,.02726563,20.06,"DIET PEPSI N.R. BOTT",25035,12000
33,1200000396,103,4,.02726563,20.06,"DIET PEPSI N.R. BOTT",26001,12000
33,1200000396,104,4,.02726563,20.06,"DIET PEPSI N.R. BOTT",24942,12000
33,1200000492,1,14,.02646831,24.58,"CAFFEINE FREE PEPSI",23170,12000
33,1200000492,2,9,.02646831,24.58,"CAFFEINE FREE PEPSI",22628.61,12000
33,1200000492,3,14,.02646831,24.58,"CAFFEINE FREE PEPSI",23226,12000
33,1200000492,4,31,.01759625,13.45,"CAFFEINE FREE PEPSI",23443,12000
33,1200000492,5,14,.02646831,24.58,"CAFFEINE FREE PEPSI",23144,12000
33,1200000492,6,27,.01759625,13.45,"CAFFEINE FREE PEPSI",22240,12000
33,1200000492,7,13,.02646831,24.58,"CAFFEINE FREE PEPSI",23619,12000
33,1200000492,8,12,.02646831,24.58,"CAFFEINE FREE PEPSI",22536,12000
33,1200000492,9,49,.0146389,36.36,"CAFFEINE FREE PEPSI",21211,12000
33,1200000492,10,20,.02646831,24.58,"CAFFEINE FREE PEPSI",23714,12000
33,1200000492,11,72,.01316022,51.69,"CAFFEINE FREE PEPSI",19777,12000
33,1200000492,12,11,.02646831,24.58,"CAFFEINE FREE PEPSI",21839,12000
33,1200000492,13,41,.01759625,13.45,"CAFFEINE FREE PEPSI",21835,12000
33,1200000492,14,8,.02646831,24.58,"CAFFEINE FREE PEPSI",21487,12000
33,1200000492,15,61,.01316022,51.69,"CAFFEINE FREE PEPSI",16651,12000
33,1200000492,16,74,.01316022,51.69,"CAFFEINE FREE PEPSI",21392,12000
33,1200000492,17,17,.02646831,24.58,"CAFFEINE FREE PEPSI",21200,12000
33,1200000492,18,45,.01759625,13.45,"CAFFEINE FREE PEPSI",21439,12000
33,1200000492,19,23,.02646831,24.58,"CAFFEINE FREE PEPSI",21227,12000
33,1200000492,20,19,.02646831,24.58,"CAFFEINE FREE PEPSI",21883,12000
33,1200000492,21,33,.01907493,4.65,"CAFFEINE FREE PEPSI",22233,12000
33,1200000492,22,21,.02646831,24.58,"CAFFEINE FREE PEPSI",21896,12000
33,1200000492,23,43,.01759625,13.45,"CAFFEINE FREE PEPSI",21793,12000
33,1200000492,24,14,.02646831,24.58,"CAFFEINE FREE PEPSI",20829,12000
33,1200000492,25,43,.01759625,13.45,"CAFFEINE FREE PEPSI",21338,12000
33,1200000492,26,16,.02646831,24.58,"CAFFEINE FREE PEPSI",22062,12000
33,1200000492,27,77,.0146389,36.36,"CAFFEINE FREE PEPSI",22535,12000
33,1200000492,28,10,.02646831,24.58,"CAFFEINE FREE PEPSI",22199,12000
33,1200000492,29,15,.02646831,24.58,"CAFFEINE FREE PEPSI",21987,12000
33,1200000492,30,57,.01759625,13.45,"CAFFEINE FREE PEPSI",22839,12000
33,1200000492,31,7,.02646831,24.58,"CAFFEINE FREE PEPSI",21709,12000
33,1200000492,32,5,.02646831,24.58,"CAFFEINE FREE PEPSI",22086,12000
33,1200000492,33,58,.01316022,51.69,"CAFFEINE FREE PEPSI",23384,12000
33,1200000492,34,13,.02646831,24.58,"CAFFEINE FREE PEPSI",22818,12000
33,1200000492,35,16,.02646831,24.58,"CAFFEINE FREE PEPSI",23450,12000
33,1200000492,36,21,.01907493,4.65,"CAFFEINE FREE PEPSI",22711,12000
33,1200000492,37,8,.02646831,24.58,"CAFFEINE FREE PEPSI",23080,12000
33,1200000492,38,10,.02646831,24.58,"CAFFEINE FREE PEPSI",24212,12000
33,1200000492,39,63,.01316022,51.69,"CAFFEINE FREE PEPSI",24029,12000
33,1200000492,40,12,.02646831,24.58,"CAFFEINE FREE PEPSI",23594,12000
33,1200000492,41,41,.01907493,4.65,"CAFFEINE FREE PEPSI",24055,12000
33,1200000492,42,15,.02646831,24.58,"CAFFEINE FREE PEPSI",25577,12000
33,1200000492,43,31,.01907493,4.65,"CAFFEINE FREE PEPSI",24782,12000
33,1200000492,44,25,.02646831,24.58,"CAFFEINE FREE PEPSI",24133,12000
33,1200000492,45,25,.01907493,4.65,"CAFFEINE FREE PEPSI",24279,12000
33,1200000492,46,17,.02646831,24.58,"CAFFEINE FREE PEPSI",23747,12000
33,1200000492,47,56,.0146389,36.36,"CAFFEINE FREE PEPSI",23960,12000
33,1200000492,48,10,.02646831,24.58,"CAFFEINE FREE PEPSI",23460,12000
33,1200000492,49,13,.02646831,24.58,"CAFFEINE FREE PEPSI",23775,12000
33,1200000492,50,27,.01907493,4.65,"CAFFEINE FREE PEPSI",23987,12000
33,1200000492,51,16,.02646831,24.58,"CAFFEINE FREE PEPSI",24297,12000
33,1200000492,52,33,.01907493,4.65,"CAFFEINE FREE PEPSI",23531,12000
33,1200000492,53,6,.02646831,24.58,"CAFFEINE FREE PEPSI",22694,12000
33,1200000492,54,9,.02646831,24.58,"CAFFEINE FREE PEPSI",22687,12000
33,1200000492,55,11,.02646831,24.58,"CAFFEINE FREE PEPSI",22873,12000
33,1200000492,56,16,.01907493,4.65,"CAFFEINE FREE PEPSI",21279,12000
33,1200000492,57,12,.02646831,24.58,"CAFFEINE FREE PEPSI",21903,12000
33,1200000492,58,4,.02646831,24.58,"CAFFEINE FREE PEPSI",21314,12000
33,1200000492,59,23,.0146389,36.36,"CAFFEINE FREE PEPSI",22377,12000
33,1200000492,60,7,.02646831,24.58,"CAFFEINE FREE PEPSI",20594,12000
33,1200000492,61,5,.02646831,24.58,"CAFFEINE FREE PEPSI",20438,12000
33,1200000492,62,11,.02646831,24.58,"CAFFEINE FREE PEPSI",23807,12000
33,1200000492,63,10,.02646831,24.58,"CAFFEINE FREE PEPSI",19180,12000
33,1200000492,64,8,.02646831,24.58,"CAFFEINE FREE PEPSI",23755,12000
33,1200000492,65,41,.01759625,13.45,"CAFFEINE FREE PEPSI",22421,12000
33,1200000492,66,24,.01907493,4.65,"CAFFEINE FREE PEPSI",22906,12000
33,1200000492,67,14,.02646831,24.58,"CAFFEINE FREE PEPSI",17915,12000
33,1200000492,68,5,.02646831,24.58,"CAFFEINE FREE PEPSI",20919,12000
33,1200000492,69,14,.02794699,28.57,"CAFFEINE FREE PEPSI",23724,12000
33,1200000492,70,26,.01907493,10.85,"CAFFEINE FREE PEPSI",21229,12000
33,1200000492,71,7,.02794699,24.34,"CAFFEINE FREE PEPSI",20923,12000
33,1200000492,72,13,.02794699,24.34,"CAFFEINE FREE PEPSI",20563,12000
33,1200000492,73,34,.01907493,10.85,"CAFFEINE FREE PEPSI",24745,12000
33,1200000492,74,9,.02794699,24.34,"CAFFEINE FREE PEPSI",22505,12000
33,1200000492,75,26,.01907493,10.85,"CAFFEINE FREE PEPSI",21853,12000
33,1200000492,76,8,.02794699,24.34,"CAFFEINE FREE PEPSI",22263,12000
33,1200000492,77,11,.02794699,24.34,"CAFFEINE FREE PEPSI",23437,12000
33,1200000492,78,11,.02794699,24.34,"CAFFEINE FREE PEPSI",21881,12000
33,1200000492,79,29,.01759625,20.17,"CAFFEINE FREE PEPSI",26896,12000
33,1200000492,80,17,.02794699,24.34,"CAFFEINE FREE PEPSI",24145,12000
33,1200000492,81,8,.02794699,24.34,"CAFFEINE FREE PEPSI",23082,12000
33,1200000492,82,9,.02794699,24.34,"CAFFEINE FREE PEPSI",23636,12000
33,1200000492,83,9,.02794699,24.34,"CAFFEINE FREE PEPSI",23966,12000
33,1200000492,84,54,.0146389,44.44,"CAFFEINE FREE PEPSI",24385,12000
33,1200000492,85,13,.02794699,24.34,"CAFFEINE FREE PEPSI",23930,12000
33,1200000492,86,12,.02794699,24.34,"CAFFEINE FREE PEPSI",25905,12000
33,1200000492,87,4,.02794699,24.34,"CAFFEINE FREE PEPSI",24747,12000
33,1200000492,88,69,.0146389,44.44,"CAFFEINE FREE PEPSI",23525,12000
33,1200000492,89,9,.02794699,24.34,"CAFFEINE FREE PEPSI",24380,12000
33,1200000492,90,13,.02794699,24.34,"CAFFEINE FREE PEPSI",25803,12000
33,1200000492,91,61,.0146389,44.44,"CAFFEINE FREE PEPSI",25199,12000
33,1200000492,92,9,.02794699,24.34,"CAFFEINE FREE PEPSI",24945,12000
33,1200000492,93,7,.02794699,24.34,"CAFFEINE FREE PEPSI",24697,12000
33,1200000492,94,5,.02794699,24.34,"CAFFEINE FREE PEPSI",25817,12000
33,1200000492,95,22,.01907493,10.85,"CAFFEINE FREE PEPSI",25362,12000
33,1200000492,96,9,.02794699,24.34,"CAFFEINE FREE PEPSI",26193,12000
33,1200000492,97,15,.02794699,24.34,"CAFFEINE FREE PEPSI",25548,12000
33,1200000492,98,13,.01907493,10.85,"CAFFEINE FREE PEPSI",25661,12000
33,1200000492,99,18,.02203228,4.03,"CAFFEINE FREE PEPSI",26505,12000
33,1200000492,100,9,.02203228,4.03,"CAFFEINE FREE PEPSI",24908,12000
33,1200000492,101,35,.0146389,44.44,"CAFFEINE FREE PEPSI",25141,12000
33,1200000492,102,14,.02203228,4.03,"CAFFEINE FREE PEPSI",25035,12000
33,1200000492,103,16,.02203228,4.03,"CAFFEINE FREE PEPSI",26001,12000
33,1200000492,104,8,.02203228,4.03,"CAFFEINE FREE PEPSI",24942,12000
