input/WSDR.csv
store,upc,week,move,price,profit,descrip,custcoun,Brand
33,1200000496,1,13,.02646831,24.58,"DIET PEPSI CAFFEINE",23170,12000
33,1200000496,2,11,.02646831,24.58,"DIET PEPSI CAFFEINE",22628.61,12000
33,1200000496,3,20,.02646831,24.58,"DIET PEPSI CAFFEINE",23226,12000
33,1200000496,4,50,.01759625,13.45,"DIET PEPSI CAFFEINE",23443,12000
33,1200000496,5,14,.02646831,24.58,"DIET PEPSI CAFFEINE",23144,12000
33,1200000496,6,53,.01759625,13.45,"DIET PEPSI CAFFEINE",22240,12000
33,1200000496,7,28,.02646831,24.58,"DIET PEPSI CAFFEINE",23619,12000
33,1200000496,8,18,.02646831,24.58,"DIET PEPSI CAFFEINE",22536,12000
33,1200000496,9,74,.0146389,36.36,"DIET PEPSI CAFFEINE",21211,12000
33,1200000496,10,13,.02646831,24.58,"DIET PEPSI CAFFEINE",23714,12000
33,1200000496,11,93,.01316022,51.69,"DIET PEPSI CAFFEINE",19777,12000
33,1200000496,12,31,.02646831,24.58,"DIET PEPSI CAFFEINE",21839,12000
33,1200000496,13,104,.01759625,13.45,"DIET PEPSI CAFFEINE",21835,12000
33,1200000496,14,10,.02646831,24.58,"DIET PEPSI CAFFEINE",21487,12000
33,1200000496,15,65,.01316022,51.69,"DIET PEPSI CAFFEINE",16651,12000
33,1200000496,16,95,.01316022,51.69,"DIET PEPSI CAFFEINE",21392,12000
33,1200000496,17,27,.02646831,24.58,"DIET PEPSI CAFFEINE",21200,12000
33,1200000496,18,87,.01759625,13.45,"DIET PEPSI CAFFEINE",21439,12000
33,1200000496,19,34,.02646831,24.58,"DIET PEPSI CAFFEINE",21227,12000
33,1200000496,20,36,.02646831,24.58,"DIET PEPSI CAFFEINE",21883,12000
33,1200000496,21,30,.01907493,4.65,"DIET PEPSI CAFFEINE",22233,12000
33,1200000496,22,29,.02646831,24.58,"DIET PEPSI CAFFEINE",21896,12000
33,1200000496,23,51,.01759625,13.45,"DIET PEPSI CAFFEINE",21793,12000
33,1200000496,24,25,.02646831,24.58,"DIET PEPSI CAFFEINE",20829,12000
33,1200000496,25,57,.01759625,13.45,"DIET PEPSI CAFFEINE",21338,12000
33,1200000496,26,28,.02646831,24.58,"DIET PEPSI CAFFEINE",22062,12000
33,1200000496,27,99,.0146389,36.36,"DIET PEPSI CAFFEINE",22535,12000
33,1200000496,28,23,.02646831,24.58,"DIET PEPSI CAFFEINE",22199,12000
33,1200000496,29,39,.02646831,24.58,"DIET PEPSI CAFFEINE",21987,12000
33,1200000496,30,62,.01759625,13.45,"DIET PEPSI CAFFEINE",22839,12000
33,1200000496,31,27,.02646831,24.58,"DIET PEPSI CAFFEINE",21709,12000
33,1200000496,32,7,.02646831,24.58,"DIET PEPSI CAFFEINE",22086,12000
33,1200000496,33,106,.01316022,51.69,"DIET PEPSI CAFFEINE",23384,12000
33,1200000496,34,24,.02646831,24.58,"DIET PEPSI CAFFEINE",22818,12000
33,1200000496,35,29,.02646831,24.58,"DIET PEPSI CAFFEINE",23450,12000
33,1200000496,36,31,.01907493,4.65,"DIET PEPSI CAFFEINE",22711,12000
33,1200000496,37,10,.02646831,24.58,"DIET PEPSI CAFFEINE",23080,12000
33,1200000496,38,17,.02646831,24.58,"DIET PEPSI CAFFEINE",24212,12000
33,1200000496,39,106,.01316022,51.69,"DIET PEPSI CAFFEINE",24029,12000
33,1200000496,40,9,.02646831,24.58,"DIET PEPSI CAFFEINE",23594,12000
33,1200000496,41,49,.01907493,4.65,"DIET PEPSI CAFFEINE",24055,12000
33,1200000496,42,18,.02646831,24.58,"DIET PEPSI CAFFEINE",25577,12000
33,1200000496,43,64,.01907493,4.65,"DIET PEPSI CAFFEINE",24782,12000
33,1200000496,44,33,.02646831,24.58,"DIET PEPSI CAFFEINE",24133,12000
33,1200000496,45,42,.01907493,4.65,"DIET PEPSI CAFFEINE",24279,12000
33,1200000496,46,18,.02646831,24.58,"DIET PEPSI CAFFEINE",23747,12000
33,1200000496,47,111,.0146389,36.36,"DIET PEPSI CAFFEINE",23960,12000
33,1200000496,48,6,.02646831,24.58,"DIET PEPSI CAFFEINE",23460,12000
33,1200000496,49,19,.02646831,24.58,"DIET PEPSI CAFFEINE",23775,12000
33,1200000496,50,56,.01907493,4.65,"DIET PEPSI CAFFEINE",23987,12000
33,1200000496,51,21,.02646831,24.58,"DIET PEPSI CAFFEINE",24297,12000
33,1200000496,52,42,.01907493,4.65,"DIET PEPSI CAFFEINE",23531,12000
33,1200000496,53,5,.02646831,24.58,"DIET PEPSI CAFFEINE",22694,12000
33,1200000496,54,14,.02646831,24.58,"DIET PEPSI CAFFEINE",22687,12000
33,1200000496,55,9,.02646831,24.58,"DIET PEPSI CAFFEINE",22873,12000
33,1200000496,56,13,.01907493,4.65,"DIET PEPSI CAFFEINE",21279,12000
33,1200000496,57,8,.02646831,24.58,"DIET PEPSI CAFFEINE",21903,12000
33,1200000496,58,7,.02646831,24.58,"DIET PEPSI CAFFEINE",21314,12000
33,1200000496,59,23,.0146389,36.36,"DIET PEPSI CAFFEINE",22377,12000
33,1200000496,60,12,.02646831,24.58,"DIET PEPSI CAFFEINE",20594,12000
33,1200000496,61,20,.02646831,24.58,"DIET PEPSI CAFFEINE",20438,12000
33,1200000496,62,10,.02646831,24.58,"DIET PEPSI CAFFEINE",23807,12000
33,1200000496,63,9,.02646831,24.58,"DIET PEPSI CAFFEINE",19180,12000
33,1200000496,64,10,.02646831,24.58,"DIET PEPSI CAFFEINE",23755,12000
33,1200000496,65,52,.01759625,13.45,"DIET PEPSI CAFFEINE",22421,12000
33,1200000496,66,53,.01907493,4.65,"DIET PEPSI CAFFEINE",22906,12000
33,1200000496,67,11,.02646831,24.58,"DIET PEPSI CAFFEINE",17915,12000
33,1200000496,68,15,.02646831,24.58,"DIET PEPSI CAFFEINE",20919,12000
33,1200000496,69,29,.02794699,28.57,"DIET PEPSI CAFFEINE",23724,12000
33,1200000496,70,22,.01907493,10.85,"DIET PEPSI CAFFEINE",21229,12000
33,1200000496,71,24,.02794699,24.34,"DIET PEPSI CAFFEINE",20923,12000
33,1200000496,72,24,.02794699,24.34,"DIET PEPSI CAFFEINE",20563,12000
33,1200000496,73,34,.01907493,10.85,"DIET PEPSI CAFFEINE",24745,12000
33,1200000496,74,12,.02794699,24.34,"DIET PEPSI CAFFEINE",22505,12000
33,1200000496,75,34,.01907493,10.85,"DIET PEPSI CAFFEINE",21853,12000
33,1200000496,76,14,.02794699,24.34,"DIET PEPSI CAFFEINE",22263,12000
33,1200000496,77,19,.02794699,24.34,"DIET PEPSI CAFFEINE",23437,12000
33,1200000496,78,15,.02794699,24.34,"DIET PEPSI CAFFEINE",21881,12000
33,1200000496,79,13,.01759625,20.17,"DIET PEPSI CAFFEINE",26896,12000
33,1200000496,80,14,.02794699,24.34,"DIET PEPSI CAFFEINE",24145,12000
33,1200000496,81,9,.02794699,24.34,"DIET PEPSI CAFFEINE",23082,12000
33,1200000496,82,13,.02794699,24.34,"DIET PEPSI CAFFEINE",23636,12000
33,1200000496,83,11,.02794699,24.34,"DIET PEPSI CAFFEINE",23966,12000
33,1200000496,84,132,.0146389,44.44,"DIET PEPSI CAFFEINE",24385,12000
33,1200000496,85,11,.02794699,24.34,"DIET PEPSI CAFFEINE",23930,12000
33,1200000496,86,15,.02794699,24.34,"DIET PEPSI CAFFEINE",25905,12000
33,1200000496,87,15,.02794699,24.34,"DIET PEPSI CAFFEINE",24747,12000
33,1200000496,88,138,.0146389,44.44,"DIET PEPSI CAFFEINE",23525,12000
33,1200000496,89,3,.02794699,24.34,"DIET PEPSI CAFFEINE",24380,12000
33,1200000496,90,15,.02794699,24.34,"DIET PEPSI CAFFEINE",25803,12000
33,1200000496,91,85,.0146389,44.44,"DIET PEPSI CAFFEINE",25199,12000
33,1200000496,92,8,.02794699,24.34,"DIET PEPSI CAFFEINE",24945,12000
33,1200000496,93,9,.02794699,24.34,"DIET PEPSI CAFFEINE",24697,12000
33,1200000496,94,17,.02794699,24.34,"DIET PEPSI CAFFEINE",25817,12000
33,1200000496,95,8,.01907493,10.85,"DIET PEPSI CAFFEINE",25362,12000
33,1200000496,96,11,.02794699,24.34,"DIET PEPSI CAFFEINE",26193,12000
33,1200000496,97,19,.02794699,24.34,"DIET PEPSI CAFFEINE",25548,12000
33,1200000496,98,19,.01907493,10.85,"DIET PEPSI CAFFEINE",25661,12000
33,1200000496,99,20,.02203228,4.03,"DIET PEPSI CAFFEINE",26505,12000
33,1200000496,100,22,.02203228,4.03,"DIET PEPSI CAFFEINE",24908,12000
33,1200000496,101,106,.0146389,44.44,"DIET PEPSI CAFFEINE",25141,12000
33,1200000496,102,12,.02203228,4.03,"DIET PEPSI CAFFEINE",25035,12000
33,1200000496,103,15,.02203228,4.03,"DIET PEPSI CAFFEINE",26001,12000
33,1200000496,104,13,.02203228,4.03,"DIET PEPSI CAFFEINE",24942,12000
33,3828100261,1,60,.02083333,33.6,"DOM ORANGE SODA",23170,38281
33,3828100261,2,26,.02083333,33.6,"DOM ORANGE SODA",22628.61,38281
33,3828100261,3,60,.02083333,33.2,"DOM ORANGE SODA",23226,38281
33,3828100261,4,103,.01388889,2.5,"DOM ORANGE SODA",23443,38281
33,3828100261,5,47,.02083333,34.8,"DOM ORANGE SODA",23144,38281
33,3828100261,6,43,.02083333,32.4,"DOM ORANGE SODA",22240,38281
33,3828100261,7,43,.02083333,35.6,"DOM ORANGE SODA",23619,38281
33,3828100261,8,46,.02083333,37.6,"DOM ORANGE SODA",22536,38281
33,3828100261,9,354,.01083333,.77,"DOM ORANGE SODA",21211,38281
33,3828100261,10,121,.02083333,50,"DOM ORANGE SODA",23714,38281
33,3828100261,11,95,.01388889,30.63,"DOM ORANGE SODA",19777,38281
33,3828100261,12,89,.01388889,30.63,"DOM ORANGE SODA",21839,38281
33,3828100261,13,98,.01666667,45,"DOM ORANGE SODA",21835,38281
33,3828100261,14,28,.01666667,45,"DOM ORANGE SODA",21487,38281
33,3828100261,15,28,.01666667,45,"DOM ORANGE SODA",16651,38281
33,3828100261,16,53,.01666667,42,"DOM ORANGE SODA",21392,38281
33,3828100261,17,90,.01666667,42,"DOM ORANGE SODA",21200,38281
33,3828100261,18,64,.02083333,46,"DOM ORANGE SODA",21439,38281
33,3828100261,19,61,.02083333,42,"DOM ORANGE SODA",21227,38281
33,3828100261,20,69,.01666667,27.5,"DOM ORANGE SODA",21883,38281
33,3828100261,21,66,.01666667,27.5,"DOM ORANGE SODA",22233,38281
33,3828100261,22,49,.02083333,37.2,"DOM ORANGE SODA",21896,38281
33,3828100261,23,77,.02083333,41.6,"DOM ORANGE SODA",21793,38281
33,3828100261,24,151,.01388889,15.63,"DOM ORANGE SODA",20829,38281
33,3828100261,25,40,.02083333,40,"DOM ORANGE SODA",21338,38281
33,3828100261,26,68,.02083333,38.8,"DOM ORANGE SODA",22062,38281
33,3828100261,27,40,.02083333,38.8,"DOM ORANGE SODA",22535,38281
33,3828100261,28,51,.02083333,40.8,"DOM ORANGE SODA",22199,38281
33,3828100261,29,96,.01666667,27,"DOM ORANGE SODA",21987,38281
33,3828100261,30,49,.02083333,40.4,"DOM ORANGE SODA",22839,38281
33,3828100261,31,50,.02083333,40.8,"DOM ORANGE SODA",21709,38281
33,3828100261,32,56,.01388889,8.75,"DOM ORANGE SODA",22086,38281
33,3828100261,33,55,.02083333,41.6,"DOM ORANGE SODA",23384,38281
33,3828100261,34,50,.02083333,41.6,"DOM ORANGE SODA",22818,38281
33,3828100261,35,40,.02083333,42,"DOM ORANGE SODA",23450,38281
33,3828100261,36,158,.01388889,15,"DOM ORANGE SODA",22711,38281
33,3828100261,37,59,.02083333,42.8,"DOM ORANGE SODA",23080,38281
33,3828100261,38,62,.02083333,41.6,"DOM ORANGE SODA",24212,38281
33,3828100261,39,124,.01388889,16.25,"DOM ORANGE SODA",24029,38281
33,3828100261,40,99,.01388889,16.25,"DOM ORANGE SODA",23594,38281
33,3828100261,41,33,.02083333,46.4,"DOM ORANGE SODA",24055,38281
33,3828100261,42,74,.02083333,46.4,"DOM ORANGE SODA",25577,38281
33,3828100261,43,91,.01388889,13.75,"DOM ORANGE SODA",24782,38281
33,3828100261,44,89,.02083333,34.8,"DOM ORANGE SODA",24133,38281
33,3828100261,45,67,.02083333,34.8,"DOM ORANGE SODA",24279,38281
33,3828100261,46,59,.02083333,36.8,"DOM ORANGE SODA",23747,38281
33,3828100261,47,70,.02083333,38.4,"DOM ORANGE SODA",23960,38281
33,3828100261,48,98,.01666667,37,"DOM ORANGE SODA",23460,38281
33,3828100261,49,59,.01666667,34.5,"DOM ORANGE SODA",23775,38281
33,3828100261,50,54,.02083333,34.8,"DOM ORANGE SODA",23987,38281
33,3828100261,51,102,.02083333,34.4,"DOM ORANGE SODA",24297,38281
33,3828100261,52,64,.02083333,34.4,"DOM ORANGE SODA",23531,38281
33,3828100261,53,32,.02083333,36.8,"DOM ORANGE SODA",22694,38281
33,3828100261,54,66,.01666667,24.5,"DOM ORANGE SODA",22687,38281
33,3828100261,55,70,.01666667,25,"DOM ORANGE SODA",22873,38281
33,3828100261,56,463,.01041667,14.17,"DOM ORANGE SODA",21279,38281
33,3828100261,57,290,.01041667,36.67,"DOM ORANGE SODA",21903,38281
33,3828100261,58,53,.02083333,42.8,"DOM ORANGE SODA",21314,38281
33,3828100261,59,65,.02083333,49.6,"DOM ORANGE SODA",22377,38281
33,3828100261,60,87,.01388889,13.13,"DOM ORANGE SODA",20594,38281
33,3828100261,61,36,.01388889,31.88,"DOM ORANGE SODA",20438,38281
33,3828100261,62,66,.02083333,37.2,"DOM ORANGE SODA",23807,38281
33,3828100261,63,41,.02083333,35.2,"DOM ORANGE SODA",19180,38281
33,3828100261,64,42,.02083333,48.4,"DOM ORANGE SODA",23755,38281
33,3828100261,65,43,.02083333,48.4,"DOM ORANGE SODA",22421,38281
33,3828100261,66,119,.01666667,30,"DOM ORANGE SODA",22906,38281
33,3828100261,67,32,.02083333,43.6,"DOM ORANGE SODA",17915,38281
33,3828100261,68,49,.02083333,39.6,"DOM ORANGE SODA",20919,38281
33,3828100261,69,53,.02083333,39.6,"DOM ORANGE SODA",23724,38281
33,3828100261,70,157,.01388889,15.63,"DOM ORANGE SODA",21229,38281
33,3828100261,71,39,.02083333,46,"DOM ORANGE SODA",20923,38281
33,3828100261,72,51,.02083333,44,"DOM ORANGE SODA",20563,38281
33,3828100261,73,51,.02083333,44,"DOM ORANGE SODA",24745,38281
33,3828100261,74,39,.02083333,44,"DOM ORANGE SODA",22505,38281
33,3828100261,75,26,.02083333,40.8,"DOM ORANGE SODA",21853,38281
33,3828100261,76,57,.01666667,27,"DOM ORANGE SODA",22263,38281
33,3828100261,77,23,.01666667,27,"DOM ORANGE SODA",23437,38281
33,3828100261,78,33,.02083333,40.8,"DOM ORANGE SODA",21881,38281
33,3828100261,79,183,.0125,11.33,"DOM ORANGE SODA",26896,38281
33,3828100261,80,67,.02083333,34.4,"DOM ORANGE SODA",24145,38281
33,3828100261,81,75,.01854167,34.09,"DOM ORANGE SODA",23082,38281
33,3828100261,82,28,.01854167,50,"DOM ORANGE SODA",23636,38281
33,3828100261,83,57,.01854167,40,"DOM ORANGE SODA",23966,38281
33,3828100261,84,117,.01666667,28.5,"DOM ORANGE SODA",24385,38281
33,3828100261,85,46,.01666667,28,"DOM ORANGE SODA",23930,38281
33,3828100261,86,39,.01854167,33.64,"DOM ORANGE SODA",25905,38281
33,3828100261,87,390,.0125,10.67,"DOM ORANGE SODA",24747,38281
33,3828100261,88,74,.01854167,25.45,"DOM ORANGE SODA",23525,38281
33,3828100261,89,113,.01854167,25.45,"DOM ORANGE SODA",24380,38281
33,3828100261,90,77,.01854167,27.27,"DOM ORANGE SODA",25803,38281
33,3828100261,91,158,.01666667,27.5,"DOM ORANGE SODA",25199,38281
33,3828100261,92,55,.01666667,27.5,"DOM ORANGE SODA",24945,38281
33,3828100261,93,114,.01854167,27.73,"DOM ORANGE SODA",24697,38281
33,3828100261,94,62,.01854167,26.36,"DOM ORANGE SODA",25817,38281
33,3828100261,95,71,.01854167,30.45,"DOM ORANGE SODA",25362,38281
33,3828100261,96,148,.01388889,6.25,"DOM ORANGE SODA",26193,38281
33,3828100261,97,121,.01388889,2.5,"DOM ORANGE SODA",25548,38281
33,3828100261,98,37,.01854167,25.45,"DOM ORANGE SODA",25661,38281
33,3828100261,99,64,.01854167,26.82,"DOM ORANGE SODA",26505,38281
33,3828100261,100,59,.01854167,30.45,"DOM ORANGE SODA",24908,38281
33,3828100261,101,263,.01190476,4.29,"DOM ORANGE SODA",25141,38281
33,3828100261,102,61,.01854167,39.09,"DOM ORANGE SODA",25035,38281
33,3828100261,103,38,.01854167,27.73,"DOM ORANGE SODA",26001,38281
33,3828100261,104,79,.01854167,25.91,"DOM ORANGE SODA",24942,38281
