input/WSDR.csv
store,upc,week,move,price,profit,descrip,custcoun,Brand
33,4900000634,1,15,.03875,22.94,"COCA-COLA CLASSIC CA",23170,49000
33,4900000634,2,54,.03875,22.94,"COCA-COLA CLASSIC CA",22628.61,49000
33,4900000634,3,133,.02763889,8.04,"COCA-COLA CLASSIC CA",23226,49000
33,4900000634,4,41,.03875,22.94,"COCA-COLA CLASSIC CA",23443,49000
33,4900000634,5,26,.03875,22.94,"COCA-COLA CLASSIC CA",23144,49000
33,4900000634,6,36,.03875,22.94,"COCA-COLA CLASSIC CA",22240,49000
33,4900000634,7,37,.03875,22.94,"COCA-COLA CLASSIC CA",23619,49000
33,4900000634,8,24,.03875,22.94,"COCA-COLA CLASSIC CA",22536,49000
33,4900000634,9,25,.03875,22.94,"COCA-COLA CLASSIC CA",21211,49000
33,4900000634,10,23,.03875,22.94,"COCA-COLA CLASSIC CA",23714,49000
33,4900000634,11,34,.03875,22.94,"COCA-COLA CLASSIC CA",19777,49000
33,4900000634,12,78,.02486111,20.11,"COCA-COLA CLASSIC CA",21839,49000
33,4900000634,13,38,.03875,22.94,"COCA-COLA CLASSIC CA",21835,49000
33,4900000634,14,42,.03875,22.94,"COCA-COLA CLASSIC CA",21487,49000
33,4900000634,15,24,.03875,22.94,"COCA-COLA CLASSIC CA",16651,49000
33,4900000634,16,46,.03875,22.94,"COCA-COLA CLASSIC CA",21392,49000
33,4900000634,17,211,.03875,22.94,"COCA-COLA CLASSIC CA",21200,49000
33,4900000634,18,52,.03875,22.94,"COCA-COLA CLASSIC CA",21439,49000
33,4900000634,19,36,.03875,22.94,"COCA-COLA CLASSIC CA",21227,49000
33,4900000634,20,40,.03875,22.94,"COCA-COLA CLASSIC CA",21883,49000
33,4900000634,21,48,.03875,22.94,"COCA-COLA CLASSIC CA",22233,49000
33,4900000634,22,197,.02770833,8.04,"COCA-COLA CLASSIC CA",21896,49000
33,4900000634,23,58,.03875,22.94,"COCA-COLA CLASSIC CA",21793,49000
33,4900000634,24,33,.03875,22.94,"COCA-COLA CLASSIC CA",20829,49000
33,4900000634,25,42,.03875,22.94,"COCA-COLA CLASSIC CA",21338,49000
33,4900000634,26,11,.03875,22.94,"COCA-COLA CLASSIC CA",22062,49000
33,4900000634,27,45,.03875,22.94,"COCA-COLA CLASSIC CA",22535,49000
33,4900000634,28,20,.03875,22.94,"COCA-COLA CLASSIC CA",22199,49000
33,4900000634,29,173,.02763889,8.04,"COCA-COLA CLASSIC CA",21987,49000
33,4900000634,30,48,.03875,22.94,"COCA-COLA CLASSIC CA",22839,49000
33,4900000634,31,34,.03875,22.94,"COCA-COLA CLASSIC CA",21709,49000
33,4900000634,32,25,.03875,22.94,"COCA-COLA CLASSIC CA",22086,49000
33,4900000634,33,61,.03875,22.94,"COCA-COLA CLASSIC CA",23384,49000
33,4900000634,34,33,.03875,22.94,"COCA-COLA CLASSIC CA",22818,49000
33,4900000634,35,469,.01732639,73.39,"COCA-COLA CLASSIC CA",23450,49000
33,4900000634,36,50,.03875,22.94,"COCA-COLA CLASSIC CA",22711,49000
33,4900000634,37,23,.03875,22.94,"COCA-COLA CLASSIC CA",23080,49000
33,4900000634,38,28,.03875,22.94,"COCA-COLA CLASSIC CA",24212,49000
33,4900000634,39,50,.03875,22.94,"COCA-COLA CLASSIC CA",24029,49000
33,4900000634,40,57,.03875,22.94,"COCA-COLA CLASSIC CA",23594,49000
33,4900000634,41,302,.02763889,8.04,"COCA-COLA CLASSIC CA",24055,49000
33,4900000634,42,55,.03875,22.94,"COCA-COLA CLASSIC CA",25577,49000
33,4900000634,43,65,.03875,22.94,"COCA-COLA CLASSIC CA",24782,49000
33,4900000634,44,23,.03875,22.94,"COCA-COLA CLASSIC CA",24133,49000
33,4900000634,45,429,.03875,22.94,"COCA-COLA CLASSIC CA",24279,49000
33,4900000634,46,47,.03875,22.94,"COCA-COLA CLASSIC CA",23747,49000
33,4900000634,47,127,.02763889,8.04,"COCA-COLA CLASSIC CA",23960,49000
33,4900000634,48,29,.03875,22.94,"COCA-COLA CLASSIC CA",23460,49000
33,4900000634,49,511,.03875,22.94,"COCA-COLA CLASSIC CA",23775,49000
33,4900000634,50,53,.03875,22.94,"COCA-COLA CLASSIC CA",23987,49000
33,4900000634,51,75,.03875,22.94,"COCA-COLA CLASSIC CA",24297,49000
33,4900000634,52,66,.03875,22.94,"COCA-COLA CLASSIC CA",23531,49000
33,4900000634,53,75,.03041667,1.83,"COCA-COLA CLASSIC CA",22694,49000
33,4900000634,54,30,.03875,22.94,"COCA-COLA CLASSIC CA",22687,49000
33,4900000634,55,68,.03875,22.94,"COCA-COLA CLASSIC CA",22873,49000
33,4900000634,56,55,.03875,22.94,"COCA-COLA CLASSIC CA",21279,49000
33,4900000634,57,47,.03875,22.94,"COCA-COLA CLASSIC CA",21903,49000
33,4900000634,58,241,.01930556,54.68,"COCA-COLA CLASSIC CA",21314,49000
33,4900000634,59,47,.03875,22.94,"COCA-COLA CLASSIC CA",22377,49000
33,4900000634,60,23,.03875,22.94,"COCA-COLA CLASSIC CA",20594,49000
33,4900000634,61,451,.03875,22.94,"COCA-COLA CLASSIC CA",20438,49000
33,4900000634,62,45,.03875,22.94,"COCA-COLA CLASSIC CA",23807,49000
33,4900000634,63,314,.01930556,54.68,"COCA-COLA CLASSIC CA",19180,49000
33,4900000634,64,36,.03875,22.94,"COCA-COLA CLASSIC CA",23755,49000
33,4900000634,65,601,.01930556,54.68,"COCA-COLA CLASSIC CA",22421,49000
33,4900000634,66,55,.03875,22.94,"COCA-COLA CLASSIC CA",22906,49000
33,4900000634,67,54,.03875,22.94,"COCA-COLA CLASSIC CA",17915,49000
33,4900000634,68,42,.03875,22.94,"COCA-COLA CLASSIC CA",20919,49000
33,4900000634,69,320,.02770833,8.04,"COCA-COLA CLASSIC CA",23724,49000
33,4900000634,70,63,.04013889,22.84,"COCA-COLA CLASSIC CA",21229,49000
33,4900000634,71,899,.01791667,72.87,"COCA-COLA CLASSIC CA",20923,49000
33,4900000634,72,33,.04013889,22.84,"COCA-COLA CLASSIC CA",20563,49000
33,4900000634,73,58,.04013889,22.84,"COCA-COLA CLASSIC CA",24745,49000
33,4900000634,74,58,.04013889,22.84,"COCA-COLA CLASSIC CA",22505,49000
33,4900000634,75,21,.04013889,22.84,"COCA-COLA CLASSIC CA",21853,49000
33,4900000634,76,47,.04013889,22.84,"COCA-COLA CLASSIC CA",22263,49000
33,4900000634,77,1117,.01652778,87.39,"COCA-COLA CLASSIC CA",23437,49000
33,4900000634,78,30,.04013889,22.84,"COCA-COLA CLASSIC CA",21881,49000
33,4900000634,79,161,.02763889,12.06,"COCA-COLA CLASSIC CA",26896,49000
33,4900000634,80,17,.04013889,22.84,"COCA-COLA CLASSIC CA",24145,49000
33,4900000634,81,42,.04013889,22.84,"COCA-COLA CLASSIC CA",23082,49000
33,4900000634,82,561,.02,54.86,"COCA-COLA CLASSIC CA",23636,49000
33,4900000634,83,32,.04013889,22.84,"COCA-COLA CLASSIC CA",23966,49000
33,4900000634,84,42,.04013889,22.84,"COCA-COLA CLASSIC CA",24385,49000
33,4900000634,85,480,.02076389,49.66,"COCA-COLA CLASSIC CA",23930,49000
33,4900000634,86,56,.04013889,22.84,"COCA-COLA CLASSIC CA",25905,49000
33,4900000634,87,285,.02770833,12.06,"COCA-COLA CLASSIC CA",24747,49000
33,4900000634,88,63,.04013889,22.84,"COCA-COLA CLASSIC CA",23525,49000
33,4900000634,89,91,.04013889,22.84,"COCA-COLA CLASSIC CA",24380,49000
33,4900000634,90,548,.02069444,49.66,"COCA-COLA CLASSIC CA",25803,49000
33,4900000634,91,51,.04013889,22.84,"COCA-COLA CLASSIC CA",25199,49000
33,4900000634,92,44,.04013889,22.84,"COCA-COLA CLASSIC CA",24945,49000
33,4900000634,93,348,.02208333,40.25,"COCA-COLA CLASSIC CA",24697,49000
33,4900000634,94,63,.04013889,22.84,"COCA-COLA CLASSIC CA",25817,49000
33,4900000634,95,61,.04013889,22.84,"COCA-COLA CLASSIC CA",25362,49000
33,4900000634,96,48,.04013889,22.84,"COCA-COLA CLASSIC CA",26193,49000
33,4900000634,97,657,.04013889,22.84,"COCA-COLA CLASSIC CA",25548,49000
33,4900000634,98,66,.04013889,22.84,"COCA-COLA CLASSIC CA",25661,49000
33,4900000634,99,463,.02208333,40.25,"COCA-COLA CLASSIC CA",26505,49000
33,4900000634,100,41,.03041667,1.83,"COCA-COLA CLASSIC CA",24908,49000
33,4900000634,101,26,.03041667,1.83,"COCA-COLA CLASSIC CA",25141,49000
33,4900000634,102,385,.02208333,40.25,"COCA-COLA CLASSIC CA",25035,49000
33,4900000634,103,54,.03041667,1.83,"COCA-COLA CLASSIC CA",26001,49000
33,4900000634,104,35,.03041667,1.83,"COCA-COLA CLASSIC CA",24942,49000
33,4900000639,1,123,.02646831,24.58,"COCA-COLA CLASSIC",23170,49000
33,4900000639,2,427,.01759625,13.45,"COCA-COLA CLASSIC",22628.61,49000
33,4900000639,3,141,.02646831,24.58,"COCA-COLA CLASSIC",23226,49000
33,4900000639,4,386,.01759625,13.45,"COCA-COLA CLASSIC",23443,49000
33,4900000639,5,131,.02646831,24.58,"COCA-COLA CLASSIC",23144,49000
33,4900000639,6,364,.01759625,13.45,"COCA-COLA CLASSIC",22240,49000
33,4900000639,7,126,.02646831,24.58,"COCA-COLA CLASSIC",23619,49000
33,4900000639,8,99,.02646831,24.58,"COCA-COLA CLASSIC",22536,49000
33,4900000639,9,75,.02646831,24.58,"COCA-COLA CLASSIC",21211,49000
33,4900000639,10,120,.02646831,24.58,"COCA-COLA CLASSIC",23714,49000
33,4900000639,11,642,.01316022,51.69,"COCA-COLA CLASSIC",19777,49000
33,4900000639,12,115,.02646831,24.58,"COCA-COLA CLASSIC",21839,49000
33,4900000639,13,92,.02646831,24.58,"COCA-COLA CLASSIC",21835,49000
33,4900000639,14,881,.01316022,51.69,"COCA-COLA CLASSIC",21487,49000
33,4900000639,15,101,.02646831,24.58,"COCA-COLA CLASSIC",16651,49000
33,4900000639,16,762,.01316022,51.69,"COCA-COLA CLASSIC",21392,49000
33,4900000639,17,132,.02646831,24.58,"COCA-COLA CLASSIC",21200,49000
33,4900000639,18,252,.01759625,13.45,"COCA-COLA CLASSIC",21439,49000
33,4900000639,19,119,.02646831,24.58,"COCA-COLA CLASSIC",21227,49000
33,4900000639,20,247,.01907493,4.65,"COCA-COLA CLASSIC",21883,49000
33,4900000639,21,234,.01907493,4.65,"COCA-COLA CLASSIC",22233,49000
33,4900000639,22,137,.02646831,24.58,"COCA-COLA CLASSIC",21896,49000
33,4900000639,23,382,.01759625,13.45,"COCA-COLA CLASSIC",21793,49000
33,4900000639,24,143,.02646831,24.58,"COCA-COLA CLASSIC",20829,49000
33,4900000639,25,374,.01759625,13.45,"COCA-COLA CLASSIC",21338,49000
33,4900000639,26,116,.02646831,24.58,"COCA-COLA CLASSIC",22062,49000
33,4900000639,27,749,.0146389,36.36,"COCA-COLA CLASSIC",22535,49000
33,4900000639,28,151,.02646831,24.58,"COCA-COLA CLASSIC",22199,49000
33,4900000639,29,141,.02646831,24.58,"COCA-COLA CLASSIC",21987,49000
33,4900000639,30,154,.0205536,2.88,"COCA-COLA CLASSIC",22839,49000
33,4900000639,31,119,.02646831,24.58,"COCA-COLA CLASSIC",21709,49000
33,4900000639,32,92,.0205536,2.88,"COCA-COLA CLASSIC",22086,49000
33,4900000639,33,923,.01316022,51.69,"COCA-COLA CLASSIC",23384,49000
33,4900000639,34,103,.02646831,24.58,"COCA-COLA CLASSIC",22818,49000
33,4900000639,35,116,.02646831,24.58,"COCA-COLA CLASSIC",23450,49000
33,4900000639,36,277,.01907493,4.65,"COCA-COLA CLASSIC",22711,49000
33,4900000639,37,90,.02646831,24.58,"COCA-COLA CLASSIC",23080,49000
33,4900000639,38,187,.01907493,4.65,"COCA-COLA CLASSIC",24212,49000
33,4900000639,39,80,.02646831,24.58,"COCA-COLA CLASSIC",24029,49000
33,4900000639,40,253,.01907493,4.65,"COCA-COLA CLASSIC",23594,49000
33,4900000639,41,159,.02646831,24.58,"COCA-COLA CLASSIC",24055,49000
33,4900000639,42,113,.02646831,24.58,"COCA-COLA CLASSIC",25577,49000
33,4900000639,43,177,.01907493,4.65,"COCA-COLA CLASSIC",24782,49000
33,4900000639,44,111,.02646831,24.58,"COCA-COLA CLASSIC",24133,49000
33,4900000639,45,167,.01611757,23.85,"COCA-COLA CLASSIC",24279,49000
33,4900000639,46,109,.02646831,24.58,"COCA-COLA CLASSIC",23747,49000
33,4900000639,47,680,.0146389,36.36,"COCA-COLA CLASSIC",23960,49000
33,4900000639,48,107,.02646831,24.58,"COCA-COLA CLASSIC",23460,49000
33,4900000639,49,110,.02646831,24.58,"COCA-COLA CLASSIC",23775,49000
33,4900000639,50,177,.01907493,4.65,"COCA-COLA CLASSIC",23987,49000
33,4900000639,51,100,.02646831,24.58,"COCA-COLA CLASSIC",24297,49000
33,4900000639,52,152,.02203228,9.4,"COCA-COLA CLASSIC",23531,49000
33,4900000639,53,114,.02646831,24.58,"COCA-COLA CLASSIC",22694,49000
33,4900000639,54,113,.02646831,24.58,"COCA-COLA CLASSIC",22687,49000
33,4900000639,55,95,.01759625,13.45,"COCA-COLA CLASSIC",22873,49000
33,4900000639,56,255,.01907493,4.65,"COCA-COLA CLASSIC",21279,49000
33,4900000639,57,150,.02646831,24.58,"COCA-COLA CLASSIC",21903,49000
33,4900000639,58,128,.02646831,24.58,"COCA-COLA CLASSIC",21314,49000
33,4900000639,59,643,.0146389,36.36,"COCA-COLA CLASSIC",22377,49000
33,4900000639,60,134,.02646831,24.58,"COCA-COLA CLASSIC",20594,49000
33,4900000639,61,130,.02646831,24.58,"COCA-COLA CLASSIC",20438,49000
33,4900000639,62,177,.02646831,24.58,"COCA-COLA CLASSIC",23807,49000
33,4900000639,63,121,.02646831,24.58,"COCA-COLA CLASSIC",19180,49000
33,4900000639,64,130,.02646831,24.58,"COCA-COLA CLASSIC",23755,49000
33,4900000639,65,112,.02646831,24.58,"COCA-COLA CLASSIC",22421,49000
33,4900000639,66,359,.01907493,4.65,"COCA-COLA CLASSIC",22906,49000
33,4900000639,67,156,.02646831,24.58,"COCA-COLA CLASSIC",17915,49000
33,4900000639,68,183,.02646831,24.58,"COCA-COLA CLASSIC",20919,49000
33,4900000639,69,139,.02794699,28.57,"COCA-COLA CLASSIC",23724,49000
33,4900000639,70,373,.01907493,10.85,"COCA-COLA CLASSIC",21229,49000
33,4900000639,71,94,.02794699,24.34,"COCA-COLA CLASSIC",20923,49000
33,4900000639,72,112,.02794699,24.34,"COCA-COLA CLASSIC",20563,49000
33,4900000639,73,332,.01907493,10.85,"COCA-COLA CLASSIC",24745,49000
33,4900000639,74,354,.01759625,20.17,"COCA-COLA CLASSIC",22505,49000
33,4900000639,75,63,.02794699,24.34,"COCA-COLA CLASSIC",21853,49000
33,4900000639,76,1389,.01316022,60.67,"COCA-COLA CLASSIC",22263,49000
33,4900000639,77,105,.02794699,24.34,"COCA-COLA CLASSIC",23437,49000
33,4900000639,78,109,.02794699,24.34,"COCA-COLA CLASSIC",21881,49000
33,4900000639,79,292,.01759625,20.17,"COCA-COLA CLASSIC",26896,49000
33,4900000639,80,104,.02794699,24.34,"COCA-COLA CLASSIC",24145,49000
33,4900000639,81,108,.02794699,24.34,"COCA-COLA CLASSIC",23082,49000
33,4900000639,82,112,.02794699,24.34,"COCA-COLA CLASSIC",23636,49000
33,4900000639,83,116,.02794699,24.34,"COCA-COLA CLASSIC",23966,49000
33,4900000639,84,767,.0146389,44.44,"COCA-COLA CLASSIC",24385,49000
33,4900000639,85,104,.02794699,24.34,"COCA-COLA CLASSIC",23930,49000
33,4900000639,86,109,.02794699,24.34,"COCA-COLA CLASSIC",25905,49000
33,4900000639,87,132,.02794699,24.34,"COCA-COLA CLASSIC",24747,49000
33,4900000639,88,642,.0146389,44.44,"COCA-COLA CLASSIC",23525,49000
33,4900000639,89,119,.02794699,24.34,"COCA-COLA CLASSIC",24380,49000
33,4900000639,90,92,.02794699,24.34,"COCA-COLA CLASSIC",25803,49000
33,4900000639,91,712,.0146389,44.44,"COCA-COLA CLASSIC",25199,49000
33,4900000639,92,127,.02794699,24.34,"COCA-COLA CLASSIC",24945,49000
33,4900000639,93,144,.02794699,24.34,"COCA-COLA CLASSIC",24697,49000
33,4900000639,94,146,.02794699,24.34,"COCA-COLA CLASSIC",25817,49000
33,4900000639,95,298,.01907493,10.85,"COCA-COLA CLASSIC",25362,49000
33,4900000639,96,94,.02794699,24.34,"COCA-COLA CLASSIC",26193,49000
33,4900000639,97,100,.02794699,24.34,"COCA-COLA CLASSIC",25548,49000
33,4900000639,98,201,.01907493,10.85,"COCA-COLA CLASSIC",25661,49000
33,4900000639,99,133,.02203228,4.03,"COCA-COLA CLASSIC",26505,49000
33,4900000639,100,166,.02203228,4.03,"COCA-COLA CLASSIC",24908,49000
33,4900000639,101,699,.0146389,44.44,"COCA-COLA CLASSIC",25141,49000
33,4900000639,102,139,.02203228,4.03,"COCA-COLA CLASSIC",25035,49000
33,4900000639,103,181,.02203228,4.03,"COCA-COLA CLASSIC",26001,49000
33,4900000639,104,170,.02203228,4.03,"COCA-COLA CLASSIC",24942,49000
