input/WSDR.csv
store,upc,week,move,price,profit,descrip,custcoun,Brand
33,4900000658,1,28,.03875,22.94,"COKE DIET CANS",23170,49000
33,4900000658,2,53,.03875,22.94,"COKE DIET CANS",22628.61,49000
33,4900000658,3,205,.02763889,8.04,"COKE DIET CANS",23226,49000
33,4900000658,4,62,.03875,22.94,"COKE DIET CANS",23443,49000
33,4900000658,5,22,.03875,22.94,"COKE DIET CANS",23144,49000
33,4900000658,6,52,.03875,22.94,"COKE DIET CANS",22240,49000
33,4900000658,7,35,.03875,22.94,"COKE DIET CANS",23619,49000
33,4900000658,8,32,.03875,22.94,"COKE DIET CANS",22536,49000
33,4900000658,9,31,.03875,22.94,"COKE DIET CANS",21211,49000
33,4900000658,10,27,.03875,22.94,"COKE DIET CANS",23714,49000
33,4900000658,11,45,.03875,22.94,"COKE DIET CANS",19777,49000
33,4900000658,12,76,.02486111,20.11,"COKE DIET CANS",21839,49000
33,4900000658,13,51,.03875,22.94,"COKE DIET CANS",21835,49000
33,4900000658,14,39,.03875,22.94,"COKE DIET CANS",21487,49000
33,4900000658,15,21,.03875,22.94,"COKE DIET CANS",16651,49000
33,4900000658,16,56,.03875,22.94,"COKE DIET CANS",21392,49000
33,4900000658,17,253,.03875,22.94,"COKE DIET CANS",21200,49000
33,4900000658,18,46,.03875,22.94,"COKE DIET CANS",21439,49000
33,4900000658,19,37,.03875,22.94,"COKE DIET CANS",21227,49000
33,4900000658,20,32,.03875,22.94,"COKE DIET CANS",21883,49000
33,4900000658,21,56,.03875,22.94,"COKE DIET CANS",22233,49000
33,4900000658,22,219,.02770833,8.04,"COKE DIET CANS",21896,49000
33,4900000658,23,64,.03875,22.94,"COKE DIET CANS",21793,49000
33,4900000658,24,35,.03875,22.94,"COKE DIET CANS",20829,49000
33,4900000658,25,53,.03875,22.94,"COKE DIET CANS",21338,49000
33,4900000658,26,9,.03875,22.94,"COKE DIET CANS",22062,49000
33,4900000658,27,49,.03875,22.94,"COKE DIET CANS",22535,49000
33,4900000658,28,22,.03875,22.94,"COKE DIET CANS",22199,49000
33,4900000658,29,224,.02763889,8.04,"COKE DIET CANS",21987,49000
33,4900000658,30,61,.03875,22.94,"COKE DIET CANS",22839,49000
33,4900000658,31,38,.03875,22.94,"COKE DIET CANS",21709,49000
33,4900000658,32,25,.03875,22.94,"COKE DIET CANS",22086,49000
33,4900000658,33,58,.03875,22.94,"COKE DIET CANS",23384,49000
33,4900000658,34,34,.03875,22.94,"COKE DIET CANS",22818,49000
33,4900000658,35,403,.01732639,73.39,"COKE DIET CANS",23450,49000
33,4900000658,36,57,.03875,22.94,"COKE DIET CANS",22711,49000
33,4900000658,37,26,.03875,22.94,"COKE DIET CANS",23080,49000
33,4900000658,38,38,.03875,22.94,"COKE DIET CANS",24212,49000
33,4900000658,39,60,.03875,22.94,"COKE DIET CANS",24029,49000
33,4900000658,40,50,.03875,22.94,"COKE DIET CANS",23594,49000
33,4900000658,41,227,.02763889,8.04,"COKE DIET CANS",24055,49000
33,4900000658,42,73,.03875,22.94,"COKE DIET CANS",25577,49000
33,4900000658,43,65,.03875,22.94,"COKE DIET CANS",24782,49000
33,4900000658,44,34,.03875,22.94,"COKE DIET CANS",24133,49000
33,4900000658,45,366,.03875,22.94,"COKE DIET CANS",24279,49000
33,4900000658,46,42,.03875,22.94,"COKE DIET CANS",23747,49000
33,4900000658,47,120,.02763889,8.04,"COKE DIET CANS",23960,49000
33,4900000658,48,41,.03875,22.94,"COKE DIET CANS",23460,49000
33,4900000658,49,620,.03875,22.94,"COKE DIET CANS",23775,49000
33,4900000658,50,72,.03875,22.94,"COKE DIET CANS",23987,49000
33,4900000658,51,71,.03875,22.94,"COKE DIET CANS",24297,49000
33,4900000658,52,66,.03875,22.94,"COKE DIET CANS",23531,49000
33,4900000658,53,77,.03041667,1.83,"COKE DIET CANS",22694,49000
33,4900000658,54,51,.03875,22.94,"COKE DIET CANS",22687,49000
33,4900000658,55,61,.03875,22.94,"COKE DIET CANS",22873,49000
33,4900000658,56,54,.03875,22.94,"COKE DIET CANS",21279,49000
33,4900000658,57,43,.03875,22.94,"COKE DIET CANS",21903,49000
33,4900000658,58,292,.01930556,54.68,"COKE DIET CANS",21314,49000
33,4900000658,59,65,.03875,22.94,"COKE DIET CANS",22377,49000
33,4900000658,60,25,.03875,22.94,"COKE DIET CANS",20594,49000
33,4900000658,61,488,.03875,22.94,"COKE DIET CANS",20438,49000
33,4900000658,62,43,.03875,22.94,"COKE DIET CANS",23807,49000
33,4900000658,63,310,.01930556,54.68,"COKE DIET CANS",19180,49000
33,4900000658,64,36,.03875,22.94,"COKE DIET CANS",23755,49000
33,4900000658,65,597,.01930556,54.68,"COKE DIET CANS",22421,49000
33,4900000658,66,49,.03875,22.94,"COKE DIET CANS",22906,49000
33,4900000658,67,41,.03875,22.94,"COKE DIET CANS",17915,49000
33,4900000658,68,60,.03875,22.94,"COKE DIET CANS",20919,49000
33,4900000658,69,335,.02770833,8.04,"COKE DIET CANS",23724,49000
33,4900000658,70,79,.04013889,22.84,"COKE DIET CANS",21229,49000
33,4900000658,71,1041,.01791667,72.87,"COKE DIET CANS",20923,49000
33,4900000658,72,29,.04013889,22.84,"COKE DIET CANS",20563,49000
33,4900000658,73,59,.04013889,22.84,"COKE DIET CANS",24745,49000
33,4900000658,74,65,.04013889,22.84,"COKE DIET CANS",22505,49000
33,4900000658,75,31,.04013889,22.84,"COKE DIET CANS",21853,49000
33,4900000658,76,51,.04013889,22.84,"COKE DIET CANS",22263,49000
33,4900000658,77,996,.01652778,87.39,"COKE DIET CANS",23437,49000
33,4900000658,78,37,.04013889,22.84,"COKE DIET CANS",21881,49000
33,4900000658,79,117,.02763889,12.06,"COKE DIET CANS",26896,49000
33,4900000658,80,26,.04013889,22.84,"COKE DIET CANS",24145,49000
33,4900000658,81,43,.04013889,22.84,"COKE DIET CANS",23082,49000
33,4900000658,82,566,.02,54.86,"COKE DIET CANS",23636,49000
33,4900000658,83,38,.04013889,22.84,"COKE DIET CANS",23966,49000
33,4900000658,84,38,.04013889,22.84,"COKE DIET CANS",24385,49000
33,4900000658,85,639,.02076389,49.66,"COKE DIET CANS",23930,49000
33,4900000658,86,58,.04013889,22.84,"COKE DIET CANS",25905,49000
33,4900000658,87,362,.02770833,12.06,"COKE DIET CANS",24747,49000
33,4900000658,88,54,.04013889,22.84,"COKE DIET CANS",23525,49000
33,4900000658,89,97,.04013889,22.84,"COKE DIET CANS",24380,49000
33,4900000658,90,524,.02069444,49.66,"COKE DIET CANS",25803,49000
33,4900000658,91,31,.04013889,22.84,"COKE DIET CANS",25199,49000
33,4900000658,92,62,.04013889,22.84,"COKE DIET CANS",24945,49000
33,4900000658,93,327,.02208333,40.25,"COKE DIET CANS",24697,49000
33,4900000658,94,58,.04013889,22.84,"COKE DIET CANS",25817,49000
33,4900000658,95,64,.04013889,22.84,"COKE DIET CANS",25362,49000
33,4900000658,96,46,.04013889,22.84,"COKE DIET CANS",26193,49000
33,4900000658,97,663,.04013889,22.84,"COKE DIET CANS",25548,49000
33,4900000658,98,88,.04013889,22.84,"COKE DIET CANS",25661,49000
33,4900000658,99,484,.02208333,40.25,"COKE DIET CANS",26505,49000
33,4900000658,100,45,.03041667,1.83,"COKE DIET CANS",24908,49000
33,4900000658,101,52,.03041667,1.83,"COKE DIET CANS",25141,49000
33,4900000658,102,411,.02208333,40.25,"COKE DIET CANS",25035,49000
33,4900000658,103,59,.03041667,1.83,"COKE DIET CANS",26001,49000
33,4900000658,104,51,.03041667,1.83,"COKE DIET CANS",24942,49000
33,5490000060,1,43,.01759625,13.45,"DR PEPPER",23170,54900
33,5490000060,2,7,.02646831,24.58,"DR PEPPER",22628.61,54900
33,5490000060,3,12,.02646831,24.58,"DR PEPPER",23226,54900
33,5490000060,4,27,.01759625,13.45,"DR PEPPER",23443,54900
33,5490000060,5,15,.02646831,24.58,"DR PEPPER",23144,54900
33,5490000060,6,26,.01759625,13.45,"DR PEPPER",22240,54900
33,5490000060,7,12,.02646831,24.58,"DR PEPPER",23619,54900
33,5490000060,8,22,.02646831,24.58,"DR PEPPER",22536,54900
33,5490000060,9,26,.01611757,21.1,"DR PEPPER",21211,54900
33,5490000060,10,8,.01611757,21.1,"DR PEPPER",23714,54900
33,5490000060,11,46,.01316022,3.37,"DR PEPPER",19777,54900
33,5490000060,12,19,.02646831,51.96,"DR PEPPER",21839,54900
33,5490000060,13,45,.01759625,27.73,"DR PEPPER",21835,54900
33,5490000060,14,8,.02646831,51.96,"DR PEPPER",21487,54900
33,5490000060,15,7,.02646831,51.96,"DR PEPPER",16651,54900
33,5490000060,16,118,.01168154,8.86,"DR PEPPER",21392,54900
33,5490000060,17,10,.02646831,51.96,"DR PEPPER",21200,54900
33,5490000060,18,28,.01759625,13.45,"DR PEPPER",21439,54900
33,5490000060,19,11,.02646831,24.58,"DR PEPPER",21227,54900
33,5490000060,20,31,.01907493,4.65,"DR PEPPER",21883,54900
33,5490000060,21,22,.01907493,4.65,"DR PEPPER",22233,54900
33,5490000060,22,12,.02646831,24.58,"DR PEPPER",21896,54900
33,5490000060,23,24,.01759625,13.45,"DR PEPPER",21793,54900
33,5490000060,24,8,.02646831,24.58,"DR PEPPER",20829,54900
33,5490000060,25,11,.02646831,24.58,"DR PEPPER",21338,54900
33,5490000060,26,6,.02646831,24.58,"DR PEPPER",22062,54900
33,5490000060,27,45,.0146389,36.36,"DR PEPPER",22535,54900
33,5490000060,28,10,.02646831,24.58,"DR PEPPER",22199,54900
33,5490000060,29,9,.02646831,24.58,"DR PEPPER",21987,54900
33,5490000060,30,26,.01759625,13.45,"DR PEPPER",22839,54900
33,5490000060,31,9,.02646831,24.58,"DR PEPPER",21709,54900
33,5490000060,32,6,.02646831,24.58,"DR PEPPER",22086,54900
33,5490000060,33,53,.01316022,51.69,"DR PEPPER",23384,54900
33,5490000060,34,10,.02646831,24.58,"DR PEPPER",22818,54900
33,5490000060,35,21,.02646831,24.58,"DR PEPPER",23450,54900
33,5490000060,36,59,.01907493,4.65,"DR PEPPER",22711,54900
33,5490000060,37,18,.02646831,24.58,"DR PEPPER",23080,54900
33,5490000060,38,13,.02646831,24.58,"DR PEPPER",24212,54900
33,5490000060,39,57,.01316022,51.69,"DR PEPPER",24029,54900
33,5490000060,40,14,.02646831,24.58,"DR PEPPER",23594,54900
33,5490000060,41,18,.02646831,24.58,"DR PEPPER",24055,54900
33,5490000060,42,17,.02646831,24.58,"DR PEPPER",25577,54900
33,5490000060,43,37,.01907493,4.65,"DR PEPPER",24782,54900
33,5490000060,44,17,.02646831,24.58,"DR PEPPER",24133,54900
33,5490000060,45,25,.01611757,23.85,"DR PEPPER",24279,54900
33,5490000060,46,16,.02646831,24.58,"DR PEPPER",23747,54900
33,5490000060,47,123,.0146389,36.36,"DR PEPPER",23960,54900
33,5490000060,48,4,.02646831,24.58,"DR PEPPER",23460,54900
33,5490000060,49,24,.02646831,24.58,"DR PEPPER",23775,54900
33,5490000060,50,6,.02646831,24.58,"DR PEPPER",23987,54900
33,5490000060,51,84,.0146389,36.36,"DR PEPPER",24297,54900
33,5490000060,52,28,.01907493,4.65,"DR PEPPER",23531,54900
33,5490000060,53,13,.02646831,24.58,"DR PEPPER",22694,54900
33,5490000060,54,26,.01907493,4.65,"DR PEPPER",22687,54900
33,5490000060,55,31,.02646831,24.58,"DR PEPPER",22873,54900
33,5490000060,56,31,.01907493,4.65,"DR PEPPER",21279,54900
33,5490000060,57,12,.02646831,24.58,"DR PEPPER",21903,54900
33,5490000060,58,11,.02646831,24.58,"DR PEPPER",21314,54900
33,5490000060,59,57,.0146389,36.36,"DR PEPPER",22377,54900
33,5490000060,60,8,.02646831,24.58,"DR PEPPER",20594,54900
33,5490000060,61,4,.02646831,24.58,"DR PEPPER",20438,54900
33,5490000060,62,11,.02646831,24.58,"DR PEPPER",23807,54900
33,5490000060,63,18,.02646831,24.58,"DR PEPPER",19180,54900
33,5490000060,64,13,.02646831,24.58,"DR PEPPER",23755,54900
33,5490000060,65,10,.02646831,24.58,"DR PEPPER",22421,54900
33,5490000060,66,9,.02646831,24.58,"DR PEPPER",22906,54900
33,5490000060,67,22,.01907493,4.65,"DR PEPPER",17915,54900
33,5490000060,68,72,.01020287,95.65,"DR PEPPER",20919,54900
33,5490000060,69,14,.02646831,24.58,"DR PEPPER",23724,54900
33,5490000060,70,33,.01907493,10.85,"DR PEPPER",21229,54900
33,5490000060,71,13,.02794699,24.34,"DR PEPPER",20923,54900
33,5490000060,72,10,.02794699,24.34,"DR PEPPER",20563,54900
33,5490000060,73,17,.01907493,10.85,"DR PEPPER",24745,54900
33,5490000060,74,23,.02794699,24.34,"DR PEPPER",22505,54900
33,5490000060,75,38,.01759625,20.17,"DR PEPPER",21853,54900
33,5490000060,76,12,.02794699,24.34,"DR PEPPER",22263,54900
33,5490000060,77,8,.02794699,24.34,"DR PEPPER",23437,54900
33,5490000060,78,11,.02794699,24.34,"DR PEPPER",21881,54900
33,5490000060,79,15,.01759625,20.17,"DR PEPPER",26896,54900
33,5490000060,80,16,.02794699,24.34,"DR PEPPER",24145,54900
33,5490000060,81,27,.01907493,10.85,"DR PEPPER",23082,54900
33,5490000060,82,16,.02794699,24.34,"DR PEPPER",23636,54900
33,5490000060,83,25,.01907493,10.85,"DR PEPPER",23966,54900
33,5490000060,84,11,.02794699,24.34,"DR PEPPER",24385,54900
33,5490000060,85,9,.02794699,24.34,"DR PEPPER",23930,54900
33,5490000060,86,36,.01907493,10.85,"DR PEPPER",25905,54900
33,5490000060,87,11,.02794699,24.34,"DR PEPPER",24747,54900
33,5490000060,88,9,.02794699,24.34,"DR PEPPER",23525,54900
33,5490000060,89,27,.0205536,2.88,"DR PEPPER",24380,54900
33,5490000060,90,15,.02794699,24.34,"DR PEPPER",25803,54900
33,5490000060,91,81,.0146389,44.44,"DR PEPPER",25199,54900
33,5490000060,92,26,.01907493,10.85,"DR PEPPER",24945,54900
33,5490000060,93,16,.02794699,24.34,"DR PEPPER",24697,54900
33,5490000060,94,43,.01907493,10.85,"DR PEPPER",25817,54900
33,5490000060,95,38,.01907493,10.85,"DR PEPPER",25362,54900
33,5490000060,96,15,.02794699,24.34,"DR PEPPER",26193,54900
33,5490000060,97,18,.02794699,24.34,"DR PEPPER",25548,54900
33,5490000060,98,20,.01907493,10.85,"DR PEPPER",25661,54900
33,5490000060,99,18,.02203228,4.03,"DR PEPPER",26505,54900
33,5490000060,100,12,.02203228,4.03,"DR PEPPER",24908,54900
33,5490000060,101,53,.0146389,44.44,"DR PEPPER",25141,54900
33,5490000060,102,17,.02203228,4.03,"DR PEPPER",25035,54900
33,5490000060,103,31,.01907493,10.85,"DR PEPPER",26001,54900
33,5490000060,104,16,.02203228,4.03,"DR PEPPER",24942,54900
