input/WSDR.csv
store,upc,week,move,price,profit,descrip,custcoun,Brand
45,1200000230,1,146,.02498963,20.12,"PEPSI COLA N/R",13447,12000
45,1200000230,2,132,.02498963,20.12,"PEPSI COLA N/R",13992,12000
45,1200000230,3,163,.02498963,20.12,"PEPSI COLA N/R",13529,12000
45,1200000230,4,367,.01759625,13.45,"PEPSI COLA N/R",13859,12000
45,1200000230,5,140,.02351096,15.09,"PEPSI COLA N/R",13678,12000
45,1200000230,6,393,.01759625,13.45,"PEPSI COLA N/R",13673,12000
45,1200000230,7,159,.02351096,15.09,"PEPSI COLA N/R",13952,12000
45,1200000230,8,133,.02351096,15.09,"PEPSI COLA N/R",13401,12000
45,1200000230,9,809,.0146389,36.36,"PEPSI COLA N/R",12925,12000
45,1200000230,10,167,.02351096,15.09,"PEPSI COLA N/R",15212,12000
45,1200000230,11,738,.01316022,51.69,"PEPSI COLA N/R",12654,12000
45,1200000230,12,155,.02351096,15.09,"PEPSI COLA N/R",13328,12000
45,1200000230,13,455,.01759625,13.45,"PEPSI COLA N/R",13321,12000
45,1200000230,14,135,.02351096,15.09,"PEPSI COLA N/R",14358,12000
45,1200000230,15,938,.01316022,51.69,"PEPSI COLA N/R",11362,12000
45,1200000230,16,776,.01316022,51.69,"PEPSI COLA N/R",13274,12000
45,1200000230,17,173,.02351096,15.09,"PEPSI COLA N/R",12665,12000
45,1200000230,18,440,.01759625,13.45,"PEPSI COLA N/R",12618,12000
45,1200000230,19,177,.02351096,15.09,"PEPSI COLA N/R",12962,12000
45,1200000230,20,182,.02351096,15.09,"PEPSI COLA N/R",13211,12000
45,1200000230,21,242,.01907493,4.65,"PEPSI COLA N/R",13060,12000
45,1200000230,22,208,.02351096,15.09,"PEPSI COLA N/R",13411,12000
45,1200000230,23,416,.01759625,13.45,"PEPSI COLA N/R",13263,12000
45,1200000230,24,177,.02351096,15.09,"PEPSI COLA N/R",12815,12000
45,1200000230,25,335,.01759625,13.45,"PEPSI COLA N/R",13394,12000
45,1200000230,26,150,.02351096,15.09,"PEPSI COLA N/R",13089,12000
45,1200000230,27,700,.0146389,36.36,"PEPSI COLA N/R",13499,12000
45,1200000230,28,164,.02351096,15.09,"PEPSI COLA N/R",11562,12000
45,1200000230,29,26,.02351096,15.09,"PEPSI COLA N/R",13370,12000
45,1200000230,30,369,.01759625,13.45,"PEPSI COLA N/R",14332,12000
45,1200000230,31,147,.02351096,15.09,"PEPSI COLA N/R",14506,12000
45,1200000230,32,132,.02351096,15.09,"PEPSI COLA N/R",13688,12000
45,1200000230,33,1098,.01316022,51.69,"PEPSI COLA N/R",13833,12000
45,1200000230,34,148,.02351096,15.09,"PEPSI COLA N/R",13778,12000
45,1200000230,35,132,.02351096,15.09,"PEPSI COLA N/R",14751,12000
45,1200000230,36,158,.01907493,4.65,"PEPSI COLA N/R",12030,12000
45,1200000230,37,144,.02351096,15.09,"PEPSI COLA N/R",14208,12000
45,1200000230,38,136,.02351096,15.09,"PEPSI COLA N/R",14186,12000
45,1200000230,39,2311,.01316022,51.69,"PEPSI COLA N/R",14328,12000
45,1200000230,40,128,.02351096,15.09,"PEPSI COLA N/R",14696,12000
45,1200000230,41,304,.01907493,4.65,"PEPSI COLA N/R",14246,12000
45,1200000230,42,115,.02351096,15.09,"PEPSI COLA N/R",15325,12000
45,1200000230,43,242,.01907493,4.65,"PEPSI COLA N/R",14260,12000
45,1200000230,44,148,.02351096,15.09,"PEPSI COLA N/R",14088,12000
45,1200000230,45,156,.01907493,4.65,"PEPSI COLA N/R",14308,12000
45,1200000230,46,94,.02351096,15.09,"PEPSI COLA N/R",14465,12000
45,1200000230,47,701,.0146389,36.36,"PEPSI COLA N/R",14021,12000
45,1200000230,48,132,.02351096,15.09,"PEPSI COLA N/R",14251,12000
45,1200000230,49,131,.02351096,15.09,"PEPSI COLA N/R",14254,12000
45,1200000230,50,317,.01907493,4.65,"PEPSI COLA N/R",14218,12000
45,1200000230,51,110,.02351096,15.09,"PEPSI COLA N/R",14846,12000
45,1200000230,52,219,.01907493,4.65,"PEPSI COLA N/R",11868,12000
45,1200000230,53,81,.02351096,15.09,"PEPSI COLA N/R",14018,12000
45,1200000230,54,102,.02351096,15.09,"PEPSI COLA N/R",14146,12000
45,1200000230,55,112,.02351096,15.09,"PEPSI COLA N/R",14627,12000
45,1200000230,56,159,.01907493,4.65,"PEPSI COLA N/R",13728,12000
45,1200000230,57,111,.02351096,15.09,"PEPSI COLA N/R",13839,12000
45,1200000230,58,92,.02351096,15.09,"PEPSI COLA N/R",14016,12000
45,1200000230,59,443,.0146389,36.36,"PEPSI COLA N/R",14637,12000
45,1200000230,60,102,.02351096,15.09,"PEPSI COLA N/R",13646,12000
45,1200000230,61,98,.02351096,15.09,"PEPSI COLA N/R",13536,12000
45,1200000230,62,128,.02351096,15.09,"PEPSI COLA N/R",16790,12000
45,1200000230,63,78,.02351096,15.09,"PEPSI COLA N/R",13432,12000
45,1200000230,64,69,.02351096,15.09,"PEPSI COLA N/R",14794,12000
45,1200000230,65,220,.01759625,13.45,"PEPSI COLA N/R",13950,12000
45,1200000230,66,266,.01907493,4.65,"PEPSI COLA N/R",14021,12000
45,1200000230,67,137,.02351096,15.09,"PEPSI COLA N/R",13629,12000
45,1200000230,68,133,.02351096,15.09,"PEPSI COLA N/R",13383,12000
45,1200000230,69,119,.02351096,15.09,"PEPSI COLA N/R",13268,12000
45,1200000230,70,314,.01907493,10.85,"PEPSI COLA N/R",12876,12000
45,1200000230,71,94,.02351096,10.06,"PEPSI COLA N/R",12896,12000
45,1200000230,72,123,.02351096,10.06,"PEPSI COLA N/R",13006,12000
45,1200000230,73,322,.01907493,10.85,"PEPSI COLA N/R",13954,12000
45,1200000230,74,71,.02351096,10.06,"PEPSI COLA N/R",13294,12000
45,1200000230,75,225,.01907493,10.85,"PEPSI COLA N/R",12892,12000
45,1200000230,76,93,.02351096,10.06,"PEPSI COLA N/R",13011,12000
45,1200000230,77,87,.02351096,10.06,"PEPSI COLA N/R",13375,12000
45,1200000230,78,98,.02351096,10.06,"PEPSI COLA N/R",12789,12000
45,1200000230,79,362,.01759625,20.17,"PEPSI COLA N/R",14019,12000
45,1200000230,80,114,.02351096,10.06,"PEPSI COLA N/R",13362,12000
45,1200000230,81,86,.02351096,10.06,"PEPSI COLA N/R",14374,12000
45,1200000230,82,89,.02351096,10.06,"PEPSI COLA N/R",13317,12000
45,1200000230,83,90,.02351096,10.06,"PEPSI COLA N/R",13205,12000
45,1200000230,84,832,.0146389,44.44,"PEPSI COLA N/R",12880,12000
45,1200000230,85,62,.02351096,10.06,"PEPSI COLA N/R",12854,12000
45,1200000230,86,84,.02351096,10.06,"PEPSI COLA N/R",13933,12000
45,1200000230,87,98,.02351096,10.06,"PEPSI COLA N/R",13913,12000
45,1200000230,88,581,.0146389,44.44,"PEPSI COLA N/R",13326,12000
45,1200000230,89,63,.02351096,10.06,"PEPSI COLA N/R",14095,12000
45,1200000230,90,82,.02351096,10.06,"PEPSI COLA N/R",14333,12000
45,1200000230,91,642,.0146389,44.44,"PEPSI COLA N/R",14199,12000
45,1200000230,92,65,.02351096,10.06,"PEPSI COLA N/R",13970,12000
45,1200000230,93,85,.02351096,10.06,"PEPSI COLA N/R",13749,12000
45,1200000230,94,68,.02351096,10.06,"PEPSI COLA N/R",14388,12000
45,1200000230,95,157,.01907493,10.85,"PEPSI COLA N/R",13924,12000
45,1200000230,96,89,.02351096,10.06,"PEPSI COLA N/R",14133,12000
45,1200000230,97,81,.02351096,10.06,"PEPSI COLA N/R",13816,12000
45,1200000230,98,97,.01907493,10.85,"PEPSI COLA N/R",14043,12000
45,1200000230,99,92,.02203228,4.03,"PEPSI COLA N/R",14231,12000
45,1200000230,100,80,.02203228,4.03,"PEPSI COLA N/R",14111,12000
45,1200000230,101,849,.0146389,44.44,"PEPSI COLA N/R",13675,12000
45,1200000230,102,97,.02203228,4.03,"PEPSI COLA N/R",14483,12000
45,1200000230,103,145,.02203228,4.03,"PEPSI COLA N/R",13989,12000
45,1200000230,104,85,.02203228,4.03,"PEPSI COLA N/R",14253,12000
45,1200000394,1,160,.01949219,4.02,"PEPSI COLA N.R. BOTT",13447,12000
45,1200000394,2,32,.02335938,20.07,"PEPSI COLA N.R. BOTT",13992,12000
45,1200000394,3,24,.02335938,20.07,"PEPSI COLA N.R. BOTT",13529,12000
45,1200000394,4,34,.02335938,20.07,"PEPSI COLA N.R. BOTT",13859,12000
45,1200000394,5,24,.02335938,20.07,"PEPSI COLA N.R. BOTT",13678,12000
45,1200000394,6,60,.02179688,14.34,"PEPSI COLA N.R. BOTT",13673,12000
45,1200000394,7,15,.02335938,20.07,"PEPSI COLA N.R. BOTT",13952,12000
45,1200000394,8,28,.02335938,20.07,"PEPSI COLA N.R. BOTT",13401,12000
45,1200000394,9,32,.02335938,20.07,"PEPSI COLA N.R. BOTT",12925,12000
45,1200000394,10,20,.02335938,20.07,"PEPSI COLA N.R. BOTT",15212,12000
45,1200000394,11,25,.02335938,20.07,"PEPSI COLA N.R. BOTT",12654,12000
45,1200000394,12,26,.02335938,20.07,"PEPSI COLA N.R. BOTT",13328,12000
45,1200000394,13,112,.02179688,14.34,"PEPSI COLA N.R. BOTT",13321,12000
45,1200000394,14,22,.02179688,14.34,"PEPSI COLA N.R. BOTT",14358,12000
45,1200000394,15,16,.02335938,20.07,"PEPSI COLA N.R. BOTT",11362,12000
45,1200000394,16,30,.02335938,20.07,"PEPSI COLA N.R. BOTT",13274,12000
45,1200000394,17,27,.02335938,20.07,"PEPSI COLA N.R. BOTT",12665,12000
45,1200000394,18,76,.01949219,4.02,"PEPSI COLA N.R. BOTT",12618,12000
45,1200000394,19,64,.02335938,20.07,"PEPSI COLA N.R. BOTT",12962,12000
45,1200000394,20,145,.01867188,0,"PEPSI COLA N.R. BOTT",13211,12000
45,1200000394,21,100,.01867188,0,"PEPSI COLA N.R. BOTT",13060,12000
45,1200000394,22,33,.02335938,20.07,"PEPSI COLA N.R. BOTT",13411,12000
45,1200000394,23,203,.01945313,4.02,"PEPSI COLA N.R. BOTT",13263,12000
45,1200000394,24,42,.02335938,20.07,"PEPSI COLA N.R. BOTT",12815,12000
45,1200000394,25,47,.02335938,20.07,"PEPSI COLA N.R. BOTT",13394,12000
45,1200000394,26,30,.02335938,20.07,"PEPSI COLA N.R. BOTT",13089,12000
45,1200000394,27,38,.02335938,20.07,"PEPSI COLA N.R. BOTT",13499,12000
45,1200000394,28,27,.02335938,20.07,"PEPSI COLA N.R. BOTT",11562,12000
45,1200000394,29,9,.02335938,20.07,"PEPSI COLA N.R. BOTT",13370,12000
45,1200000394,30,60,.02101563,11.15,"PEPSI COLA N.R. BOTT",14332,12000
45,1200000394,31,26,.02335938,20.07,"PEPSI COLA N.R. BOTT",14506,12000
45,1200000394,32,27,.02335938,20.07,"PEPSI COLA N.R. BOTT",13688,12000
45,1200000394,33,60,.02101563,11.15,"PEPSI COLA N.R. BOTT",13833,12000
45,1200000394,34,74,.02101563,11.15,"PEPSI COLA N.R. BOTT",13778,12000
45,1200000394,35,18,.02335938,20.07,"PEPSI COLA N.R. BOTT",14751,12000
45,1200000394,36,33,.02335938,20.07,"PEPSI COLA N.R. BOTT",12030,12000
45,1200000394,37,32,.02335938,20.07,"PEPSI COLA N.R. BOTT",14208,12000
45,1200000394,38,22,.02335938,20.07,"PEPSI COLA N.R. BOTT",14186,12000
45,1200000394,39,64,.02101563,11.15,"PEPSI COLA N.R. BOTT",14328,12000
45,1200000394,40,30,.02335938,20.07,"PEPSI COLA N.R. BOTT",14696,12000
45,1200000394,41,26,.02335938,20.07,"PEPSI COLA N.R. BOTT",14246,12000
45,1200000394,42,23,.02335938,20.07,"PEPSI COLA N.R. BOTT",15325,12000
45,1200000394,43,60,.02101563,11.15,"PEPSI COLA N.R. BOTT",14260,12000
45,1200000394,44,26,.02335938,20.07,"PEPSI COLA N.R. BOTT",14088,12000
45,1200000394,45,22,.02335938,20.07,"PEPSI COLA N.R. BOTT",14308,12000
45,1200000394,46,21,.02335938,20.07,"PEPSI COLA N.R. BOTT",14465,12000
45,1200000394,47,26,.02335938,20.07,"PEPSI COLA N.R. BOTT",14021,12000
45,1200000394,48,24,.02335938,20.07,"PEPSI COLA N.R. BOTT",14251,12000
45,1200000394,49,22,.02335938,20.07,"PEPSI COLA N.R. BOTT",14254,12000
45,1200000394,50,22,.02335938,20.07,"PEPSI COLA N.R. BOTT",14218,12000
45,1200000394,51,20,.02335938,20.07,"PEPSI COLA N.R. BOTT",14846,12000
45,1200000394,52,25,.02335938,20.07,"PEPSI COLA N.R. BOTT",11868,12000
45,1200000394,53,18,.02101563,11.15,"PEPSI COLA N.R. BOTT",14018,12000
45,1200000394,54,17,.02335938,20.07,"PEPSI COLA N.R. BOTT",14146,12000
45,1200000394,55,19,.02335938,20.07,"PEPSI COLA N.R. BOTT",14627,12000
45,1200000394,56,20,.02335938,20.07,"PEPSI COLA N.R. BOTT",13728,12000
45,1200000394,57,18,.02335938,20.07,"PEPSI COLA N.R. BOTT",13839,12000
45,1200000394,58,31,.02179688,14.34,"PEPSI COLA N.R. BOTT",14016,12000
45,1200000394,59,24,.02335938,20.07,"PEPSI COLA N.R. BOTT",14637,12000
45,1200000394,60,35,.02101563,11.15,"PEPSI COLA N.R. BOTT",13646,12000
45,1200000394,61,27,.02335938,20.07,"PEPSI COLA N.R. BOTT",13536,12000
45,1200000394,62,19,.02335938,20.07,"PEPSI COLA N.R. BOTT",16790,12000
45,1200000394,63,21,.02335938,20.07,"PEPSI COLA N.R. BOTT",13432,12000
45,1200000394,64,18,.02101563,11.15,"PEPSI COLA N.R. BOTT",14794,12000
45,1200000394,65,26,.02335938,20.07,"PEPSI COLA N.R. BOTT",13950,12000
45,1200000394,66,21,.02335938,20.07,"PEPSI COLA N.R. BOTT",14021,12000
45,1200000394,67,14,.02335938,20.07,"PEPSI COLA N.R. BOTT",13629,12000
45,1200000394,68,12,.02335938,20.07,"PEPSI COLA N.R. BOTT",13383,12000
45,1200000394,69,12,.03195312,41.56,"PEPSI COLA N.R. BOTT",13268,12000
45,1200000394,70,14,.03195312,31.78,"PEPSI COLA N.R. BOTT",12876,12000
45,1200000394,71,14,.02726563,20.06,"PEPSI COLA N.R. BOTT",12896,12000
45,1200000394,72,13,.03117188,30.08,"PEPSI COLA N.R. BOTT",13006,12000
45,1200000394,73,18,.02726563,20.06,"PEPSI COLA N.R. BOTT",13954,12000
45,1200000394,74,14,.02726563,20.06,"PEPSI COLA N.R. BOTT",13294,12000
45,1200000394,75,14,.03117188,30.08,"PEPSI COLA N.R. BOTT",12892,12000
45,1200000394,76,10,.03117188,30.08,"PEPSI COLA N.R. BOTT",13011,12000
45,1200000394,77,17,.02726563,20.06,"PEPSI COLA N.R. BOTT",13375,12000
45,1200000394,78,20,.02726563,20.06,"PEPSI COLA N.R. BOTT",12789,12000
45,1200000394,79,11,.02726563,20.06,"PEPSI COLA N.R. BOTT",14019,12000
45,1200000394,80,12,.02726563,20.06,"PEPSI COLA N.R. BOTT",13362,12000
45,1200000394,81,15,.02726563,20.06,"PEPSI COLA N.R. BOTT",14374,12000
45,1200000394,82,10,.02726563,20.06,"PEPSI COLA N.R. BOTT",13317,12000
45,1200000394,83,12,.02726563,20.06,"PEPSI COLA N.R. BOTT",13205,12000
45,1200000394,84,34,.02335938,6.69,"PEPSI COLA N.R. BOTT",12880,12000
45,1200000394,85,13,.02335938,6.69,"PEPSI COLA N.R. BOTT",12854,12000
45,1200000394,86,9,.02726563,20.06,"PEPSI COLA N.R. BOTT",13933,12000
45,1200000394,87,23,.02335938,6.69,"PEPSI COLA N.R. BOTT",13913,12000
45,1200000394,88,28,.02335938,6.69,"PEPSI COLA N.R. BOTT",13326,12000
45,1200000394,89,14,.02726563,20.06,"PEPSI COLA N.R. BOTT",14095,12000
45,1200000394,90,13,.02726563,20.06,"PEPSI COLA N.R. BOTT",14333,12000
45,1200000394,91,14,.02726563,20.06,"PEPSI COLA N.R. BOTT",14199,12000
45,1200000394,92,26,.02335938,6.69,"PEPSI COLA N.R. BOTT",13970,12000
45,1200000394,93,18,.02726563,20.06,"PEPSI COLA N.R. BOTT",13749,12000
45,1200000394,94,12,.02335938,6.69,"PEPSI COLA N.R. BOTT",14388,12000
45,1200000394,95,20,.02179688,0,"PEPSI COLA N.R. BOTT",13924,12000
45,1200000394,96,14,.02726563,20.06,"PEPSI COLA N.R. BOTT",14133,12000
45,1200000394,97,15,.02726563,20.06,"PEPSI COLA N.R. BOTT",13816,12000
45,1200000394,98,11,.02726563,20.06,"PEPSI COLA N.R. BOTT",14043,12000
45,1200000394,99,17,.02179688,0,"PEPSI COLA N.R. BOTT",14231,12000
45,1200000394,100,10,.02726563,20.06,"PEPSI COLA N.R. BOTT",14111,12000
45,1200000394,101,21,.02726563,20.06,"PEPSI COLA N.R. BOTT",13675,12000
45,1200000394,102,8,.02726563,20.06,"PEPSI COLA N.R. BOTT",14483,12000
45,1200000394,103,12,.02726563,20.06,"PEPSI COLA N.R. BOTT",13989,12000
45,1200000394,104,12,.02726563,20.06,"PEPSI COLA N.R. BOTT",14253,12000
