input/WSDR.csv
store,upc,week,move,price,profit,descrip,custcoun,Brand
45,1200000396,1,101,.01949219,4.02,"DIET PEPSI N.R. BOTT",13447,12000
45,1200000396,2,20,.02335938,20.07,"DIET PEPSI N.R. BOTT",13992,12000
45,1200000396,3,16,.02335938,20.07,"DIET PEPSI N.R. BOTT",13529,12000
45,1200000396,4,18,.02335938,20.07,"DIET PEPSI N.R. BOTT",13859,12000
45,1200000396,5,10,.02335938,20.07,"DIET PEPSI N.R. BOTT",13678,12000
45,1200000396,6,37,.02179688,14.34,"DIET PEPSI N.R. BOTT",13673,12000
45,1200000396,7,21,.02335938,20.07,"DIET PEPSI N.R. BOTT",13952,12000
45,1200000396,8,11,.02335938,20.07,"DIET PEPSI N.R. BOTT",13401,12000
45,1200000396,9,16,.02335938,20.07,"DIET PEPSI N.R. BOTT",12925,12000
45,1200000396,10,21,.02335938,20.07,"DIET PEPSI N.R. BOTT",15212,12000
45,1200000396,11,21,.02335938,20.07,"DIET PEPSI N.R. BOTT",12654,12000
45,1200000396,12,17,.02335938,20.07,"DIET PEPSI N.R. BOTT",13328,12000
45,1200000396,13,74,.02179688,14.34,"DIET PEPSI N.R. BOTT",13321,12000
45,1200000396,14,20,.02179688,14.34,"DIET PEPSI N.R. BOTT",14358,12000
45,1200000396,15,23,.02335938,20.07,"DIET PEPSI N.R. BOTT",11362,12000
45,1200000396,16,19,.02335938,20.07,"DIET PEPSI N.R. BOTT",13274,12000
45,1200000396,17,14,.02335938,20.07,"DIET PEPSI N.R. BOTT",12665,12000
45,1200000396,18,54,.01949219,4.02,"DIET PEPSI N.R. BOTT",12618,12000
45,1200000396,19,45,.02335938,20.07,"DIET PEPSI N.R. BOTT",12962,12000
45,1200000396,20,101,.01867188,0,"DIET PEPSI N.R. BOTT",13211,12000
45,1200000396,21,56,.01867188,0,"DIET PEPSI N.R. BOTT",13060,12000
45,1200000396,22,21,.02335938,20.07,"DIET PEPSI N.R. BOTT",13411,12000
45,1200000396,23,158,.01945313,4.02,"DIET PEPSI N.R. BOTT",13263,12000
45,1200000396,24,27,.02335938,20.07,"DIET PEPSI N.R. BOTT",12815,12000
45,1200000396,25,25,.02335938,20.07,"DIET PEPSI N.R. BOTT",13394,12000
45,1200000396,26,21,.02335938,20.07,"DIET PEPSI N.R. BOTT",13089,12000
45,1200000396,27,24,.02335938,20.07,"DIET PEPSI N.R. BOTT",13499,12000
45,1200000396,28,18,.02335938,20.07,"DIET PEPSI N.R. BOTT",11562,12000
45,1200000396,29,5,.02335938,20.07,"DIET PEPSI N.R. BOTT",13370,12000
45,1200000396,30,43,.02101563,11.15,"DIET PEPSI N.R. BOTT",14332,12000
45,1200000396,31,22,.02335938,20.07,"DIET PEPSI N.R. BOTT",14506,12000
45,1200000396,32,16,.02335938,20.07,"DIET PEPSI N.R. BOTT",13688,12000
45,1200000396,33,50,.02101563,11.15,"DIET PEPSI N.R. BOTT",13833,12000
45,1200000396,34,48,.02101563,11.15,"DIET PEPSI N.R. BOTT",13778,12000
45,1200000396,35,14,.02335938,20.07,"DIET PEPSI N.R. BOTT",14751,12000
45,1200000396,36,24,.02335938,20.07,"DIET PEPSI N.R. BOTT",12030,12000
45,1200000396,37,28,.02335938,20.07,"DIET PEPSI N.R. BOTT",14208,12000
45,1200000396,38,19,.02335938,20.07,"DIET PEPSI N.R. BOTT",14186,12000
45,1200000396,39,39,.02101563,11.15,"DIET PEPSI N.R. BOTT",14328,12000
45,1200000396,40,9,.02335938,20.07,"DIET PEPSI N.R. BOTT",14696,12000
45,1200000396,41,22,.02335938,20.07,"DIET PEPSI N.R. BOTT",14246,12000
45,1200000396,42,11,.02335938,20.07,"DIET PEPSI N.R. BOTT",15325,12000
45,1200000396,43,47,.02101563,11.15,"DIET PEPSI N.R. BOTT",14260,12000
45,1200000396,44,13,.02335938,20.07,"DIET PEPSI N.R. BOTT",14088,12000
45,1200000396,45,14,.02335938,20.07,"DIET PEPSI N.R. BOTT",14308,12000
45,1200000396,46,17,.02335938,20.07,"DIET PEPSI N.R. BOTT",14465,12000
45,1200000396,47,10,.02335938,20.07,"DIET PEPSI N.R. BOTT",14021,12000
45,1200000396,48,11,.02335938,20.07,"DIET PEPSI N.R. BOTT",14251,12000
45,1200000396,49,7,.02335938,20.07,"DIET PEPSI N.R. BOTT",14254,12000
45,1200000396,50,15,.02335938,20.07,"DIET PEPSI N.R. BOTT",14218,12000
45,1200000396,51,7,.02335938,20.07,"DIET PEPSI N.R. BOTT",14846,12000
45,1200000396,52,15,.02335938,20.07,"DIET PEPSI N.R. BOTT",11868,12000
45,1200000396,53,18,.02101563,11.15,"DIET PEPSI N.R. BOTT",14018,12000
45,1200000396,54,9,.02335938,20.07,"DIET PEPSI N.R. BOTT",14146,12000
45,1200000396,55,13,.02335938,20.07,"DIET PEPSI N.R. BOTT",14627,12000
45,1200000396,56,15,.02335938,20.07,"DIET PEPSI N.R. BOTT",13728,12000
45,1200000396,57,15,.02335938,20.07,"DIET PEPSI N.R. BOTT",13839,12000
45,1200000396,58,22,.02179688,14.34,"DIET PEPSI N.R. BOTT",14016,12000
45,1200000396,59,16,.02335938,20.07,"DIET PEPSI N.R. BOTT",14637,12000
45,1200000396,60,22,.02101563,11.15,"DIET PEPSI N.R. BOTT",13646,12000
45,1200000396,61,8,.02335938,20.07,"DIET PEPSI N.R. BOTT",13536,12000
45,1200000396,62,13,.02335938,20.07,"DIET PEPSI N.R. BOTT",16790,12000
45,1200000396,63,7,.02335938,20.07,"DIET PEPSI N.R. BOTT",13432,12000
45,1200000396,64,8,.02101563,11.15,"DIET PEPSI N.R. BOTT",14794,12000
45,1200000396,65,10,.02335938,20.07,"DIET PEPSI N.R. BOTT",13950,12000
45,1200000396,66,8,.02335938,20.07,"DIET PEPSI N.R. BOTT",14021,12000
45,1200000396,67,9,.02335938,20.07,"DIET PEPSI N.R. BOTT",13629,12000
45,1200000396,68,3,.02335938,20.07,"DIET PEPSI N.R. BOTT",13383,12000
45,1200000396,69,7,.03195312,41.56,"DIET PEPSI N.R. BOTT",13268,12000
45,1200000396,70,8,.03195312,31.78,"DIET PEPSI N.R. BOTT",12876,12000
45,1200000396,71,7,.02726563,20.06,"DIET PEPSI N.R. BOTT",12896,12000
45,1200000396,72,3,.03117188,30.08,"DIET PEPSI N.R. BOTT",13006,12000
45,1200000396,73,12,.02726563,20.06,"DIET PEPSI N.R. BOTT",13954,12000
45,1200000396,74,10,.02726563,20.06,"DIET PEPSI N.R. BOTT",13294,12000
45,1200000396,75,10,.03117188,30.08,"DIET PEPSI N.R. BOTT",12892,12000
45,1200000396,76,5,.03117188,30.08,"DIET PEPSI N.R. BOTT",13011,12000
45,1200000396,77,13,.02726563,20.06,"DIET PEPSI N.R. BOTT",13375,12000
45,1200000396,78,13,.02726563,20.06,"DIET PEPSI N.R. BOTT",12789,12000
45,1200000396,79,8,.02726563,20.06,"DIET PEPSI N.R. BOTT",14019,12000
45,1200000396,80,9,.02726563,20.06,"DIET PEPSI N.R. BOTT",13362,12000
45,1200000396,81,10,.02726563,20.06,"DIET PEPSI N.R. BOTT",14374,12000
45,1200000396,82,8,.02726563,20.06,"DIET PEPSI N.R. BOTT",13317,12000
45,1200000396,83,8,.02726563,20.06,"DIET PEPSI N.R. BOTT",13205,12000
45,1200000396,84,24,.02335938,6.69,"DIET PEPSI N.R. BOTT",12880,12000
45,1200000396,85,8,.02335938,6.69,"DIET PEPSI N.R. BOTT",12854,12000
45,1200000396,86,6,.02726563,20.06,"DIET PEPSI N.R. BOTT",13933,12000
45,1200000396,87,18,.02335938,6.69,"DIET PEPSI N.R. BOTT",13913,12000
45,1200000396,88,23,.02335938,6.69,"DIET PEPSI N.R. BOTT",13326,12000
45,1200000396,89,6,.02726563,20.06,"DIET PEPSI N.R. BOTT",14095,12000
45,1200000396,90,5,.02726563,20.06,"DIET PEPSI N.R. BOTT",14333,12000
45,1200000396,91,6,.02726563,20.06,"DIET PEPSI N.R. BOTT",14199,12000
45,1200000396,92,14,.02335938,6.69,"DIET PEPSI N.R. BOTT",13970,12000
45,1200000396,93,9,.02726563,20.06,"DIET PEPSI N.R. BOTT",13749,12000
45,1200000396,94,13,.02335938,6.69,"DIET PEPSI N.R. BOTT",14388,12000
45,1200000396,95,17,.02179688,0,"DIET PEPSI N.R. BOTT",13924,12000
45,1200000396,96,7,.02726563,20.06,"DIET PEPSI N.R. BOTT",14133,12000
45,1200000396,97,3,.02726563,20.06,"DIET PEPSI N.R. BOTT",13816,12000
45,1200000396,98,7,.02726563,20.06,"DIET PEPSI N.R. BOTT",14043,12000
45,1200000396,99,10,.02179688,0,"DIET PEPSI N.R. BOTT",14231,12000
45,1200000396,100,2,.02726563,20.06,"DIET PEPSI N.R. BOTT",14111,12000
45,1200000396,101,4,.02726563,20.06,"DIET PEPSI N.R. BOTT",13675,12000
45,1200000396,102,12,.02726563,20.06,"DIET PEPSI N.R. BOTT",14483,12000
45,1200000396,103,9,.02726563,20.06,"DIET PEPSI N.R. BOTT",13989,12000
45,1200000396,104,4,.02726563,20.06,"DIET PEPSI N.R. BOTT",14253,12000
45,1200000492,1,66,.02498963,20.12,"CAFFEINE FREE PEPSI",13447,12000
45,1200000492,2,53,.02498963,20.12,"CAFFEINE FREE PEPSI",13992,12000
45,1200000492,3,76,.02498963,20.12,"CAFFEINE FREE PEPSI",13529,12000
45,1200000492,4,164,.01759625,13.45,"CAFFEINE FREE PEPSI",13859,12000
45,1200000492,5,81,.02498963,20.12,"CAFFEINE FREE PEPSI",13678,12000
45,1200000492,6,171,.01759625,13.45,"CAFFEINE FREE PEPSI",13673,12000
45,1200000492,7,72,.02498963,20.12,"CAFFEINE FREE PEPSI",13952,12000
45,1200000492,8,41,.02498963,20.12,"CAFFEINE FREE PEPSI",13401,12000
45,1200000492,9,288,.0146389,36.36,"CAFFEINE FREE PEPSI",12925,12000
45,1200000492,10,66,.02498963,20.12,"CAFFEINE FREE PEPSI",15212,12000
45,1200000492,11,263,.01316022,51.69,"CAFFEINE FREE PEPSI",12654,12000
45,1200000492,12,58,.02498963,20.12,"CAFFEINE FREE PEPSI",13328,12000
45,1200000492,13,116,.01759625,13.45,"CAFFEINE FREE PEPSI",13321,12000
45,1200000492,14,79,.02498963,20.12,"CAFFEINE FREE PEPSI",14358,12000
45,1200000492,15,321,.01316022,51.69,"CAFFEINE FREE PEPSI",11362,12000
45,1200000492,16,224,.01316022,51.69,"CAFFEINE FREE PEPSI",13274,12000
45,1200000492,17,81,.02498963,20.12,"CAFFEINE FREE PEPSI",12665,12000
45,1200000492,18,115,.01759625,13.45,"CAFFEINE FREE PEPSI",12618,12000
45,1200000492,19,58,.02498963,20.12,"CAFFEINE FREE PEPSI",12962,12000
45,1200000492,20,77,.02498963,20.12,"CAFFEINE FREE PEPSI",13211,12000
45,1200000492,21,71,.01907493,4.65,"CAFFEINE FREE PEPSI",13060,12000
45,1200000492,22,69,.02498963,20.12,"CAFFEINE FREE PEPSI",13411,12000
45,1200000492,23,128,.01759625,13.45,"CAFFEINE FREE PEPSI",13263,12000
45,1200000492,24,83,.02498963,20.12,"CAFFEINE FREE PEPSI",12815,12000
45,1200000492,25,191,.01759625,13.45,"CAFFEINE FREE PEPSI",13394,12000
45,1200000492,26,80,.02498963,20.12,"CAFFEINE FREE PEPSI",13089,12000
45,1200000492,27,343,.0146389,36.36,"CAFFEINE FREE PEPSI",13499,12000
45,1200000492,28,69,.02498963,20.12,"CAFFEINE FREE PEPSI",11562,12000
45,1200000492,29,13,.02498963,20.12,"CAFFEINE FREE PEPSI",13370,12000
45,1200000492,30,164,.01759625,13.45,"CAFFEINE FREE PEPSI",14332,12000
45,1200000492,31,75,.02498963,20.12,"CAFFEINE FREE PEPSI",14506,12000
45,1200000492,32,72,.02498963,20.12,"CAFFEINE FREE PEPSI",13688,12000
45,1200000492,33,383,.01316022,51.69,"CAFFEINE FREE PEPSI",13833,12000
45,1200000492,34,61,.02498963,20.12,"CAFFEINE FREE PEPSI",13778,12000
45,1200000492,35,75,.02498963,20.12,"CAFFEINE FREE PEPSI",14751,12000
45,1200000492,36,137,.01907493,4.65,"CAFFEINE FREE PEPSI",12030,12000
45,1200000492,37,54,.02498963,20.12,"CAFFEINE FREE PEPSI",14208,12000
45,1200000492,38,74,.02498963,20.12,"CAFFEINE FREE PEPSI",14186,12000
45,1200000492,39,418,.01316022,51.69,"CAFFEINE FREE PEPSI",14328,12000
45,1200000492,40,61,.02498963,20.12,"CAFFEINE FREE PEPSI",14696,12000
45,1200000492,41,95,.01907493,4.65,"CAFFEINE FREE PEPSI",14246,12000
45,1200000492,42,44,.02498963,20.12,"CAFFEINE FREE PEPSI",15325,12000
45,1200000492,43,64,.01907493,4.65,"CAFFEINE FREE PEPSI",14260,12000
45,1200000492,44,57,.02498963,20.12,"CAFFEINE FREE PEPSI",14088,12000
45,1200000492,45,90,.01907493,4.65,"CAFFEINE FREE PEPSI",14308,12000
45,1200000492,46,47,.02498963,20.12,"CAFFEINE FREE PEPSI",14465,12000
45,1200000492,47,338,.0146389,36.36,"CAFFEINE FREE PEPSI",14021,12000
45,1200000492,48,54,.02498963,20.12,"CAFFEINE FREE PEPSI",14251,12000
45,1200000492,49,52,.02498963,20.12,"CAFFEINE FREE PEPSI",14254,12000
45,1200000492,50,153,.01907493,4.65,"CAFFEINE FREE PEPSI",14218,12000
45,1200000492,51,45,.02498963,20.12,"CAFFEINE FREE PEPSI",14846,12000
45,1200000492,52,83,.01907493,4.65,"CAFFEINE FREE PEPSI",11868,12000
45,1200000492,53,42,.02498963,20.12,"CAFFEINE FREE PEPSI",14018,12000
45,1200000492,54,68,.02498963,20.12,"CAFFEINE FREE PEPSI",14146,12000
45,1200000492,55,54,.02498963,20.12,"CAFFEINE FREE PEPSI",14627,12000
45,1200000492,56,79,.01907493,4.65,"CAFFEINE FREE PEPSI",13728,12000
45,1200000492,57,50,.02498963,20.12,"CAFFEINE FREE PEPSI",13839,12000
45,1200000492,58,46,.02498963,20.12,"CAFFEINE FREE PEPSI",14016,12000
45,1200000492,59,138,.0146389,36.36,"CAFFEINE FREE PEPSI",14637,12000
45,1200000492,60,56,.02498963,20.12,"CAFFEINE FREE PEPSI",13646,12000
45,1200000492,61,53,.02498963,20.12,"CAFFEINE FREE PEPSI",13536,12000
45,1200000492,62,74,.02498963,20.12,"CAFFEINE FREE PEPSI",16790,12000
45,1200000492,63,53,.02498963,20.12,"CAFFEINE FREE PEPSI",13432,12000
45,1200000492,64,60,.02498963,20.12,"CAFFEINE FREE PEPSI",14794,12000
45,1200000492,65,77,.01759625,13.45,"CAFFEINE FREE PEPSI",13950,12000
45,1200000492,66,107,.01907493,4.65,"CAFFEINE FREE PEPSI",14021,12000
45,1200000492,67,55,.02498963,20.12,"CAFFEINE FREE PEPSI",13629,12000
45,1200000492,68,48,.02498963,20.12,"CAFFEINE FREE PEPSI",13383,12000
45,1200000492,69,70,.02498963,20.12,"CAFFEINE FREE PEPSI",13268,12000
45,1200000492,70,108,.01907493,10.85,"CAFFEINE FREE PEPSI",12876,12000
45,1200000492,71,62,.02498963,15.38,"CAFFEINE FREE PEPSI",12896,12000
45,1200000492,72,49,.02498963,15.38,"CAFFEINE FREE PEPSI",13006,12000
45,1200000492,73,96,.01907493,10.85,"CAFFEINE FREE PEPSI",13954,12000
45,1200000492,74,38,.02498963,15.38,"CAFFEINE FREE PEPSI",13294,12000
45,1200000492,75,80,.01907493,10.85,"CAFFEINE FREE PEPSI",12892,12000
45,1200000492,76,47,.02498963,15.38,"CAFFEINE FREE PEPSI",13011,12000
45,1200000492,77,23,.02498963,15.38,"CAFFEINE FREE PEPSI",13375,12000
45,1200000492,78,53,.02498963,15.38,"CAFFEINE FREE PEPSI",12789,12000
45,1200000492,79,74,.01759625,20.17,"CAFFEINE FREE PEPSI",14019,12000
45,1200000492,80,42,.02498963,15.38,"CAFFEINE FREE PEPSI",13362,12000
45,1200000492,81,40,.02498963,15.38,"CAFFEINE FREE PEPSI",14374,12000
45,1200000492,82,35,.02498963,15.38,"CAFFEINE FREE PEPSI",13317,12000
45,1200000492,83,46,.02498963,15.38,"CAFFEINE FREE PEPSI",13205,12000
45,1200000492,84,161,.0146389,44.44,"CAFFEINE FREE PEPSI",12880,12000
45,1200000492,85,28,.02498963,15.38,"CAFFEINE FREE PEPSI",12854,12000
45,1200000492,86,37,.02498963,15.38,"CAFFEINE FREE PEPSI",13933,12000
45,1200000492,87,57,.02498963,15.38,"CAFFEINE FREE PEPSI",13913,12000
45,1200000492,88,94,.0146389,44.44,"CAFFEINE FREE PEPSI",13326,12000
45,1200000492,89,28,.02498963,15.38,"CAFFEINE FREE PEPSI",14095,12000
45,1200000492,90,25,.02498963,15.38,"CAFFEINE FREE PEPSI",14333,12000
45,1200000492,91,166,.0146389,44.44,"CAFFEINE FREE PEPSI",14199,12000
45,1200000492,92,32,.02498963,15.38,"CAFFEINE FREE PEPSI",13970,12000
45,1200000492,93,31,.02498963,15.38,"CAFFEINE FREE PEPSI",13749,12000
45,1200000492,94,23,.02498963,15.38,"CAFFEINE FREE PEPSI",14388,12000
45,1200000492,95,61,.01907493,10.85,"CAFFEINE FREE PEPSI",13924,12000
45,1200000492,96,24,.02498963,15.38,"CAFFEINE FREE PEPSI",14133,12000
45,1200000492,97,51,.02498963,15.38,"CAFFEINE FREE PEPSI",13816,12000
45,1200000492,98,47,.01907493,10.85,"CAFFEINE FREE PEPSI",14043,12000
45,1200000492,99,41,.02203228,4.03,"CAFFEINE FREE PEPSI",14231,12000
45,1200000492,100,34,.02203228,4.03,"CAFFEINE FREE PEPSI",14111,12000
45,1200000492,101,155,.0146389,44.44,"CAFFEINE FREE PEPSI",13675,12000
45,1200000492,102,43,.02203228,4.03,"CAFFEINE FREE PEPSI",14483,12000
45,1200000492,103,24,.02203228,4.03,"CAFFEINE FREE PEPSI",13989,12000
45,1200000492,104,43,.02203228,4.03,"CAFFEINE FREE PEPSI",14253,12000
