input/WSDR.csv
store,upc,week,move,price,profit,descrip,custcoun,Brand
45,1200000496,1,42,.02498963,20.12,"DIET PEPSI CAFFEINE",13447,12000
45,1200000496,2,23,.02498963,20.12,"DIET PEPSI CAFFEINE",13992,12000
45,1200000496,3,42,.02498963,20.12,"DIET PEPSI CAFFEINE",13529,12000
45,1200000496,4,113,.01759625,13.45,"DIET PEPSI CAFFEINE",13859,12000
45,1200000496,5,41,.02498963,20.12,"DIET PEPSI CAFFEINE",13678,12000
45,1200000496,6,150,.01759625,13.45,"DIET PEPSI CAFFEINE",13673,12000
45,1200000496,7,49,.02498963,20.12,"DIET PEPSI CAFFEINE",13952,12000
45,1200000496,8,41,.02498963,20.12,"DIET PEPSI CAFFEINE",13401,12000
45,1200000496,9,266,.0146389,36.36,"DIET PEPSI CAFFEINE",12925,12000
45,1200000496,10,42,.02498963,20.12,"DIET PEPSI CAFFEINE",15212,12000
45,1200000496,11,320,.01316022,51.69,"DIET PEPSI CAFFEINE",12654,12000
45,1200000496,12,31,.02498963,20.12,"DIET PEPSI CAFFEINE",13328,12000
45,1200000496,13,133,.01759625,13.45,"DIET PEPSI CAFFEINE",13321,12000
45,1200000496,14,48,.02498963,20.12,"DIET PEPSI CAFFEINE",14358,12000
45,1200000496,15,293,.01316022,51.69,"DIET PEPSI CAFFEINE",11362,12000
45,1200000496,16,195,.01316022,51.69,"DIET PEPSI CAFFEINE",13274,12000
45,1200000496,17,66,.02498963,20.12,"DIET PEPSI CAFFEINE",12665,12000
45,1200000496,18,80,.01759625,13.45,"DIET PEPSI CAFFEINE",12618,12000
45,1200000496,19,48,.02498963,20.12,"DIET PEPSI CAFFEINE",12962,12000
45,1200000496,20,35,.02498963,20.12,"DIET PEPSI CAFFEINE",13211,12000
45,1200000496,21,42,.01907493,4.65,"DIET PEPSI CAFFEINE",13060,12000
45,1200000496,22,45,.02498963,20.12,"DIET PEPSI CAFFEINE",13411,12000
45,1200000496,23,144,.01759625,13.45,"DIET PEPSI CAFFEINE",13263,12000
45,1200000496,24,33,.02498963,20.12,"DIET PEPSI CAFFEINE",12815,12000
45,1200000496,25,199,.01759625,13.45,"DIET PEPSI CAFFEINE",13394,12000
45,1200000496,26,37,.02498963,20.12,"DIET PEPSI CAFFEINE",13089,12000
45,1200000496,27,302,.0146389,36.36,"DIET PEPSI CAFFEINE",13499,12000
45,1200000496,28,43,.02498963,20.12,"DIET PEPSI CAFFEINE",11562,12000
45,1200000496,29,18,.02498963,20.12,"DIET PEPSI CAFFEINE",13370,12000
45,1200000496,30,213,.01759625,13.45,"DIET PEPSI CAFFEINE",14332,12000
45,1200000496,31,40,.02498963,20.12,"DIET PEPSI CAFFEINE",14506,12000
45,1200000496,32,30,.02498963,20.12,"DIET PEPSI CAFFEINE",13688,12000
45,1200000496,33,436,.01316022,51.69,"DIET PEPSI CAFFEINE",13833,12000
45,1200000496,34,29,.02498963,20.12,"DIET PEPSI CAFFEINE",13778,12000
45,1200000496,35,43,.02498963,20.12,"DIET PEPSI CAFFEINE",14751,12000
45,1200000496,36,154,.01907493,4.65,"DIET PEPSI CAFFEINE",12030,12000
45,1200000496,37,45,.02498963,20.12,"DIET PEPSI CAFFEINE",14208,12000
45,1200000496,38,50,.02498963,20.12,"DIET PEPSI CAFFEINE",14186,12000
45,1200000496,39,480,.01316022,51.69,"DIET PEPSI CAFFEINE",14328,12000
45,1200000496,40,46,.02498963,20.12,"DIET PEPSI CAFFEINE",14696,12000
45,1200000496,41,103,.01907493,4.65,"DIET PEPSI CAFFEINE",14246,12000
45,1200000496,42,48,.02498963,20.12,"DIET PEPSI CAFFEINE",15325,12000
45,1200000496,43,41,.01907493,4.65,"DIET PEPSI CAFFEINE",14260,12000
45,1200000496,44,42,.02498963,20.12,"DIET PEPSI CAFFEINE",14088,12000
45,1200000496,45,79,.01907493,4.65,"DIET PEPSI CAFFEINE",14308,12000
45,1200000496,46,46,.02498963,20.12,"DIET PEPSI CAFFEINE",14465,12000
45,1200000496,47,356,.0146389,36.36,"DIET PEPSI CAFFEINE",14021,12000
45,1200000496,48,37,.02498963,20.12,"DIET PEPSI CAFFEINE",14251,12000
45,1200000496,49,45,.02498963,20.12,"DIET PEPSI CAFFEINE",14254,12000
45,1200000496,50,153,.01907493,4.65,"DIET PEPSI CAFFEINE",14218,12000
45,1200000496,51,49,.02498963,20.12,"DIET PEPSI CAFFEINE",14846,12000
45,1200000496,52,99,.01907493,4.65,"DIET PEPSI CAFFEINE",11868,12000
45,1200000496,53,26,.02498963,20.12,"DIET PEPSI CAFFEINE",14018,12000
45,1200000496,54,41,.02498963,20.12,"DIET PEPSI CAFFEINE",14146,12000
45,1200000496,55,38,.02498963,20.12,"DIET PEPSI CAFFEINE",14627,12000
45,1200000496,56,94,.01907493,4.65,"DIET PEPSI CAFFEINE",13728,12000
45,1200000496,57,43,.02498963,20.12,"DIET PEPSI CAFFEINE",13839,12000
45,1200000496,58,42,.02498963,20.12,"DIET PEPSI CAFFEINE",14016,12000
45,1200000496,59,156,.0146389,36.36,"DIET PEPSI CAFFEINE",14637,12000
45,1200000496,60,52,.02498963,20.12,"DIET PEPSI CAFFEINE",13646,12000
45,1200000496,61,51,.02498963,20.12,"DIET PEPSI CAFFEINE",13536,12000
45,1200000496,62,47,.02498963,20.12,"DIET PEPSI CAFFEINE",16790,12000
45,1200000496,63,45,.02498963,20.12,"DIET PEPSI CAFFEINE",13432,12000
45,1200000496,64,52,.02498963,20.12,"DIET PEPSI CAFFEINE",14794,12000
45,1200000496,65,106,.01759625,13.45,"DIET PEPSI CAFFEINE",13950,12000
45,1200000496,66,98,.01907493,4.65,"DIET PEPSI CAFFEINE",14021,12000
45,1200000496,67,46,.02498963,20.12,"DIET PEPSI CAFFEINE",13629,12000
45,1200000496,68,47,.02498963,20.12,"DIET PEPSI CAFFEINE",13383,12000
45,1200000496,69,42,.02498963,20.12,"DIET PEPSI CAFFEINE",13268,12000
45,1200000496,70,120,.01907493,10.85,"DIET PEPSI CAFFEINE",12876,12000
45,1200000496,71,37,.02498963,15.38,"DIET PEPSI CAFFEINE",12896,12000
45,1200000496,72,45,.02498963,15.38,"DIET PEPSI CAFFEINE",13006,12000
45,1200000496,73,108,.01907493,10.85,"DIET PEPSI CAFFEINE",13954,12000
45,1200000496,74,31,.02498963,15.38,"DIET PEPSI CAFFEINE",13294,12000
45,1200000496,75,103,.01907493,10.85,"DIET PEPSI CAFFEINE",12892,12000
45,1200000496,76,26,.02498963,15.38,"DIET PEPSI CAFFEINE",13011,12000
45,1200000496,77,33,.02498963,15.38,"DIET PEPSI CAFFEINE",13375,12000
45,1200000496,78,39,.02498963,15.38,"DIET PEPSI CAFFEINE",12789,12000
45,1200000496,79,110,.01759625,20.17,"DIET PEPSI CAFFEINE",14019,12000
45,1200000496,80,45,.02498963,15.38,"DIET PEPSI CAFFEINE",13362,12000
45,1200000496,81,40,.02498963,15.38,"DIET PEPSI CAFFEINE",14374,12000
45,1200000496,82,24,.02498963,15.38,"DIET PEPSI CAFFEINE",13317,12000
45,1200000496,83,39,.02498963,15.38,"DIET PEPSI CAFFEINE",13205,12000
45,1200000496,84,144,.0146389,44.44,"DIET PEPSI CAFFEINE",12880,12000
45,1200000496,85,23,.02498963,15.38,"DIET PEPSI CAFFEINE",12854,12000
45,1200000496,86,36,.02498963,15.38,"DIET PEPSI CAFFEINE",13933,12000
45,1200000496,87,43,.02498963,15.38,"DIET PEPSI CAFFEINE",13913,12000
45,1200000496,88,127,.0146389,44.44,"DIET PEPSI CAFFEINE",13326,12000
45,1200000496,89,50,.02498963,15.38,"DIET PEPSI CAFFEINE",14095,12000
45,1200000496,90,37,.02498963,15.38,"DIET PEPSI CAFFEINE",14333,12000
45,1200000496,91,250,.0146389,44.44,"DIET PEPSI CAFFEINE",14199,12000
45,1200000496,92,37,.02498963,15.38,"DIET PEPSI CAFFEINE",13970,12000
45,1200000496,93,50,.02498963,15.38,"DIET PEPSI CAFFEINE",13749,12000
45,1200000496,94,37,.02498963,15.38,"DIET PEPSI CAFFEINE",14388,12000
45,1200000496,95,50,.01907493,10.85,"DIET PEPSI CAFFEINE",13924,12000
45,1200000496,96,36,.02498963,15.38,"DIET PEPSI CAFFEINE",14133,12000
45,1200000496,97,31,.02498963,15.38,"DIET PEPSI CAFFEINE",13816,12000
45,1200000496,98,53,.01907493,10.85,"DIET PEPSI CAFFEINE",14043,12000
45,1200000496,99,27,.02203228,4.03,"DIET PEPSI CAFFEINE",14231,12000
45,1200000496,100,28,.02203228,4.03,"DIET PEPSI CAFFEINE",14111,12000
45,1200000496,101,184,.0146389,44.44,"DIET PEPSI CAFFEINE",13675,12000
45,1200000496,102,39,.02203228,4.03,"DIET PEPSI CAFFEINE",14483,12000
45,1200000496,103,29,.02203228,4.03,"DIET PEPSI CAFFEINE",13989,12000
45,1200000496,104,52,.02203228,4.03,"DIET PEPSI CAFFEINE",14253,12000
45,3828100261,1,108,.02083333,33.6,"DOM ORANGE SODA",13447,38281
45,3828100261,2,80,.02083333,33.6,"DOM ORANGE SODA",13992,38281
45,3828100261,3,191,.02083333,33.2,"DOM ORANGE SODA",13529,38281
45,3828100261,4,190,.01388889,2.5,"DOM ORANGE SODA",13859,38281
45,3828100261,5,106,.02083333,34.8,"DOM ORANGE SODA",13678,38281
45,3828100261,6,144,.02083333,32.4,"DOM ORANGE SODA",13673,38281
45,3828100261,7,80,.02083333,35.6,"DOM ORANGE SODA",13952,38281
45,3828100261,8,76,.02083333,37.6,"DOM ORANGE SODA",13401,38281
45,3828100261,9,410,.01083333,.77,"DOM ORANGE SODA",12925,38281
45,3828100261,10,52,.02083333,50,"DOM ORANGE SODA",15212,38281
45,3828100261,11,101,.01388889,30.63,"DOM ORANGE SODA",12654,38281
45,3828100261,12,147,.01388889,30.63,"DOM ORANGE SODA",13328,38281
45,3828100261,13,193,.01666667,45,"DOM ORANGE SODA",13321,38281
45,3828100261,14,65,.01666667,45,"DOM ORANGE SODA",14358,38281
45,3828100261,15,49,.01666667,45,"DOM ORANGE SODA",11362,38281
45,3828100261,16,37,.01666667,42,"DOM ORANGE SODA",13274,38281
45,3828100261,17,79,.01666667,42,"DOM ORANGE SODA",12665,38281
45,3828100261,18,40,.02083333,46,"DOM ORANGE SODA",12618,38281
45,3828100261,19,139,.02083333,42,"DOM ORANGE SODA",12962,38281
45,3828100261,20,204,.01666667,27.5,"DOM ORANGE SODA",13211,38281
45,3828100261,21,164,.01666667,27.5,"DOM ORANGE SODA",13060,38281
45,3828100261,22,63,.02083333,37.2,"DOM ORANGE SODA",13411,38281
45,3828100261,23,101,.02083333,41.6,"DOM ORANGE SODA",13263,38281
45,3828100261,24,223,.01388889,15.63,"DOM ORANGE SODA",12815,38281
45,3828100261,25,82,.02083333,40,"DOM ORANGE SODA",13394,38281
45,3828100261,26,133,.02083333,38.8,"DOM ORANGE SODA",13089,38281
45,3828100261,27,38,.02083333,38.8,"DOM ORANGE SODA",13499,38281
45,3828100261,28,125,.02083333,40.8,"DOM ORANGE SODA",11562,38281
45,3828100261,29,10,.01666667,27,"DOM ORANGE SODA",13370,38281
45,3828100261,30,135,.02083333,40.4,"DOM ORANGE SODA",14332,38281
45,3828100261,31,121,.02083333,40.8,"DOM ORANGE SODA",14506,38281
45,3828100261,32,164,.01388889,8.75,"DOM ORANGE SODA",13688,38281
45,3828100261,33,241,.02083333,41.6,"DOM ORANGE SODA",13833,38281
45,3828100261,34,71,.02083333,41.6,"DOM ORANGE SODA",13778,38281
45,3828100261,35,46,.02083333,42,"DOM ORANGE SODA",14751,38281
45,3828100261,36,140,.01388889,15,"DOM ORANGE SODA",12030,38281
45,3828100261,37,115,.02083333,42.8,"DOM ORANGE SODA",14208,38281
45,3828100261,38,166,.02083333,41.6,"DOM ORANGE SODA",14186,38281
45,3828100261,39,163,.01388889,16.25,"DOM ORANGE SODA",14328,38281
45,3828100261,40,156,.01388889,16.25,"DOM ORANGE SODA",14696,38281
45,3828100261,41,152,.02083333,46.4,"DOM ORANGE SODA",14246,38281
45,3828100261,42,157,.02083333,46.4,"DOM ORANGE SODA",15325,38281
45,3828100261,43,169,.01388889,13.75,"DOM ORANGE SODA",14260,38281
45,3828100261,44,112,.02083333,34.8,"DOM ORANGE SODA",14088,38281
45,3828100261,45,131,.02083333,34.8,"DOM ORANGE SODA",14308,38281
45,3828100261,46,99,.02083333,36.8,"DOM ORANGE SODA",14465,38281
45,3828100261,47,103,.02083333,38.4,"DOM ORANGE SODA",14021,38281
45,3828100261,48,269,.01666667,37,"DOM ORANGE SODA",14251,38281
45,3828100261,49,8,.01666667,34.5,"DOM ORANGE SODA",14254,38281
45,3828100261,50,168,.02083333,34.8,"DOM ORANGE SODA",14218,38281
45,3828100261,51,149,.02083333,34.4,"DOM ORANGE SODA",14846,38281
45,3828100261,52,128,.02083333,34.4,"DOM ORANGE SODA",11868,38281
45,3828100261,53,85,.02083333,36.8,"DOM ORANGE SODA",14018,38281
45,3828100261,54,137,.01666667,24.5,"DOM ORANGE SODA",14146,38281
45,3828100261,55,102,.01666667,25,"DOM ORANGE SODA",14627,38281
45,3828100261,56,416,.01041667,14.17,"DOM ORANGE SODA",13728,38281
45,3828100261,57,425,.01041667,36.67,"DOM ORANGE SODA",13839,38281
45,3828100261,58,95,.02083333,42.8,"DOM ORANGE SODA",14016,38281
45,3828100261,59,91,.02083333,49.6,"DOM ORANGE SODA",14637,38281
45,3828100261,60,158,.01388889,13.13,"DOM ORANGE SODA",13646,38281
45,3828100261,61,113,.01388889,31.88,"DOM ORANGE SODA",13536,38281
45,3828100261,62,41,.02083333,37.2,"DOM ORANGE SODA",16790,38281
45,3828100261,63,72,.02083333,35.2,"DOM ORANGE SODA",13432,38281
45,3828100261,64,66,.02083333,48.4,"DOM ORANGE SODA",14794,38281
45,3828100261,65,137,.02083333,48.4,"DOM ORANGE SODA",13950,38281
45,3828100261,66,52,.01666667,30,"DOM ORANGE SODA",14021,38281
45,3828100261,67,71,.02083333,43.6,"DOM ORANGE SODA",13629,38281
45,3828100261,68,39,.02083333,39.6,"DOM ORANGE SODA",13383,38281
45,3828100261,69,76,.02083333,39.6,"DOM ORANGE SODA",13268,38281
45,3828100261,70,286,.01388889,15.63,"DOM ORANGE SODA",12876,38281
45,3828100261,71,101,.02083333,46,"DOM ORANGE SODA",12896,38281
45,3828100261,72,47,.02083333,44,"DOM ORANGE SODA",13006,38281
45,3828100261,73,117,.02083333,44,"DOM ORANGE SODA",13954,38281
45,3828100261,74,62,.02083333,44,"DOM ORANGE SODA",13294,38281
45,3828100261,75,88,.02083333,40.8,"DOM ORANGE SODA",12892,38281
45,3828100261,76,123,.01666667,27,"DOM ORANGE SODA",13011,38281
45,3828100261,77,91,.01666667,27,"DOM ORANGE SODA",13375,38281
45,3828100261,78,120,.02083333,40.8,"DOM ORANGE SODA",12789,38281
45,3828100261,79,366,.0125,11.33,"DOM ORANGE SODA",14019,38281
45,3828100261,80,58,.02083333,34.4,"DOM ORANGE SODA",13362,38281
45,3828100261,81,95,.01854167,34.09,"DOM ORANGE SODA",14374,38281
45,3828100261,82,91,.01854167,50,"DOM ORANGE SODA",13317,38281
45,3828100261,83,64,.01854167,40,"DOM ORANGE SODA",13205,38281
45,3828100261,84,324,.01666667,28.5,"DOM ORANGE SODA",12880,38281
45,3828100261,85,52,.01666667,28,"DOM ORANGE SODA",12854,38281
45,3828100261,86,105,.01854167,33.64,"DOM ORANGE SODA",13933,38281
45,3828100261,87,453,.0125,10.67,"DOM ORANGE SODA",13913,38281
45,3828100261,88,53,.01854167,25.45,"DOM ORANGE SODA",13326,38281
45,3828100261,89,184,.01854167,25.45,"DOM ORANGE SODA",14095,38281
45,3828100261,90,112,.01854167,27.27,"DOM ORANGE SODA",14333,38281
45,3828100261,91,389,.01666667,27.5,"DOM ORANGE SODA",14199,38281
45,3828100261,92,154,.01666667,27.5,"DOM ORANGE SODA",13970,38281
45,3828100261,93,135,.01854167,27.73,"DOM ORANGE SODA",13749,38281
45,3828100261,94,104,.01854167,26.36,"DOM ORANGE SODA",14388,38281
45,3828100261,95,159,.01854167,30.45,"DOM ORANGE SODA",13924,38281
45,3828100261,96,606,.01388889,6.25,"DOM ORANGE SODA",14133,38281
45,3828100261,97,144,.01388889,2.5,"DOM ORANGE SODA",13816,38281
45,3828100261,98,111,.01854167,25.45,"DOM ORANGE SODA",14043,38281
45,3828100261,99,140,.01854167,26.82,"DOM ORANGE SODA",14231,38281
45,3828100261,100,169,.01854167,30.45,"DOM ORANGE SODA",14111,38281
45,3828100261,101,362,.01190476,4.29,"DOM ORANGE SODA",13675,38281
45,3828100261,102,147,.01854167,39.09,"DOM ORANGE SODA",14483,38281
45,3828100261,103,121,.01854167,27.73,"DOM ORANGE SODA",13989,38281
45,3828100261,104,116,.01854167,25.91,"DOM ORANGE SODA",14253,38281
