input/WSDR.csv
store,upc,week,move,price,profit,descrip,custcoun,Brand
45,4900000634,1,22,.03875,22.94,"COCA-COLA CLASSIC CA",13447,49000
45,4900000634,2,36,.03875,22.94,"COCA-COLA CLASSIC CA",13992,49000
45,4900000634,3,132,.02763889,8.04,"COCA-COLA CLASSIC CA",13529,49000
45,4900000634,4,38,.03875,22.94,"COCA-COLA CLASSIC CA",13859,49000
45,4900000634,5,17,.03875,22.94,"COCA-COLA CLASSIC CA",13678,49000
45,4900000634,6,29,.03875,22.94,"COCA-COLA CLASSIC CA",13673,49000
45,4900000634,7,42,.03875,22.94,"COCA-COLA CLASSIC CA",13952,49000
45,4900000634,8,30,.03875,22.94,"COCA-COLA CLASSIC CA",13401,49000
45,4900000634,9,29,.03875,22.94,"COCA-COLA CLASSIC CA",12925,49000
45,4900000634,10,27,.03875,22.94,"COCA-COLA CLASSIC CA",15212,49000
45,4900000634,11,46,.03875,22.94,"COCA-COLA CLASSIC CA",12654,49000
45,4900000634,12,163,.02486111,20.11,"COCA-COLA CLASSIC CA",13328,49000
45,4900000634,13,44,.03875,22.94,"COCA-COLA CLASSIC CA",13321,49000
45,4900000634,14,31,.03875,22.94,"COCA-COLA CLASSIC CA",14358,49000
45,4900000634,15,27,.03875,22.94,"COCA-COLA CLASSIC CA",11362,49000
45,4900000634,16,52,.03875,22.94,"COCA-COLA CLASSIC CA",13274,49000
45,4900000634,17,230,.03875,22.94,"COCA-COLA CLASSIC CA",12665,49000
45,4900000634,18,37,.03875,22.94,"COCA-COLA CLASSIC CA",12618,49000
45,4900000634,19,23,.03875,22.94,"COCA-COLA CLASSIC CA",12962,49000
45,4900000634,20,26,.03875,22.94,"COCA-COLA CLASSIC CA",13211,49000
45,4900000634,21,39,.03875,22.94,"COCA-COLA CLASSIC CA",13060,49000
45,4900000634,22,220,.02770833,8.04,"COCA-COLA CLASSIC CA",13411,49000
45,4900000634,23,37,.03875,22.94,"COCA-COLA CLASSIC CA",13263,49000
45,4900000634,24,25,.03875,22.94,"COCA-COLA CLASSIC CA",12815,49000
45,4900000634,25,43,.03875,22.94,"COCA-COLA CLASSIC CA",13394,49000
45,4900000634,26,7,.03875,22.94,"COCA-COLA CLASSIC CA",13089,49000
45,4900000634,27,32,.03875,22.94,"COCA-COLA CLASSIC CA",13499,49000
45,4900000634,28,22,.03875,22.94,"COCA-COLA CLASSIC CA",11562,49000
45,4900000634,29,7,.02763889,8.04,"COCA-COLA CLASSIC CA",13370,49000
45,4900000634,30,46,.03875,22.94,"COCA-COLA CLASSIC CA",14332,49000
45,4900000634,31,43,.03875,22.94,"COCA-COLA CLASSIC CA",14506,49000
45,4900000634,32,44,.03875,22.94,"COCA-COLA CLASSIC CA",13688,49000
45,4900000634,33,40,.03875,22.94,"COCA-COLA CLASSIC CA",13833,49000
45,4900000634,34,35,.03875,22.94,"COCA-COLA CLASSIC CA",13778,49000
45,4900000634,35,593,.01732639,73.39,"COCA-COLA CLASSIC CA",14751,49000
45,4900000634,36,36,.03875,22.94,"COCA-COLA CLASSIC CA",12030,49000
45,4900000634,37,19,.03875,22.94,"COCA-COLA CLASSIC CA",14208,49000
45,4900000634,38,37,.03875,22.94,"COCA-COLA CLASSIC CA",14186,49000
45,4900000634,39,30,.03875,22.94,"COCA-COLA CLASSIC CA",14328,49000
45,4900000634,40,51,.03875,22.94,"COCA-COLA CLASSIC CA",14696,49000
45,4900000634,41,218,.02763889,8.04,"COCA-COLA CLASSIC CA",14246,49000
45,4900000634,42,26,.03875,22.94,"COCA-COLA CLASSIC CA",15325,49000
45,4900000634,43,26,.03875,22.94,"COCA-COLA CLASSIC CA",14260,49000
45,4900000634,44,35,.03875,22.94,"COCA-COLA CLASSIC CA",14088,49000
45,4900000634,45,474,.03875,22.94,"COCA-COLA CLASSIC CA",14308,49000
45,4900000634,46,33,.03875,22.94,"COCA-COLA CLASSIC CA",14465,49000
45,4900000634,47,110,.02763889,8.04,"COCA-COLA CLASSIC CA",14021,49000
45,4900000634,48,17,.03875,22.94,"COCA-COLA CLASSIC CA",14251,49000
45,4900000634,49,698,.03875,22.94,"COCA-COLA CLASSIC CA",14254,49000
45,4900000634,50,44,.03875,22.94,"COCA-COLA CLASSIC CA",14218,49000
45,4900000634,51,44,.03875,22.94,"COCA-COLA CLASSIC CA",14846,49000
45,4900000634,52,32,.03875,22.94,"COCA-COLA CLASSIC CA",11868,49000
45,4900000634,53,75,.03041667,1.83,"COCA-COLA CLASSIC CA",14018,49000
45,4900000634,54,29,.03875,22.94,"COCA-COLA CLASSIC CA",14146,49000
45,4900000634,55,21,.03875,22.94,"COCA-COLA CLASSIC CA",14627,49000
45,4900000634,56,31,.03875,22.94,"COCA-COLA CLASSIC CA",13728,49000
45,4900000634,57,33,.03875,22.94,"COCA-COLA CLASSIC CA",13839,49000
45,4900000634,58,478,.01930556,54.68,"COCA-COLA CLASSIC CA",14016,49000
45,4900000634,59,26,.03875,22.94,"COCA-COLA CLASSIC CA",14637,49000
45,4900000634,60,5,.03875,22.94,"COCA-COLA CLASSIC CA",13646,49000
45,4900000634,61,684,.03875,22.94,"COCA-COLA CLASSIC CA",13536,49000
45,4900000634,62,28,.03875,22.94,"COCA-COLA CLASSIC CA",16790,49000
45,4900000634,63,271,.01930556,54.68,"COCA-COLA CLASSIC CA",13432,49000
45,4900000634,64,29,.03875,22.94,"COCA-COLA CLASSIC CA",14794,49000
45,4900000634,65,585,.01930556,54.68,"COCA-COLA CLASSIC CA",13950,49000
45,4900000634,66,37,.03875,22.94,"COCA-COLA CLASSIC CA",14021,49000
45,4900000634,67,32,.03875,22.94,"COCA-COLA CLASSIC CA",13629,49000
45,4900000634,68,17,.03875,22.94,"COCA-COLA CLASSIC CA",13383,49000
45,4900000634,69,80,.02770833,8.04,"COCA-COLA CLASSIC CA",13268,49000
45,4900000634,70,40,.04013889,22.84,"COCA-COLA CLASSIC CA",12876,49000
45,4900000634,71,1255,.01791667,72.87,"COCA-COLA CLASSIC CA",12896,49000
45,4900000634,72,14,.04013889,22.84,"COCA-COLA CLASSIC CA",13006,49000
45,4900000634,73,33,.04013889,22.84,"COCA-COLA CLASSIC CA",13954,49000
45,4900000634,74,24,.04013889,22.84,"COCA-COLA CLASSIC CA",13294,49000
45,4900000634,75,13,.04013889,22.84,"COCA-COLA CLASSIC CA",12892,49000
45,4900000634,76,42,.04013889,22.84,"COCA-COLA CLASSIC CA",13011,49000
45,4900000634,77,918,.01652778,87.39,"COCA-COLA CLASSIC CA",13375,49000
45,4900000634,78,11,.04013889,22.84,"COCA-COLA CLASSIC CA",12789,49000
45,4900000634,79,106,.02763889,12.06,"COCA-COLA CLASSIC CA",14019,49000
45,4900000634,80,28,.04013889,22.84,"COCA-COLA CLASSIC CA",13362,49000
45,4900000634,81,12,.04013889,22.84,"COCA-COLA CLASSIC CA",14374,49000
45,4900000634,82,595,.02,54.86,"COCA-COLA CLASSIC CA",13317,49000
45,4900000634,83,8,.04013889,22.84,"COCA-COLA CLASSIC CA",13205,49000
45,4900000634,84,43,.04013889,22.84,"COCA-COLA CLASSIC CA",12880,49000
45,4900000634,85,603,.02076389,49.66,"COCA-COLA CLASSIC CA",12854,49000
45,4900000634,86,22,.04013889,22.84,"COCA-COLA CLASSIC CA",13933,49000
45,4900000634,87,231,.02770833,12.06,"COCA-COLA CLASSIC CA",13913,49000
45,4900000634,88,25,.04013889,22.84,"COCA-COLA CLASSIC CA",13326,49000
45,4900000634,89,18,.04013889,22.84,"COCA-COLA CLASSIC CA",14095,49000
45,4900000634,90,496,.02069444,49.66,"COCA-COLA CLASSIC CA",14333,49000
45,4900000634,91,39,.04013889,22.84,"COCA-COLA CLASSIC CA",14199,49000
45,4900000634,92,7,.04013889,22.84,"COCA-COLA CLASSIC CA",13970,49000
45,4900000634,93,266,.02208333,40.25,"COCA-COLA CLASSIC CA",13749,49000
45,4900000634,94,22,.04013889,22.84,"COCA-COLA CLASSIC CA",14388,49000
45,4900000634,95,32,.04013889,22.84,"COCA-COLA CLASSIC CA",13924,49000
45,4900000634,96,37,.04013889,22.84,"COCA-COLA CLASSIC CA",14133,49000
45,4900000634,97,771,.04013889,22.84,"COCA-COLA CLASSIC CA",13816,49000
45,4900000634,98,61,.04013889,22.84,"COCA-COLA CLASSIC CA",14043,49000
45,4900000634,99,586,.02208333,40.25,"COCA-COLA CLASSIC CA",14231,49000
45,4900000634,100,19,.03041667,1.83,"COCA-COLA CLASSIC CA",14111,49000
45,4900000634,101,42,.03041667,1.83,"COCA-COLA CLASSIC CA",13675,49000
45,4900000634,102,304,.02208333,40.25,"COCA-COLA CLASSIC CA",14483,49000
45,4900000634,103,23,.03041667,1.83,"COCA-COLA CLASSIC CA",13989,49000
45,4900000634,104,11,.03041667,1.83,"COCA-COLA CLASSIC CA",14253,49000
45,4900000639,1,112,.02351096,15.09,"COCA-COLA CLASSIC",13447,49000
45,4900000639,2,291,.01759625,13.45,"COCA-COLA CLASSIC",13992,49000
45,4900000639,3,129,.02351096,15.09,"COCA-COLA CLASSIC",13529,49000
45,4900000639,4,239,.01759625,13.45,"COCA-COLA CLASSIC",13859,49000
45,4900000639,5,135,.02351096,15.09,"COCA-COLA CLASSIC",13678,49000
45,4900000639,6,221,.01759625,13.45,"COCA-COLA CLASSIC",13673,49000
45,4900000639,7,113,.02351096,15.09,"COCA-COLA CLASSIC",13952,49000
45,4900000639,8,98,.02351096,15.09,"COCA-COLA CLASSIC",13401,49000
45,4900000639,9,75,.02351096,15.09,"COCA-COLA CLASSIC",12925,49000
45,4900000639,10,106,.02351096,15.09,"COCA-COLA CLASSIC",15212,49000
45,4900000639,11,581,.01316022,51.69,"COCA-COLA CLASSIC",12654,49000
45,4900000639,12,117,.02498963,20.12,"COCA-COLA CLASSIC",13328,49000
45,4900000639,13,84,.02351096,15.09,"COCA-COLA CLASSIC",13321,49000
45,4900000639,14,403,.01316022,51.69,"COCA-COLA CLASSIC",14358,49000
45,4900000639,15,128,.02351096,15.09,"COCA-COLA CLASSIC",11362,49000
45,4900000639,16,630,.01316022,51.69,"COCA-COLA CLASSIC",13274,49000
45,4900000639,17,98,.02351096,15.09,"COCA-COLA CLASSIC",12665,49000
45,4900000639,18,230,.01759625,13.45,"COCA-COLA CLASSIC",12618,49000
45,4900000639,19,109,.02351096,15.09,"COCA-COLA CLASSIC",12962,49000
45,4900000639,20,247,.01907493,4.65,"COCA-COLA CLASSIC",13211,49000
45,4900000639,21,158,.01907493,4.65,"COCA-COLA CLASSIC",13060,49000
45,4900000639,22,112,.02351096,15.09,"COCA-COLA CLASSIC",13411,49000
45,4900000639,23,245,.01759625,13.45,"COCA-COLA CLASSIC",13263,49000
45,4900000639,24,100,.02351096,15.09,"COCA-COLA CLASSIC",12815,49000
45,4900000639,25,349,.01759625,13.45,"COCA-COLA CLASSIC",13394,49000
45,4900000639,26,73,.02351096,15.09,"COCA-COLA CLASSIC",13089,49000
45,4900000639,27,550,.0146389,36.36,"COCA-COLA CLASSIC",13499,49000
45,4900000639,28,110,.02351096,15.09,"COCA-COLA CLASSIC",11562,49000
45,4900000639,29,8,.02351096,15.09,"COCA-COLA CLASSIC",13370,49000
45,4900000639,30,129,.0205536,2.88,"COCA-COLA CLASSIC",14332,49000
45,4900000639,31,141,.02351096,15.09,"COCA-COLA CLASSIC",14506,49000
45,4900000639,32,204,.0205536,2.88,"COCA-COLA CLASSIC",13688,49000
45,4900000639,33,522,.01316022,51.69,"COCA-COLA CLASSIC",13833,49000
45,4900000639,34,131,.02351096,15.09,"COCA-COLA CLASSIC",13778,49000
45,4900000639,35,121,.02351096,15.09,"COCA-COLA CLASSIC",14751,49000
45,4900000639,36,179,.01907493,4.65,"COCA-COLA CLASSIC",12030,49000
45,4900000639,37,90,.02351096,15.09,"COCA-COLA CLASSIC",14208,49000
45,4900000639,38,204,.01907493,4.65,"COCA-COLA CLASSIC",14186,49000
45,4900000639,39,97,.02351096,15.09,"COCA-COLA CLASSIC",14328,49000
45,4900000639,40,173,.01907493,4.65,"COCA-COLA CLASSIC",14696,49000
45,4900000639,41,103,.02351096,15.09,"COCA-COLA CLASSIC",14246,49000
45,4900000639,42,91,.02351096,15.09,"COCA-COLA CLASSIC",15325,49000
45,4900000639,43,148,.01907493,4.65,"COCA-COLA CLASSIC",14260,49000
45,4900000639,44,112,.02351096,15.09,"COCA-COLA CLASSIC",14088,49000
45,4900000639,45,140,.01611757,23.85,"COCA-COLA CLASSIC",14308,49000
45,4900000639,46,65,.02351096,15.09,"COCA-COLA CLASSIC",14465,49000
45,4900000639,47,589,.0146389,36.36,"COCA-COLA CLASSIC",14021,49000
45,4900000639,48,89,.02351096,15.09,"COCA-COLA CLASSIC",14251,49000
45,4900000639,49,66,.02351096,15.09,"COCA-COLA CLASSIC",14254,49000
45,4900000639,50,131,.01907493,4.65,"COCA-COLA CLASSIC",14218,49000
45,4900000639,51,88,.02351096,15.09,"COCA-COLA CLASSIC",14846,49000
45,4900000639,52,93,.02203228,9.4,"COCA-COLA CLASSIC",11868,49000
45,4900000639,53,79,.02351096,15.09,"COCA-COLA CLASSIC",14018,49000
45,4900000639,54,83,.02351096,15.09,"COCA-COLA CLASSIC",14146,49000
45,4900000639,55,200,.01759625,13.45,"COCA-COLA CLASSIC",14627,49000
45,4900000639,56,141,.01907493,4.65,"COCA-COLA CLASSIC",13728,49000
45,4900000639,57,109,.02351096,15.09,"COCA-COLA CLASSIC",13839,49000
45,4900000639,58,73,.02351096,15.09,"COCA-COLA CLASSIC",14016,49000
45,4900000639,59,377,.0146389,36.36,"COCA-COLA CLASSIC",14637,49000
45,4900000639,60,99,.02351096,15.09,"COCA-COLA CLASSIC",13646,49000
45,4900000639,61,104,.02351096,15.09,"COCA-COLA CLASSIC",13536,49000
45,4900000639,62,77,.02351096,15.09,"COCA-COLA CLASSIC",16790,49000
45,4900000639,63,76,.02351096,15.09,"COCA-COLA CLASSIC",13432,49000
45,4900000639,64,82,.02351096,15.09,"COCA-COLA CLASSIC",14794,49000
45,4900000639,65,83,.02351096,15.09,"COCA-COLA CLASSIC",13950,49000
45,4900000639,66,142,.01907493,4.65,"COCA-COLA CLASSIC",14021,49000
45,4900000639,67,86,.02351096,15.09,"COCA-COLA CLASSIC",13629,49000
45,4900000639,68,84,.02351096,15.09,"COCA-COLA CLASSIC",13383,49000
45,4900000639,69,79,.02351096,15.09,"COCA-COLA CLASSIC",13268,49000
45,4900000639,70,136,.01907493,10.85,"COCA-COLA CLASSIC",12876,49000
45,4900000639,71,75,.02351096,10.06,"COCA-COLA CLASSIC",12896,49000
45,4900000639,72,70,.02351096,10.06,"COCA-COLA CLASSIC",13006,49000
45,4900000639,73,136,.01907493,10.85,"COCA-COLA CLASSIC",13954,49000
45,4900000639,74,117,.01759625,20.17,"COCA-COLA CLASSIC",13294,49000
45,4900000639,75,75,.02351096,10.06,"COCA-COLA CLASSIC",12892,49000
45,4900000639,76,1060,.01316022,60.67,"COCA-COLA CLASSIC",13011,49000
45,4900000639,77,46,.02351096,10.06,"COCA-COLA CLASSIC",13375,49000
45,4900000639,78,65,.02351096,10.06,"COCA-COLA CLASSIC",12789,49000
45,4900000639,79,184,.01759625,20.17,"COCA-COLA CLASSIC",14019,49000
45,4900000639,80,80,.02351096,10.06,"COCA-COLA CLASSIC",13362,49000
45,4900000639,81,45,.02351096,10.06,"COCA-COLA CLASSIC",14374,49000
45,4900000639,82,50,.02351096,10.06,"COCA-COLA CLASSIC",13317,49000
45,4900000639,83,67,.02351096,10.06,"COCA-COLA CLASSIC",13205,49000
45,4900000639,84,520,.0146389,44.44,"COCA-COLA CLASSIC",12880,49000
45,4900000639,85,60,.02351096,10.06,"COCA-COLA CLASSIC",12854,49000
45,4900000639,86,50,.02351096,10.06,"COCA-COLA CLASSIC",13933,49000
45,4900000639,87,81,.02351096,10.06,"COCA-COLA CLASSIC",13913,49000
45,4900000639,88,269,.0146389,44.44,"COCA-COLA CLASSIC",13326,49000
45,4900000639,89,50,.02351096,10.06,"COCA-COLA CLASSIC",14095,49000
45,4900000639,90,52,.02351096,10.06,"COCA-COLA CLASSIC",14333,49000
45,4900000639,91,510,.0146389,44.44,"COCA-COLA CLASSIC",14199,49000
45,4900000639,92,72,.02351096,10.06,"COCA-COLA CLASSIC",13970,49000
45,4900000639,93,79,.02351096,10.06,"COCA-COLA CLASSIC",13749,49000
45,4900000639,94,68,.02351096,10.06,"COCA-COLA CLASSIC",14388,49000
45,4900000639,95,122,.01907493,10.85,"COCA-COLA CLASSIC",13924,49000
45,4900000639,96,65,.02351096,10.06,"COCA-COLA CLASSIC",14133,49000
45,4900000639,97,97,.02351096,10.06,"COCA-COLA CLASSIC",13816,49000
45,4900000639,98,77,.01907493,10.85,"COCA-COLA CLASSIC",14043,49000
45,4900000639,99,63,.02203228,4.03,"COCA-COLA CLASSIC",14231,49000
45,4900000639,100,74,.02203228,4.03,"COCA-COLA CLASSIC",14111,49000
45,4900000639,101,590,.0146389,44.44,"COCA-COLA CLASSIC",13675,49000
45,4900000639,102,64,.02203228,4.03,"COCA-COLA CLASSIC",14483,49000
45,4900000639,103,105,.02203228,4.03,"COCA-COLA CLASSIC",13989,49000
45,4900000639,104,62,.02203228,4.03,"COCA-COLA CLASSIC",14253,49000
