input/WSDR.csv
store,upc,week,move,price,profit,descrip,custcoun,Brand
45,4900000658,1,18,.03875,22.94,"COKE DIET CANS",13447,49000
45,4900000658,2,29,.03875,22.94,"COKE DIET CANS",13992,49000
45,4900000658,3,130,.02763889,8.04,"COKE DIET CANS",13529,49000
45,4900000658,4,33,.03875,22.94,"COKE DIET CANS",13859,49000
45,4900000658,5,12,.03875,22.94,"COKE DIET CANS",13678,49000
45,4900000658,6,35,.03875,22.94,"COKE DIET CANS",13673,49000
45,4900000658,7,22,.03875,22.94,"COKE DIET CANS",13952,49000
45,4900000658,8,23,.03875,22.94,"COKE DIET CANS",13401,49000
45,4900000658,9,28,.03875,22.94,"COKE DIET CANS",12925,49000
45,4900000658,10,14,.03875,22.94,"COKE DIET CANS",15212,49000
45,4900000658,11,19,.03875,22.94,"COKE DIET CANS",12654,49000
45,4900000658,12,88,.02486111,20.11,"COKE DIET CANS",13328,49000
45,4900000658,13,18,.03875,22.94,"COKE DIET CANS",13321,49000
45,4900000658,14,27,.03875,22.94,"COKE DIET CANS",14358,49000
45,4900000658,15,11,.03875,22.94,"COKE DIET CANS",11362,49000
45,4900000658,16,28,.03875,22.94,"COKE DIET CANS",13274,49000
45,4900000658,17,141,.03875,22.94,"COKE DIET CANS",12665,49000
45,4900000658,18,30,.03875,22.94,"COKE DIET CANS",12618,49000
45,4900000658,19,22,.03875,22.94,"COKE DIET CANS",12962,49000
45,4900000658,20,32,.03875,22.94,"COKE DIET CANS",13211,49000
45,4900000658,21,35,.03875,22.94,"COKE DIET CANS",13060,49000
45,4900000658,22,143,.02770833,8.04,"COKE DIET CANS",13411,49000
45,4900000658,23,28,.03875,22.94,"COKE DIET CANS",13263,49000
45,4900000658,24,24,.03875,22.94,"COKE DIET CANS",12815,49000
45,4900000658,25,22,.03875,22.94,"COKE DIET CANS",13394,49000
45,4900000658,26,8,.03875,22.94,"COKE DIET CANS",13089,49000
45,4900000658,27,30,.03875,22.94,"COKE DIET CANS",13499,49000
45,4900000658,28,12,.03875,22.94,"COKE DIET CANS",11562,49000
45,4900000658,29,3,.02763889,8.04,"COKE DIET CANS",13370,49000
45,4900000658,30,30,.03875,22.94,"COKE DIET CANS",14332,49000
45,4900000658,31,28,.03875,22.94,"COKE DIET CANS",14506,49000
45,4900000658,32,35,.03875,22.94,"COKE DIET CANS",13688,49000
45,4900000658,33,31,.03875,22.94,"COKE DIET CANS",13833,49000
45,4900000658,34,26,.03875,22.94,"COKE DIET CANS",13778,49000
45,4900000658,35,443,.01732639,73.39,"COKE DIET CANS",14751,49000
45,4900000658,36,23,.03875,22.94,"COKE DIET CANS",12030,49000
45,4900000658,37,10,.03875,22.94,"COKE DIET CANS",14208,49000
45,4900000658,38,17,.03875,22.94,"COKE DIET CANS",14186,49000
45,4900000658,39,17,.03875,22.94,"COKE DIET CANS",14328,49000
45,4900000658,40,34,.03875,22.94,"COKE DIET CANS",14696,49000
45,4900000658,41,149,.02763889,8.04,"COKE DIET CANS",14246,49000
45,4900000658,42,24,.03875,22.94,"COKE DIET CANS",15325,49000
45,4900000658,43,25,.03875,22.94,"COKE DIET CANS",14260,49000
45,4900000658,44,23,.03875,22.94,"COKE DIET CANS",14088,49000
45,4900000658,45,385,.03875,22.94,"COKE DIET CANS",14308,49000
45,4900000658,46,19,.03875,22.94,"COKE DIET CANS",14465,49000
45,4900000658,47,85,.02763889,8.04,"COKE DIET CANS",14021,49000
45,4900000658,48,8,.03875,22.94,"COKE DIET CANS",14251,49000
45,4900000658,49,543,.03875,22.94,"COKE DIET CANS",14254,49000
45,4900000658,50,21,.03875,22.94,"COKE DIET CANS",14218,49000
45,4900000658,51,22,.03875,22.94,"COKE DIET CANS",14846,49000
45,4900000658,52,17,.03875,22.94,"COKE DIET CANS",11868,49000
45,4900000658,53,37,.03041667,1.83,"COKE DIET CANS",14018,49000
45,4900000658,54,19,.03875,22.94,"COKE DIET CANS",14146,49000
45,4900000658,55,18,.03875,22.94,"COKE DIET CANS",14627,49000
45,4900000658,56,21,.03875,22.94,"COKE DIET CANS",13728,49000
45,4900000658,57,23,.03875,22.94,"COKE DIET CANS",13839,49000
45,4900000658,58,322,.01930556,54.68,"COKE DIET CANS",14016,49000
45,4900000658,59,18,.03875,22.94,"COKE DIET CANS",14637,49000
45,4900000658,60,10,.03875,22.94,"COKE DIET CANS",13646,49000
45,4900000658,61,529,.03875,22.94,"COKE DIET CANS",13536,49000
45,4900000658,62,13,.03875,22.94,"COKE DIET CANS",16790,49000
45,4900000658,63,122,.01930556,54.68,"COKE DIET CANS",13432,49000
45,4900000658,64,17,.03875,22.94,"COKE DIET CANS",14794,49000
45,4900000658,65,420,.01930556,54.68,"COKE DIET CANS",13950,49000
45,4900000658,66,29,.03875,22.94,"COKE DIET CANS",14021,49000
45,4900000658,67,18,.03875,22.94,"COKE DIET CANS",13629,49000
45,4900000658,68,15,.03875,22.94,"COKE DIET CANS",13383,49000
45,4900000658,69,69,.02770833,8.04,"COKE DIET CANS",13268,49000
45,4900000658,70,26,.04013889,22.84,"COKE DIET CANS",12876,49000
45,4900000658,71,818,.01791667,72.87,"COKE DIET CANS",12896,49000
45,4900000658,72,9,.04013889,22.84,"COKE DIET CANS",13006,49000
45,4900000658,73,16,.04013889,22.84,"COKE DIET CANS",13954,49000
45,4900000658,74,16,.04013889,22.84,"COKE DIET CANS",13294,49000
45,4900000658,75,5,.04013889,22.84,"COKE DIET CANS",12892,49000
45,4900000658,76,16,.04013889,22.84,"COKE DIET CANS",13011,49000
45,4900000658,77,558,.01652778,87.39,"COKE DIET CANS",13375,49000
45,4900000658,78,20,.04013889,22.84,"COKE DIET CANS",12789,49000
45,4900000658,79,51,.02763889,12.06,"COKE DIET CANS",14019,49000
45,4900000658,80,21,.04013889,22.84,"COKE DIET CANS",13362,49000
45,4900000658,81,20,.04013889,22.84,"COKE DIET CANS",14374,49000
45,4900000658,82,417,.02,54.86,"COKE DIET CANS",13317,49000
45,4900000658,83,5,.04013889,22.84,"COKE DIET CANS",13205,49000
45,4900000658,84,22,.04013889,22.84,"COKE DIET CANS",12880,49000
45,4900000658,85,390,.02076389,49.66,"COKE DIET CANS",12854,49000
45,4900000658,86,14,.04013889,22.84,"COKE DIET CANS",13933,49000
45,4900000658,87,139,.02770833,12.06,"COKE DIET CANS",13913,49000
45,4900000658,88,22,.04013889,22.84,"COKE DIET CANS",13326,49000
45,4900000658,89,16,.04013889,22.84,"COKE DIET CANS",14095,49000
45,4900000658,90,364,.02069444,49.66,"COKE DIET CANS",14333,49000
45,4900000658,91,36,.04013889,22.84,"COKE DIET CANS",14199,49000
45,4900000658,92,11,.04013889,22.84,"COKE DIET CANS",13970,49000
45,4900000658,93,179,.02208333,40.25,"COKE DIET CANS",13749,49000
45,4900000658,94,14,.04013889,22.84,"COKE DIET CANS",14388,49000
45,4900000658,95,16,.04013889,22.84,"COKE DIET CANS",13924,49000
45,4900000658,96,18,.04013889,22.84,"COKE DIET CANS",14133,49000
45,4900000658,97,520,.04013889,22.84,"COKE DIET CANS",13816,49000
45,4900000658,98,32,.04013889,22.84,"COKE DIET CANS",14043,49000
45,4900000658,99,317,.02208333,40.25,"COKE DIET CANS",14231,49000
45,4900000658,100,11,.03041667,1.83,"COKE DIET CANS",14111,49000
45,4900000658,101,35,.03041667,1.83,"COKE DIET CANS",13675,49000
45,4900000658,102,235,.02208333,40.25,"COKE DIET CANS",14483,49000
45,4900000658,103,16,.03041667,1.83,"COKE DIET CANS",13989,49000
45,4900000658,104,12,.03041667,1.83,"COKE DIET CANS",14253,49000
45,5490000060,1,49,.01759625,13.45,"DR PEPPER",13447,54900
45,5490000060,2,13,.02498963,20.12,"DR PEPPER",13992,54900
45,5490000060,3,13,.02498963,20.12,"DR PEPPER",13529,54900
45,5490000060,4,93,.01759625,13.45,"DR PEPPER",13859,54900
45,5490000060,5,23,.02498963,20.12,"DR PEPPER",13678,54900
45,5490000060,6,57,.01759625,13.45,"DR PEPPER",13673,54900
45,5490000060,7,16,.02498963,20.12,"DR PEPPER",13952,54900
45,5490000060,8,14,.02498963,20.12,"DR PEPPER",13401,54900
45,5490000060,9,29,.01611757,21.1,"DR PEPPER",12925,54900
45,5490000060,10,32,.01611757,21.1,"DR PEPPER",15212,54900
45,5490000060,11,130,.01316022,3.37,"DR PEPPER",12654,54900
45,5490000060,12,12,.02498963,49.11,"DR PEPPER",13328,54900
45,5490000060,13,46,.01759625,27.73,"DR PEPPER",13321,54900
45,5490000060,14,19,.02498963,49.11,"DR PEPPER",14358,54900
45,5490000060,15,18,.02498963,49.11,"DR PEPPER",11362,54900
45,5490000060,16,288,.01168154,8.86,"DR PEPPER",13274,54900
45,5490000060,17,19,.02498963,49.11,"DR PEPPER",12665,54900
45,5490000060,18,54,.01759625,13.45,"DR PEPPER",12618,54900
45,5490000060,19,24,.02498963,20.12,"DR PEPPER",12962,54900
45,5490000060,20,44,.01907493,4.65,"DR PEPPER",13211,54900
45,5490000060,21,34,.01907493,4.65,"DR PEPPER",13060,54900
45,5490000060,22,20,.02498963,20.12,"DR PEPPER",13411,54900
45,5490000060,23,46,.01759625,13.45,"DR PEPPER",13263,54900
45,5490000060,24,16,.02498963,20.12,"DR PEPPER",12815,54900
45,5490000060,25,19,.02498963,20.12,"DR PEPPER",13394,54900
45,5490000060,26,18,.02498963,20.12,"DR PEPPER",13089,54900
45,5490000060,27,84,.0146389,36.36,"DR PEPPER",13499,54900
45,5490000060,28,9,.02498963,20.12,"DR PEPPER",11562,54900
45,5490000060,29,5,.02498963,20.12,"DR PEPPER",13370,54900
45,5490000060,30,58,.01759625,13.45,"DR PEPPER",14332,54900
45,5490000060,31,20,.02498963,20.12,"DR PEPPER",14506,54900
45,5490000060,32,15,.02498963,20.12,"DR PEPPER",13688,54900
45,5490000060,33,151,.01316022,51.69,"DR PEPPER",13833,54900
45,5490000060,34,17,.02498963,20.12,"DR PEPPER",13778,54900
45,5490000060,35,19,.02498963,20.12,"DR PEPPER",14751,54900
45,5490000060,36,132,.01907493,4.65,"DR PEPPER",12030,54900
45,5490000060,37,13,.02498963,20.12,"DR PEPPER",14208,54900
45,5490000060,38,18,.02498963,20.12,"DR PEPPER",14186,54900
45,5490000060,39,101,.01316022,51.69,"DR PEPPER",14328,54900
45,5490000060,40,16,.02498963,20.12,"DR PEPPER",14696,54900
45,5490000060,41,19,.02498963,20.12,"DR PEPPER",14246,54900
45,5490000060,42,8,.02498963,20.12,"DR PEPPER",15325,54900
45,5490000060,43,37,.01907493,4.65,"DR PEPPER",14260,54900
45,5490000060,44,18,.02498963,20.12,"DR PEPPER",14088,54900
45,5490000060,45,32,.01611757,23.85,"DR PEPPER",14308,54900
45,5490000060,46,15,.02498963,20.12,"DR PEPPER",14465,54900
45,5490000060,47,86,.0146389,36.36,"DR PEPPER",14021,54900
45,5490000060,48,19,.02498963,20.12,"DR PEPPER",14251,54900
45,5490000060,49,8,.02498963,20.12,"DR PEPPER",14254,54900
45,5490000060,50,12,.02498963,20.12,"DR PEPPER",14218,54900
45,5490000060,51,61,.0146389,36.36,"DR PEPPER",14846,54900
45,5490000060,52,27,.01907493,4.65,"DR PEPPER",11868,54900
45,5490000060,53,16,.02498963,20.12,"DR PEPPER",14018,54900
45,5490000060,54,36,.01907493,4.65,"DR PEPPER",14146,54900
45,5490000060,55,6,.02498963,20.12,"DR PEPPER",14627,54900
45,5490000060,56,27,.01907493,4.65,"DR PEPPER",13728,54900
45,5490000060,57,12,.02498963,20.12,"DR PEPPER",13839,54900
45,5490000060,58,15,.02498963,20.12,"DR PEPPER",14016,54900
45,5490000060,59,63,.0146389,36.36,"DR PEPPER",14637,54900
45,5490000060,60,10,.02498963,20.12,"DR PEPPER",13646,54900
45,5490000060,61,11,.02498963,20.12,"DR PEPPER",13536,54900
45,5490000060,62,19,.02498963,20.12,"DR PEPPER",16790,54900
45,5490000060,63,10,.02498963,20.12,"DR PEPPER",13432,54900
45,5490000060,64,10,.02498963,20.12,"DR PEPPER",14794,54900
45,5490000060,65,6,.02498963,20.12,"DR PEPPER",13950,54900
45,5490000060,66,12,.02498963,20.12,"DR PEPPER",14021,54900
45,5490000060,67,36,.01907493,4.65,"DR PEPPER",13629,54900
45,5490000060,68,185,.01020287,95.65,"DR PEPPER",13383,54900
45,5490000060,69,8,.02498963,20.12,"DR PEPPER",13268,54900
45,5490000060,70,28,.01907493,10.85,"DR PEPPER",12876,54900
45,5490000060,71,14,.02498963,15.38,"DR PEPPER",12896,54900
45,5490000060,72,9,.02498963,15.38,"DR PEPPER",13006,54900
45,5490000060,73,25,.01907493,10.85,"DR PEPPER",13954,54900
45,5490000060,74,14,.02498963,15.38,"DR PEPPER",13294,54900
45,5490000060,75,26,.01759625,20.17,"DR PEPPER",12892,54900
45,5490000060,76,11,.02498963,15.38,"DR PEPPER",13011,54900
45,5490000060,77,10,.02498963,15.38,"DR PEPPER",13375,54900
45,5490000060,78,9,.02498963,15.38,"DR PEPPER",12789,54900
45,5490000060,79,20,.01759625,20.17,"DR PEPPER",14019,54900
45,5490000060,80,7,.02498963,15.38,"DR PEPPER",13362,54900
45,5490000060,81,20,.01907493,10.85,"DR PEPPER",14374,54900
45,5490000060,82,9,.02498963,15.38,"DR PEPPER",13317,54900
45,5490000060,83,20,.01907493,10.85,"DR PEPPER",13205,54900
45,5490000060,84,11,.02498963,15.38,"DR PEPPER",12880,54900
45,5490000060,85,12,.02498963,15.38,"DR PEPPER",12854,54900
45,5490000060,86,26,.01907493,10.85,"DR PEPPER",13933,54900
45,5490000060,87,15,.02498963,15.38,"DR PEPPER",13913,54900
45,5490000060,88,11,.02498963,15.38,"DR PEPPER",13326,54900
45,5490000060,89,21,.0205536,2.88,"DR PEPPER",14095,54900
45,5490000060,90,9,.02498963,15.38,"DR PEPPER",14333,54900
45,5490000060,91,73,.0146389,44.44,"DR PEPPER",14199,54900
45,5490000060,92,25,.01907493,10.85,"DR PEPPER",13970,54900
45,5490000060,93,8,.02498963,15.38,"DR PEPPER",13749,54900
45,5490000060,94,17,.01907493,10.85,"DR PEPPER",14388,54900
45,5490000060,95,16,.01907493,10.85,"DR PEPPER",13924,54900
45,5490000060,96,15,.02498963,15.38,"DR PEPPER",14133,54900
45,5490000060,97,20,.02498963,15.38,"DR PEPPER",13816,54900
45,5490000060,98,21,.01907493,10.85,"DR PEPPER",14043,54900
45,5490000060,99,16,.02203228,4.03,"DR PEPPER",14231,54900
45,5490000060,100,13,.02203228,4.03,"DR PEPPER",14111,54900
45,5490000060,101,43,.0146389,44.44,"DR PEPPER",13675,54900
45,5490000060,102,20,.02203228,4.03,"DR PEPPER",14483,54900
45,5490000060,103,18,.01907493,10.85,"DR PEPPER",13989,54900
45,5490000060,104,19,.02203228,4.03,"DR PEPPER",14253,54900
48,1200000230,1,113,.02498963,20.12,"PEPSI COLA N/R",12943,12000
48,1200000230,2,84,.02498963,20.12,"PEPSI COLA N/R",12954,12000
48,1200000230,3,124,.02498963,20.12,"PEPSI COLA N/R",12853,12000
48,1200000230,4,377,.01759625,13.45,"PEPSI COLA N/R",12914,12000
48,1200000230,5,105,.02498963,20.12,"PEPSI COLA N/R",12827,12000
48,1200000230,6,309,.01759625,13.45,"PEPSI COLA N/R",12605,12000
48,1200000230,7,87,.02498963,20.12,"PEPSI COLA N/R",13378,12000
48,1200000230,8,107,.02498963,20.12,"PEPSI COLA N/R",13197,12000
48,1200000230,9,781,.0146389,36.36,"PEPSI COLA N/R",12525,12000
48,1200000230,10,134,.02498963,20.12,"PEPSI COLA N/R",14397,12000
48,1200000230,11,966,.01316022,51.69,"PEPSI COLA N/R",11965,12000
48,1200000230,12,114,.02498963,20.12,"PEPSI COLA N/R",12798,12000
48,1200000230,13,373,.01759625,13.45,"PEPSI COLA N/R",12594,12000
48,1200000230,14,97,.02498963,20.12,"PEPSI COLA N/R",14205,12000
48,1200000230,15,1227,.01316022,51.69,"PEPSI COLA N/R",12186,12000
48,1200000230,16,986,.01316022,51.69,"PEPSI COLA N/R",12913,12000
48,1200000230,17,114,.02498963,20.12,"PEPSI COLA N/R",12080,12000
48,1200000230,18,317,.01759625,13.45,"PEPSI COLA N/R",11883,12000
48,1200000230,19,123,.02498963,20.12,"PEPSI COLA N/R",11902,12000
48,1200000230,20,130,.02498963,20.12,"PEPSI COLA N/R",12468,12000
48,1200000230,21,287,.01907493,4.65,"PEPSI COLA N/R",12213,12000
48,1200000230,22,114,.02498963,20.12,"PEPSI COLA N/R",12389,12000
48,1200000230,23,403,.01759625,13.45,"PEPSI COLA N/R",12341,12000
48,1200000230,24,81,.02498963,20.12,"PEPSI COLA N/R",11754,12000
48,1200000230,25,527,.01759625,13.45,"PEPSI COLA N/R",12104,12000
48,1200000230,26,96,.02498963,20.12,"PEPSI COLA N/R",12270,12000
48,1200000230,27,893,.0146389,36.36,"PEPSI COLA N/R",12378,12000
48,1200000230,28,95,.02498963,20.12,"PEPSI COLA N/R",12322,12000
48,1200000230,29,122,.02498963,20.12,"PEPSI COLA N/R",12030,12000
48,1200000230,30,17,.01759625,13.45,"PEPSI COLA N/R",12667,12000
48,1200000230,31,129,.02498963,20.12,"PEPSI COLA N/R",12847,12000
48,1200000230,32,74,.02498963,20.12,"PEPSI COLA N/R",12087,12000
48,1200000230,33,1590,.01316022,51.69,"PEPSI COLA N/R",12448,12000
48,1200000230,34,66,.02498963,20.12,"PEPSI COLA N/R",12352,12000
48,1200000230,35,39,.02498963,20.12,"PEPSI COLA N/R",12936,12000
48,1200000230,36,207,.01907493,4.65,"PEPSI COLA N/R",12461,12000
48,1200000230,37,138,.02498963,20.12,"PEPSI COLA N/R",12800,12000
48,1200000230,38,85,.02498963,20.12,"PEPSI COLA N/R",11746,12000
48,1200000230,39,1800,.01316022,51.69,"PEPSI COLA N/R",13131,12000
48,1200000230,40,82,.02498963,20.12,"PEPSI COLA N/R",13530,12000
48,1200000230,41,338,.01907493,4.65,"PEPSI COLA N/R",12968,12000
48,1200000230,42,104,.02498963,20.12,"PEPSI COLA N/R",14476,12000
48,1200000230,43,202,.01907493,4.65,"PEPSI COLA N/R",13461,12000
48,1200000230,44,69,.02498963,20.12,"PEPSI COLA N/R",12914,12000
48,1200000230,45,165,.01907493,4.65,"PEPSI COLA N/R",13239,12000
48,1200000230,46,72,.02498963,20.12,"PEPSI COLA N/R",13309,12000
48,1200000230,47,722,.0146389,36.36,"PEPSI COLA N/R",12858,12000
48,1200000230,48,71,.02498963,20.12,"PEPSI COLA N/R",13145,12000
48,1200000230,49,98,.02498963,20.12,"PEPSI COLA N/R",13004,12000
48,1200000230,50,278,.01907493,4.65,"PEPSI COLA N/R",13460,12000
48,1200000230,51,118,.02498963,20.12,"PEPSI COLA N/R",13783,12000
48,1200000230,52,267,.01907493,4.65,"PEPSI COLA N/R",12760,12000
48,1200000230,53,78,.02498963,20.12,"PEPSI COLA N/R",12949,12000
48,1200000230,54,82,.02498963,20.12,"PEPSI COLA N/R",13070,12000
48,1200000230,55,72,.02498963,20.12,"PEPSI COLA N/R",13615,12000
48,1200000230,56,201,.01907493,4.65,"PEPSI COLA N/R",12840,12000
48,1200000230,57,76,.02498963,20.12,"PEPSI COLA N/R",13088,12000
48,1200000230,58,75,.02498963,20.12,"PEPSI COLA N/R",13265,12000
48,1200000230,59,692,.0146389,36.36,"PEPSI COLA N/R",13610,12000
48,1200000230,60,93,.02498963,20.12,"PEPSI COLA N/R",12636,12000
48,1200000230,61,70,.02498963,20.12,"PEPSI COLA N/R",12294,12000
48,1200000230,62,140,.02498963,20.12,"PEPSI COLA N/R",15344,12000
48,1200000230,63,88,.02498963,20.12,"PEPSI COLA N/R",12066,12000
48,1200000230,64,78,.02498963,20.12,"PEPSI COLA N/R",13807,12000
48,1200000230,65,185,.01759625,13.45,"PEPSI COLA N/R",13476,12000
48,1200000230,66,266,.01907493,4.65,"PEPSI COLA N/R",13896,12000
48,1200000230,67,119,.02498963,20.12,"PEPSI COLA N/R",12620,12000
48,1200000230,68,132,.02498963,20.12,"PEPSI COLA N/R",12907,12000
48,1200000230,69,115,.02498963,20.12,"PEPSI COLA N/R",13259,12000
48,1200000230,70,264,.01907493,10.85,"PEPSI COLA N/R",12411,12000
