input/WSDR.csv
store,upc,week,move,price,profit,descrip,custcoun,Brand
48,1200000394,1,157,.01949219,4.02,"PEPSI COLA N.R. BOTT",12943,12000
48,1200000394,2,35,.02335938,20.07,"PEPSI COLA N.R. BOTT",12954,12000
48,1200000394,3,32,.02335938,20.07,"PEPSI COLA N.R. BOTT",12853,12000
48,1200000394,4,30,.02335938,20.07,"PEPSI COLA N.R. BOTT",12914,12000
48,1200000394,5,22,.02335938,20.07,"PEPSI COLA N.R. BOTT",12827,12000
48,1200000394,6,102,.02179688,14.34,"PEPSI COLA N.R. BOTT",12605,12000
48,1200000394,7,18,.02335938,20.07,"PEPSI COLA N.R. BOTT",13378,12000
48,1200000394,8,22,.02335938,20.07,"PEPSI COLA N.R. BOTT",13197,12000
48,1200000394,9,31,.02335938,20.07,"PEPSI COLA N.R. BOTT",12525,12000
48,1200000394,10,17,.02335938,20.07,"PEPSI COLA N.R. BOTT",14397,12000
48,1200000394,11,34,.02335938,20.07,"PEPSI COLA N.R. BOTT",11965,12000
48,1200000394,12,23,.02335938,20.07,"PEPSI COLA N.R. BOTT",12798,12000
48,1200000394,13,49,.02179688,14.34,"PEPSI COLA N.R. BOTT",12594,12000
48,1200000394,14,27,.02179688,14.34,"PEPSI COLA N.R. BOTT",14205,12000
48,1200000394,15,17,.02335938,20.07,"PEPSI COLA N.R. BOTT",12186,12000
48,1200000394,16,34,.02335938,20.07,"PEPSI COLA N.R. BOTT",12913,12000
48,1200000394,17,34,.02335938,20.07,"PEPSI COLA N.R. BOTT",12080,12000
48,1200000394,18,143,.01949219,4.02,"PEPSI COLA N.R. BOTT",11883,12000
48,1200000394,19,43,.02335938,20.07,"PEPSI COLA N.R. BOTT",11902,12000
48,1200000394,20,182,.01867188,0,"PEPSI COLA N.R. BOTT",12468,12000
48,1200000394,21,87,.01867188,0,"PEPSI COLA N.R. BOTT",12213,12000
48,1200000394,22,28,.02335938,20.07,"PEPSI COLA N.R. BOTT",12389,12000
48,1200000394,23,129,.01945313,4.02,"PEPSI COLA N.R. BOTT",12341,12000
48,1200000394,24,34,.02335938,20.07,"PEPSI COLA N.R. BOTT",11754,12000
48,1200000394,25,32,.02335938,20.07,"PEPSI COLA N.R. BOTT",12104,12000
48,1200000394,26,26,.02335938,20.07,"PEPSI COLA N.R. BOTT",12270,12000
48,1200000394,27,29,.02335938,20.07,"PEPSI COLA N.R. BOTT",12378,12000
48,1200000394,28,21,.02335938,20.07,"PEPSI COLA N.R. BOTT",12322,12000
48,1200000394,29,20,.02335938,20.07,"PEPSI COLA N.R. BOTT",12030,12000
48,1200000394,30,7,.02101563,11.15,"PEPSI COLA N.R. BOTT",12667,12000
48,1200000394,31,19,.02335938,20.07,"PEPSI COLA N.R. BOTT",12847,12000
48,1200000394,32,8,.02335938,20.07,"PEPSI COLA N.R. BOTT",12087,12000
48,1200000394,33,60,.02101563,11.15,"PEPSI COLA N.R. BOTT",12448,12000
48,1200000394,34,58,.02101563,11.15,"PEPSI COLA N.R. BOTT",12352,12000
48,1200000394,35,8,.02335938,20.07,"PEPSI COLA N.R. BOTT",12936,12000
48,1200000394,36,84,.02335938,20.07,"PEPSI COLA N.R. BOTT",12461,12000
48,1200000394,37,23,.02335938,20.07,"PEPSI COLA N.R. BOTT",12800,12000
48,1200000394,38,24,.02335938,20.07,"PEPSI COLA N.R. BOTT",11746,12000
48,1200000394,39,116,.02101563,11.15,"PEPSI COLA N.R. BOTT",13131,12000
48,1200000394,40,16,.02335938,20.07,"PEPSI COLA N.R. BOTT",13530,12000
48,1200000394,41,27,.02335938,20.07,"PEPSI COLA N.R. BOTT",12968,12000
48,1200000394,42,16,.02335938,20.07,"PEPSI COLA N.R. BOTT",14476,12000
48,1200000394,43,19,.02101563,11.15,"PEPSI COLA N.R. BOTT",13461,12000
48,1200000394,44,13,.02335938,20.07,"PEPSI COLA N.R. BOTT",12914,12000
48,1200000394,45,11,.02335938,20.07,"PEPSI COLA N.R. BOTT",13239,12000
48,1200000394,46,22,.02335938,20.07,"PEPSI COLA N.R. BOTT",13309,12000
48,1200000394,47,22,.02335938,20.07,"PEPSI COLA N.R. BOTT",12858,12000
48,1200000394,48,9,.02335938,20.07,"PEPSI COLA N.R. BOTT",13145,12000
48,1200000394,49,16,.02335938,20.07,"PEPSI COLA N.R. BOTT",13004,12000
48,1200000394,50,31,.02335938,20.07,"PEPSI COLA N.R. BOTT",13460,12000
48,1200000394,51,14,.02335938,20.07,"PEPSI COLA N.R. BOTT",13783,12000
48,1200000394,52,21,.02335938,20.07,"PEPSI COLA N.R. BOTT",12760,12000
48,1200000394,53,18,.02101563,11.15,"PEPSI COLA N.R. BOTT",12949,12000
48,1200000394,54,12,.02335938,20.07,"PEPSI COLA N.R. BOTT",13070,12000
48,1200000394,55,16,.02335938,20.07,"PEPSI COLA N.R. BOTT",13615,12000
48,1200000394,56,17,.02335938,20.07,"PEPSI COLA N.R. BOTT",12840,12000
48,1200000394,57,16,.02335938,20.07,"PEPSI COLA N.R. BOTT",13088,12000
48,1200000394,58,23,.02179688,14.34,"PEPSI COLA N.R. BOTT",13265,12000
48,1200000394,59,29,.02335938,20.07,"PEPSI COLA N.R. BOTT",13610,12000
48,1200000394,60,21,.02101563,11.15,"PEPSI COLA N.R. BOTT",12636,12000
48,1200000394,61,16,.02335938,20.07,"PEPSI COLA N.R. BOTT",12294,12000
48,1200000394,62,22,.02335938,20.07,"PEPSI COLA N.R. BOTT",15344,12000
48,1200000394,63,13,.02335938,20.07,"PEPSI COLA N.R. BOTT",12066,12000
48,1200000394,64,21,.02101563,11.15,"PEPSI COLA N.R. BOTT",13807,12000
48,1200000394,65,12,.02335938,20.07,"PEPSI COLA N.R. BOTT",13476,12000
48,1200000394,66,24,.02335938,20.07,"PEPSI COLA N.R. BOTT",13896,12000
48,1200000394,67,16,.02335938,20.07,"PEPSI COLA N.R. BOTT",12620,12000
48,1200000394,68,16,.02335938,20.07,"PEPSI COLA N.R. BOTT",12907,12000
48,1200000394,69,9,.03195312,41.56,"PEPSI COLA N.R. BOTT",13259,12000
48,1200000394,70,15,.03195312,31.78,"PEPSI COLA N.R. BOTT",12411,12000
48,1200000396,1,111,.01949219,4.02,"DIET PEPSI N.R. BOTT",12943,12000
48,1200000396,2,9,.02335938,20.07,"DIET PEPSI N.R. BOTT",12954,12000
48,1200000396,3,13,.02335938,20.07,"DIET PEPSI N.R. BOTT",12853,12000
48,1200000396,4,19,.02335938,20.07,"DIET PEPSI N.R. BOTT",12914,12000
48,1200000396,5,9,.02335938,20.07,"DIET PEPSI N.R. BOTT",12827,12000
48,1200000396,6,64,.02179688,14.34,"DIET PEPSI N.R. BOTT",12605,12000
48,1200000396,7,6,.02335938,20.07,"DIET PEPSI N.R. BOTT",13378,12000
48,1200000396,8,15,.02335938,20.07,"DIET PEPSI N.R. BOTT",13197,12000
48,1200000396,9,17,.02335938,20.07,"DIET PEPSI N.R. BOTT",12525,12000
48,1200000396,10,16,.02335938,20.07,"DIET PEPSI N.R. BOTT",14397,12000
48,1200000396,11,13,.02335938,20.07,"DIET PEPSI N.R. BOTT",11965,12000
48,1200000396,12,20,.02335938,20.07,"DIET PEPSI N.R. BOTT",12798,12000
48,1200000396,13,29,.02179688,14.34,"DIET PEPSI N.R. BOTT",12594,12000
48,1200000396,14,13,.02179688,14.34,"DIET PEPSI N.R. BOTT",14205,12000
48,1200000396,15,10,.02335938,20.07,"DIET PEPSI N.R. BOTT",12186,12000
48,1200000396,16,17,.02335938,20.07,"DIET PEPSI N.R. BOTT",12913,12000
48,1200000396,17,18,.02335938,20.07,"DIET PEPSI N.R. BOTT",12080,12000
48,1200000396,18,116,.01949219,4.02,"DIET PEPSI N.R. BOTT",11883,12000
48,1200000396,19,37,.02335938,20.07,"DIET PEPSI N.R. BOTT",11902,12000
48,1200000396,20,144,.01867188,0,"DIET PEPSI N.R. BOTT",12468,12000
48,1200000396,21,63,.01867188,0,"DIET PEPSI N.R. BOTT",12213,12000
48,1200000396,22,10,.02335938,20.07,"DIET PEPSI N.R. BOTT",12389,12000
48,1200000396,23,99,.01945313,4.02,"DIET PEPSI N.R. BOTT",12341,12000
48,1200000396,24,11,.02335938,20.07,"DIET PEPSI N.R. BOTT",11754,12000
48,1200000396,25,24,.02335938,20.07,"DIET PEPSI N.R. BOTT",12104,12000
48,1200000396,26,9,.02335938,20.07,"DIET PEPSI N.R. BOTT",12270,12000
48,1200000396,27,20,.02335938,20.07,"DIET PEPSI N.R. BOTT",12378,12000
48,1200000396,28,8,.02335938,20.07,"DIET PEPSI N.R. BOTT",12322,12000
48,1200000396,29,8,.02335938,20.07,"DIET PEPSI N.R. BOTT",12030,12000
48,1200000396,30,3,.02101563,11.15,"DIET PEPSI N.R. BOTT",12667,12000
48,1200000396,31,9,.02335938,20.07,"DIET PEPSI N.R. BOTT",12847,12000
48,1200000396,32,12,.02335938,20.07,"DIET PEPSI N.R. BOTT",12087,12000
48,1200000396,33,58,.02101563,11.15,"DIET PEPSI N.R. BOTT",12448,12000
48,1200000396,34,40,.02101563,11.15,"DIET PEPSI N.R. BOTT",12352,12000
48,1200000396,35,5,.02335938,20.07,"DIET PEPSI N.R. BOTT",12936,12000
48,1200000396,36,74,.02335938,20.07,"DIET PEPSI N.R. BOTT",12461,12000
48,1200000396,37,10,.02335938,20.07,"DIET PEPSI N.R. BOTT",12800,12000
48,1200000396,38,21,.02335938,20.07,"DIET PEPSI N.R. BOTT",11746,12000
48,1200000396,39,72,.02101563,11.15,"DIET PEPSI N.R. BOTT",13131,12000
48,1200000396,40,12,.02335938,20.07,"DIET PEPSI N.R. BOTT",13530,12000
48,1200000396,41,14,.02335938,20.07,"DIET PEPSI N.R. BOTT",12968,12000
48,1200000396,42,6,.02335938,20.07,"DIET PEPSI N.R. BOTT",14476,12000
48,1200000396,43,14,.02101563,11.15,"DIET PEPSI N.R. BOTT",13461,12000
48,1200000396,44,12,.02335938,20.07,"DIET PEPSI N.R. BOTT",12914,12000
48,1200000396,45,5,.02335938,20.07,"DIET PEPSI N.R. BOTT",13239,12000
48,1200000396,46,14,.02335938,20.07,"DIET PEPSI N.R. BOTT",13309,12000
48,1200000396,47,8,.02335938,20.07,"DIET PEPSI N.R. BOTT",12858,12000
48,1200000396,48,14,.02335938,20.07,"DIET PEPSI N.R. BOTT",13145,12000
48,1200000396,49,13,.02335938,20.07,"DIET PEPSI N.R. BOTT",13004,12000
48,1200000396,50,9,.02335938,20.07,"DIET PEPSI N.R. BOTT",13460,12000
48,1200000396,51,13,.02335938,20.07,"DIET PEPSI N.R. BOTT",13783,12000
48,1200000396,52,13,.02335938,20.07,"DIET PEPSI N.R. BOTT",12760,12000
48,1200000396,53,17,.02101563,11.15,"DIET PEPSI N.R. BOTT",12949,12000
48,1200000396,54,10,.02335938,20.07,"DIET PEPSI N.R. BOTT",13070,12000
48,1200000396,55,7,.02335938,20.07,"DIET PEPSI N.R. BOTT",13615,12000
48,1200000396,56,13,.02335938,20.07,"DIET PEPSI N.R. BOTT",12840,12000
48,1200000396,57,14,.02335938,20.07,"DIET PEPSI N.R. BOTT",13088,12000
48,1200000396,58,12,.02179688,14.34,"DIET PEPSI N.R. BOTT",13265,12000
48,1200000396,59,11,.02335938,20.07,"DIET PEPSI N.R. BOTT",13610,12000
48,1200000396,60,11,.02101563,11.15,"DIET PEPSI N.R. BOTT",12636,12000
48,1200000396,61,7,.02335938,20.07,"DIET PEPSI N.R. BOTT",12294,12000
48,1200000396,62,7,.02335938,20.07,"DIET PEPSI N.R. BOTT",15344,12000
48,1200000396,63,4,.02335938,20.07,"DIET PEPSI N.R. BOTT",12066,12000
48,1200000396,64,9,.02101563,11.15,"DIET PEPSI N.R. BOTT",13807,12000
48,1200000396,65,3,.02335938,20.07,"DIET PEPSI N.R. BOTT",13476,12000
48,1200000396,66,14,.02335938,20.07,"DIET PEPSI N.R. BOTT",13896,12000
48,1200000396,67,3,.02335938,20.07,"DIET PEPSI N.R. BOTT",12620,12000
48,1200000396,68,6,.02335938,20.07,"DIET PEPSI N.R. BOTT",12907,12000
48,1200000396,69,5,.03195312,41.56,"DIET PEPSI N.R. BOTT",13259,12000
48,1200000396,70,3,.03195312,31.78,"DIET PEPSI N.R. BOTT",12411,12000
48,1200000492,1,23,.02498963,20.12,"CAFFEINE FREE PEPSI",12943,12000
48,1200000492,2,18,.02498963,20.12,"CAFFEINE FREE PEPSI",12954,12000
48,1200000492,3,28,.02498963,20.12,"CAFFEINE FREE PEPSI",12853,12000
48,1200000492,4,87,.01759625,13.45,"CAFFEINE FREE PEPSI",12914,12000
48,1200000492,5,29,.02498963,20.12,"CAFFEINE FREE PEPSI",12827,12000
48,1200000492,6,92,.01759625,13.45,"CAFFEINE FREE PEPSI",12605,12000
48,1200000492,7,25,.02498963,20.12,"CAFFEINE FREE PEPSI",13378,12000
48,1200000492,8,24,.02498963,20.12,"CAFFEINE FREE PEPSI",13197,12000
48,1200000492,9,219,.0146389,36.36,"CAFFEINE FREE PEPSI",12525,12000
48,1200000492,10,36,.02498963,20.12,"CAFFEINE FREE PEPSI",14397,12000
48,1200000492,11,144,.01316022,51.69,"CAFFEINE FREE PEPSI",11965,12000
48,1200000492,12,28,.02498963,20.12,"CAFFEINE FREE PEPSI",12798,12000
48,1200000492,13,78,.01759625,13.45,"CAFFEINE FREE PEPSI",12594,12000
48,1200000492,14,12,.02498963,20.12,"CAFFEINE FREE PEPSI",14205,12000
48,1200000492,15,193,.01316022,51.69,"CAFFEINE FREE PEPSI",12186,12000
48,1200000492,16,177,.01316022,51.69,"CAFFEINE FREE PEPSI",12913,12000
48,1200000492,17,26,.02498963,20.12,"CAFFEINE FREE PEPSI",12080,12000
48,1200000492,18,56,.01759625,13.45,"CAFFEINE FREE PEPSI",11883,12000
48,1200000492,19,28,.02498963,20.12,"CAFFEINE FREE PEPSI",11902,12000
48,1200000492,20,29,.02498963,20.12,"CAFFEINE FREE PEPSI",12468,12000
48,1200000492,21,84,.01907493,4.65,"CAFFEINE FREE PEPSI",12213,12000
48,1200000492,22,34,.02498963,20.12,"CAFFEINE FREE PEPSI",12389,12000
48,1200000492,23,105,.01759625,13.45,"CAFFEINE FREE PEPSI",12341,12000
48,1200000492,24,28,.02498963,20.12,"CAFFEINE FREE PEPSI",11754,12000
48,1200000492,25,97,.01759625,13.45,"CAFFEINE FREE PEPSI",12104,12000
48,1200000492,26,29,.02498963,20.12,"CAFFEINE FREE PEPSI",12270,12000
48,1200000492,27,100,.0146389,36.36,"CAFFEINE FREE PEPSI",12378,12000
48,1200000492,28,22,.02498963,20.12,"CAFFEINE FREE PEPSI",12322,12000
48,1200000492,29,33,.02498963,20.12,"CAFFEINE FREE PEPSI",12030,12000
48,1200000492,30,4,.01759625,13.45,"CAFFEINE FREE PEPSI",12667,12000
48,1200000492,31,14,.02498963,20.12,"CAFFEINE FREE PEPSI",12847,12000
48,1200000492,32,24,.02498963,20.12,"CAFFEINE FREE PEPSI",12087,12000
48,1200000492,33,199,.01316022,51.69,"CAFFEINE FREE PEPSI",12448,12000
48,1200000492,34,24,.02498963,20.12,"CAFFEINE FREE PEPSI",12352,12000
48,1200000492,35,14,.02498963,20.12,"CAFFEINE FREE PEPSI",12936,12000
48,1200000492,36,47,.01907493,4.65,"CAFFEINE FREE PEPSI",12461,12000
48,1200000492,37,17,.02498963,20.12,"CAFFEINE FREE PEPSI",12800,12000
48,1200000492,38,24,.02498963,20.12,"CAFFEINE FREE PEPSI",11746,12000
48,1200000492,39,400,.01316022,51.69,"CAFFEINE FREE PEPSI",13131,12000
48,1200000492,40,14,.02498963,20.12,"CAFFEINE FREE PEPSI",13530,12000
48,1200000492,41,54,.01907493,4.65,"CAFFEINE FREE PEPSI",12968,12000
48,1200000492,42,20,.02498963,20.12,"CAFFEINE FREE PEPSI",14476,12000
48,1200000492,43,40,.01907493,4.65,"CAFFEINE FREE PEPSI",13461,12000
48,1200000492,44,19,.02498963,20.12,"CAFFEINE FREE PEPSI",12914,12000
48,1200000492,45,43,.01907493,4.65,"CAFFEINE FREE PEPSI",13239,12000
48,1200000492,46,27,.02498963,20.12,"CAFFEINE FREE PEPSI",13309,12000
48,1200000492,47,214,.0146389,36.36,"CAFFEINE FREE PEPSI",12858,12000
48,1200000492,48,19,.02498963,20.12,"CAFFEINE FREE PEPSI",13145,12000
48,1200000492,49,17,.02498963,20.12,"CAFFEINE FREE PEPSI",13004,12000
48,1200000492,50,63,.01907493,4.65,"CAFFEINE FREE PEPSI",13460,12000
48,1200000492,51,33,.02498963,20.12,"CAFFEINE FREE PEPSI",13783,12000
48,1200000492,52,81,.01907493,4.65,"CAFFEINE FREE PEPSI",12760,12000
48,1200000492,53,13,.02498963,20.12,"CAFFEINE FREE PEPSI",12949,12000
48,1200000492,54,22,.02498963,20.12,"CAFFEINE FREE PEPSI",13070,12000
48,1200000492,55,18,.02498963,20.12,"CAFFEINE FREE PEPSI",13615,12000
48,1200000492,56,48,.01907493,4.65,"CAFFEINE FREE PEPSI",12840,12000
48,1200000492,57,17,.02498963,20.12,"CAFFEINE FREE PEPSI",13088,12000
48,1200000492,58,25,.02498963,20.12,"CAFFEINE FREE PEPSI",13265,12000
48,1200000492,59,184,.0146389,36.36,"CAFFEINE FREE PEPSI",13610,12000
48,1200000492,60,13,.02498963,20.12,"CAFFEINE FREE PEPSI",12636,12000
48,1200000492,61,23,.02498963,20.12,"CAFFEINE FREE PEPSI",12294,12000
48,1200000492,62,32,.02498963,20.12,"CAFFEINE FREE PEPSI",15344,12000
48,1200000492,63,16,.02498963,20.12,"CAFFEINE FREE PEPSI",12066,12000
48,1200000492,64,16,.02498963,20.12,"CAFFEINE FREE PEPSI",13807,12000
48,1200000492,65,58,.01759625,13.45,"CAFFEINE FREE PEPSI",13476,12000
48,1200000492,66,54,.01907493,4.65,"CAFFEINE FREE PEPSI",13896,12000
48,1200000492,67,20,.02498963,20.12,"CAFFEINE FREE PEPSI",12620,12000
48,1200000492,68,13,.02498963,20.12,"CAFFEINE FREE PEPSI",12907,12000
48,1200000492,69,34,.02498963,20.12,"CAFFEINE FREE PEPSI",13259,12000
48,1200000492,70,87,.01907493,10.85,"CAFFEINE FREE PEPSI",12411,12000
