input/WSDR.csv
store,upc,week,move,price,profit,descrip,custcoun,Brand
48,1200000496,1,20,.02498963,20.12,"DIET PEPSI CAFFEINE",12943,12000
48,1200000496,2,14,.02498963,20.12,"DIET PEPSI CAFFEINE",12954,12000
48,1200000496,3,16,.02498963,20.12,"DIET PEPSI CAFFEINE",12853,12000
48,1200000496,4,75,.01759625,13.45,"DIET PEPSI CAFFEINE",12914,12000
48,1200000496,5,18,.02498963,20.12,"DIET PEPSI CAFFEINE",12827,12000
48,1200000496,6,82,.01759625,13.45,"DIET PEPSI CAFFEINE",12605,12000
48,1200000496,7,23,.02498963,20.12,"DIET PEPSI CAFFEINE",13378,12000
48,1200000496,8,24,.02498963,20.12,"DIET PEPSI CAFFEINE",13197,12000
48,1200000496,9,272,.0146389,36.36,"DIET PEPSI CAFFEINE",12525,12000
48,1200000496,10,31,.02498963,20.12,"DIET PEPSI CAFFEINE",14397,12000
48,1200000496,11,120,.01316022,51.69,"DIET PEPSI CAFFEINE",11965,12000
48,1200000496,12,14,.02498963,20.12,"DIET PEPSI CAFFEINE",12798,12000
48,1200000496,13,77,.01759625,13.45,"DIET PEPSI CAFFEINE",12594,12000
48,1200000496,14,12,.02498963,20.12,"DIET PEPSI CAFFEINE",14205,12000
48,1200000496,15,191,.01316022,51.69,"DIET PEPSI CAFFEINE",12186,12000
48,1200000496,16,141,.01316022,51.69,"DIET PEPSI CAFFEINE",12913,12000
48,1200000496,17,25,.02498963,20.12,"DIET PEPSI CAFFEINE",12080,12000
48,1200000496,18,73,.01759625,13.45,"DIET PEPSI CAFFEINE",11883,12000
48,1200000496,19,31,.02498963,20.12,"DIET PEPSI CAFFEINE",11902,12000
48,1200000496,20,30,.02498963,20.12,"DIET PEPSI CAFFEINE",12468,12000
48,1200000496,21,46,.01907493,4.65,"DIET PEPSI CAFFEINE",12213,12000
48,1200000496,22,38,.02498963,20.12,"DIET PEPSI CAFFEINE",12389,12000
48,1200000496,23,127,.01759625,13.45,"DIET PEPSI CAFFEINE",12341,12000
48,1200000496,24,27,.02498963,20.12,"DIET PEPSI CAFFEINE",11754,12000
48,1200000496,25,96,.01759625,13.45,"DIET PEPSI CAFFEINE",12104,12000
48,1200000496,26,18,.02498963,20.12,"DIET PEPSI CAFFEINE",12270,12000
48,1200000496,27,117,.0146389,36.36,"DIET PEPSI CAFFEINE",12378,12000
48,1200000496,28,33,.02498963,20.12,"DIET PEPSI CAFFEINE",12322,12000
48,1200000496,29,25,.02498963,20.12,"DIET PEPSI CAFFEINE",12030,12000
48,1200000496,30,8,.01759625,13.45,"DIET PEPSI CAFFEINE",12667,12000
48,1200000496,31,27,.02498963,20.12,"DIET PEPSI CAFFEINE",12847,12000
48,1200000496,32,22,.02498963,20.12,"DIET PEPSI CAFFEINE",12087,12000
48,1200000496,33,206,.01316022,51.69,"DIET PEPSI CAFFEINE",12448,12000
48,1200000496,34,24,.02498963,20.12,"DIET PEPSI CAFFEINE",12352,12000
48,1200000496,35,4,.02498963,20.12,"DIET PEPSI CAFFEINE",12936,12000
48,1200000496,36,38,.01907493,4.65,"DIET PEPSI CAFFEINE",12461,12000
48,1200000496,37,40,.02498963,20.12,"DIET PEPSI CAFFEINE",12800,12000
48,1200000496,38,16,.02498963,20.12,"DIET PEPSI CAFFEINE",11746,12000
48,1200000496,39,453,.01316022,51.69,"DIET PEPSI CAFFEINE",13131,12000
48,1200000496,40,17,.02498963,20.12,"DIET PEPSI CAFFEINE",13530,12000
48,1200000496,41,62,.01907493,4.65,"DIET PEPSI CAFFEINE",12968,12000
48,1200000496,42,20,.02498963,20.12,"DIET PEPSI CAFFEINE",14476,12000
48,1200000496,43,50,.01907493,4.65,"DIET PEPSI CAFFEINE",13461,12000
48,1200000496,44,13,.02498963,20.12,"DIET PEPSI CAFFEINE",12914,12000
48,1200000496,45,39,.01907493,4.65,"DIET PEPSI CAFFEINE",13239,12000
48,1200000496,46,28,.02498963,20.12,"DIET PEPSI CAFFEINE",13309,12000
48,1200000496,47,264,.0146389,36.36,"DIET PEPSI CAFFEINE",12858,12000
48,1200000496,48,12,.02498963,20.12,"DIET PEPSI CAFFEINE",13145,12000
48,1200000496,49,22,.02498963,20.12,"DIET PEPSI CAFFEINE",13004,12000
48,1200000496,50,98,.01907493,4.65,"DIET PEPSI CAFFEINE",13460,12000
48,1200000496,51,17,.02498963,20.12,"DIET PEPSI CAFFEINE",13783,12000
48,1200000496,52,99,.01907493,4.65,"DIET PEPSI CAFFEINE",12760,12000
48,1200000496,53,17,.02498963,20.12,"DIET PEPSI CAFFEINE",12949,12000
48,1200000496,54,22,.02498963,20.12,"DIET PEPSI CAFFEINE",13070,12000
48,1200000496,55,18,.02498963,20.12,"DIET PEPSI CAFFEINE",13615,12000
48,1200000496,56,54,.01907493,4.65,"DIET PEPSI CAFFEINE",12840,12000
48,1200000496,57,18,.02498963,20.12,"DIET PEPSI CAFFEINE",13088,12000
48,1200000496,58,14,.02498963,20.12,"DIET PEPSI CAFFEINE",13265,12000
48,1200000496,59,204,.0146389,36.36,"DIET PEPSI CAFFEINE",13610,12000
48,1200000496,60,9,.02498963,20.12,"DIET PEPSI CAFFEINE",12636,12000
48,1200000496,61,19,.02498963,20.12,"DIET PEPSI CAFFEINE",12294,12000
48,1200000496,62,27,.02498963,20.12,"DIET PEPSI CAFFEINE",15344,12000
48,1200000496,63,19,.02498963,20.12,"DIET PEPSI CAFFEINE",12066,12000
48,1200000496,64,15,.02498963,20.12,"DIET PEPSI CAFFEINE",13807,12000
48,1200000496,65,58,.01759625,13.45,"DIET PEPSI CAFFEINE",13476,12000
48,1200000496,66,50,.01907493,4.65,"DIET PEPSI CAFFEINE",13896,12000
48,1200000496,67,28,.02498963,20.12,"DIET PEPSI CAFFEINE",12620,12000
48,1200000496,68,27,.02498963,20.12,"DIET PEPSI CAFFEINE",12907,12000
48,1200000496,69,22,.02498963,20.12,"DIET PEPSI CAFFEINE",13259,12000
48,1200000496,70,79,.01907493,10.85,"DIET PEPSI CAFFEINE",12411,12000
48,3828100261,1,49,.02083333,33.6,"DOM ORANGE SODA",12943,38281
48,3828100261,2,57,.02083333,33.6,"DOM ORANGE SODA",12954,38281
48,3828100261,3,58,.02083333,33.2,"DOM ORANGE SODA",12853,38281
48,3828100261,4,207,.01388889,2.5,"DOM ORANGE SODA",12914,38281
48,3828100261,5,53,.02083333,34.8,"DOM ORANGE SODA",12827,38281
48,3828100261,6,38,.02083333,32.4,"DOM ORANGE SODA",12605,38281
48,3828100261,7,46,.02083333,35.6,"DOM ORANGE SODA",13378,38281
48,3828100261,8,32,.02083333,37.6,"DOM ORANGE SODA",13197,38281
48,3828100261,9,312,.01083333,.77,"DOM ORANGE SODA",12525,38281
48,3828100261,10,89,.02083333,50,"DOM ORANGE SODA",14397,38281
48,3828100261,11,121,.01388889,30.63,"DOM ORANGE SODA",11965,38281
48,3828100261,12,106,.01388889,30.63,"DOM ORANGE SODA",12798,38281
48,3828100261,13,145,.01666667,45,"DOM ORANGE SODA",12594,38281
48,3828100261,14,40,.01666667,45,"DOM ORANGE SODA",14205,38281
48,3828100261,15,65,.01666667,45,"DOM ORANGE SODA",12186,38281
48,3828100261,16,96,.01666667,42,"DOM ORANGE SODA",12913,38281
48,3828100261,17,74,.01666667,42,"DOM ORANGE SODA",12080,38281
48,3828100261,18,38,.02083333,46,"DOM ORANGE SODA",11883,38281
48,3828100261,19,86,.02083333,42,"DOM ORANGE SODA",11902,38281
48,3828100261,20,135,.01666667,27.5,"DOM ORANGE SODA",12468,38281
48,3828100261,21,178,.01666667,27.5,"DOM ORANGE SODA",12213,38281
48,3828100261,22,39,.02083333,37.2,"DOM ORANGE SODA",12389,38281
48,3828100261,23,40,.02083333,41.6,"DOM ORANGE SODA",12341,38281
48,3828100261,24,198,.01388889,15.63,"DOM ORANGE SODA",11754,38281
48,3828100261,25,68,.02083333,40,"DOM ORANGE SODA",12104,38281
48,3828100261,26,42,.02083333,38.8,"DOM ORANGE SODA",12270,38281
48,3828100261,27,41,.02083333,38.8,"DOM ORANGE SODA",12378,38281
48,3828100261,28,5,.02083333,40.8,"DOM ORANGE SODA",12322,38281
48,3828100261,29,180,.01666667,27,"DOM ORANGE SODA",12030,38281
48,3828100261,30,8,.02083333,40.4,"DOM ORANGE SODA",12667,38281
48,3828100261,31,9,.02083333,40.8,"DOM ORANGE SODA",12847,38281
48,3828100261,32,181,.01388889,8.75,"DOM ORANGE SODA",12087,38281
48,3828100261,33,64,.02083333,41.6,"DOM ORANGE SODA",12448,38281
48,3828100261,34,42,.02083333,41.6,"DOM ORANGE SODA",12352,38281
48,3828100261,35,7,.02083333,42,"DOM ORANGE SODA",12936,38281
48,3828100261,36,112,.01388889,15,"DOM ORANGE SODA",12461,38281
48,3828100261,37,21,.02083333,42.8,"DOM ORANGE SODA",12800,38281
48,3828100261,38,40,.02083333,41.6,"DOM ORANGE SODA",11746,38281
48,3828100261,39,177,.01388889,16.25,"DOM ORANGE SODA",13131,38281
48,3828100261,40,223,.01388889,16.25,"DOM ORANGE SODA",13530,38281
48,3828100261,41,101,.02083333,46.4,"DOM ORANGE SODA",12968,38281
48,3828100261,42,136,.02083333,46.4,"DOM ORANGE SODA",14476,38281
48,3828100261,43,164,.01388889,13.75,"DOM ORANGE SODA",13461,38281
48,3828100261,44,161,.02083333,34.8,"DOM ORANGE SODA",12914,38281
48,3828100261,45,90,.02083333,34.8,"DOM ORANGE SODA",13239,38281
48,3828100261,46,95,.02083333,36.8,"DOM ORANGE SODA",13309,38281
48,3828100261,47,27,.02083333,38.4,"DOM ORANGE SODA",12858,38281
48,3828100261,48,149,.01666667,37,"DOM ORANGE SODA",13145,38281
48,3828100261,49,63,.01666667,34.5,"DOM ORANGE SODA",13004,38281
48,3828100261,50,163,.02083333,34.8,"DOM ORANGE SODA",13460,38281
48,3828100261,51,57,.02083333,34.4,"DOM ORANGE SODA",13783,38281
48,3828100261,52,35,.02083333,34.4,"DOM ORANGE SODA",12760,38281
48,3828100261,53,57,.02083333,36.8,"DOM ORANGE SODA",12949,38281
48,3828100261,54,78,.01666667,24.5,"DOM ORANGE SODA",13070,38281
48,3828100261,55,35,.01666667,25,"DOM ORANGE SODA",13615,38281
48,3828100261,56,521,.01041667,14.17,"DOM ORANGE SODA",12840,38281
48,3828100261,57,472,.01041667,36.67,"DOM ORANGE SODA",13088,38281
48,3828100261,58,27,.02083333,42.8,"DOM ORANGE SODA",13265,38281
48,3828100261,59,71,.02083333,49.6,"DOM ORANGE SODA",13610,38281
48,3828100261,60,133,.01388889,13.13,"DOM ORANGE SODA",12636,38281
48,3828100261,61,81,.01388889,31.88,"DOM ORANGE SODA",12294,38281
48,3828100261,62,44,.02083333,37.2,"DOM ORANGE SODA",15344,38281
48,3828100261,63,21,.02083333,35.2,"DOM ORANGE SODA",12066,38281
48,3828100261,64,71,.02083333,48.4,"DOM ORANGE SODA",13807,38281
48,3828100261,65,23,.02083333,48.4,"DOM ORANGE SODA",13476,38281
48,3828100261,66,46,.01666667,30,"DOM ORANGE SODA",13896,38281
48,3828100261,67,18,.02083333,43.6,"DOM ORANGE SODA",12620,38281
48,3828100261,68,11,.02083333,39.6,"DOM ORANGE SODA",12907,38281
48,3828100261,69,11,.02083333,39.6,"DOM ORANGE SODA",13259,38281
48,3828100261,70,215,.01388889,15.63,"DOM ORANGE SODA",12411,38281
48,4900000634,1,8,.03875,22.94,"COCA-COLA CLASSIC CA",12943,49000
48,4900000634,2,40,.03875,22.94,"COCA-COLA CLASSIC CA",12954,49000
48,4900000634,3,116,.02763889,8.04,"COCA-COLA CLASSIC CA",12853,49000
48,4900000634,4,46,.03875,22.94,"COCA-COLA CLASSIC CA",12914,49000
48,4900000634,5,14,.03875,22.94,"COCA-COLA CLASSIC CA",12827,49000
48,4900000634,6,29,.03875,22.94,"COCA-COLA CLASSIC CA",12605,49000
48,4900000634,7,26,.03875,22.94,"COCA-COLA CLASSIC CA",13378,49000
48,4900000634,8,20,.03875,22.94,"COCA-COLA CLASSIC CA",13197,49000
48,4900000634,9,16,.03875,22.94,"COCA-COLA CLASSIC CA",12525,49000
48,4900000634,10,17,.03875,22.94,"COCA-COLA CLASSIC CA",14397,49000
48,4900000634,11,23,.03875,22.94,"COCA-COLA CLASSIC CA",11965,49000
48,4900000634,12,190,.02486111,20.11,"COCA-COLA CLASSIC CA",12798,49000
48,4900000634,13,13,.03875,22.94,"COCA-COLA CLASSIC CA",12594,49000
48,4900000634,14,23,.03875,22.94,"COCA-COLA CLASSIC CA",14205,49000
48,4900000634,15,9,.03875,22.94,"COCA-COLA CLASSIC CA",12186,49000
48,4900000634,16,24,.03875,22.94,"COCA-COLA CLASSIC CA",12913,49000
48,4900000634,17,258,.03875,22.94,"COCA-COLA CLASSIC CA",12080,49000
48,4900000634,18,44,.03875,22.94,"COCA-COLA CLASSIC CA",11883,49000
48,4900000634,19,18,.03875,22.94,"COCA-COLA CLASSIC CA",11902,49000
48,4900000634,20,31,.03875,22.94,"COCA-COLA CLASSIC CA",12468,49000
48,4900000634,21,35,.03875,22.94,"COCA-COLA CLASSIC CA",12213,49000
48,4900000634,22,189,.02770833,8.04,"COCA-COLA CLASSIC CA",12389,49000
48,4900000634,23,27,.03875,22.94,"COCA-COLA CLASSIC CA",12341,49000
48,4900000634,24,11,.03875,22.94,"COCA-COLA CLASSIC CA",11754,49000
48,4900000634,25,23,.03875,22.94,"COCA-COLA CLASSIC CA",12104,49000
48,4900000634,26,13,.03875,22.94,"COCA-COLA CLASSIC CA",12270,49000
48,4900000634,27,18,.03875,22.94,"COCA-COLA CLASSIC CA",12378,49000
48,4900000634,28,10,.03875,22.94,"COCA-COLA CLASSIC CA",12322,49000
48,4900000634,29,91,.02763889,8.04,"COCA-COLA CLASSIC CA",12030,49000
48,4900000634,30,2,.03875,22.94,"COCA-COLA CLASSIC CA",12667,49000
48,4900000634,31,20,.03875,22.94,"COCA-COLA CLASSIC CA",12847,49000
48,4900000634,32,28,.03875,22.94,"COCA-COLA CLASSIC CA",12087,49000
48,4900000634,33,34,.03875,22.94,"COCA-COLA CLASSIC CA",12448,49000
48,4900000634,34,36,.03875,22.94,"COCA-COLA CLASSIC CA",12352,49000
48,4900000634,35,212,.01732639,73.39,"COCA-COLA CLASSIC CA",12936,49000
48,4900000634,36,30,.03875,22.94,"COCA-COLA CLASSIC CA",12461,49000
48,4900000634,37,14,.03875,22.94,"COCA-COLA CLASSIC CA",12800,49000
48,4900000634,38,19,.03875,22.94,"COCA-COLA CLASSIC CA",11746,49000
48,4900000634,39,19,.03875,22.94,"COCA-COLA CLASSIC CA",13131,49000
48,4900000634,40,36,.03875,22.94,"COCA-COLA CLASSIC CA",13530,49000
48,4900000634,41,209,.02763889,8.04,"COCA-COLA CLASSIC CA",12968,49000
48,4900000634,42,23,.03875,22.94,"COCA-COLA CLASSIC CA",14476,49000
48,4900000634,43,35,.03875,22.94,"COCA-COLA CLASSIC CA",13461,49000
48,4900000634,44,12,.03875,22.94,"COCA-COLA CLASSIC CA",12914,49000
48,4900000634,45,552,.03875,22.94,"COCA-COLA CLASSIC CA",13239,49000
48,4900000634,46,38,.03875,22.94,"COCA-COLA CLASSIC CA",13309,49000
48,4900000634,47,103,.02763889,8.04,"COCA-COLA CLASSIC CA",12858,49000
48,4900000634,48,20,.03875,22.94,"COCA-COLA CLASSIC CA",13145,49000
48,4900000634,49,710,.03875,22.94,"COCA-COLA CLASSIC CA",13004,49000
48,4900000634,50,35,.03875,22.94,"COCA-COLA CLASSIC CA",13460,49000
48,4900000634,51,41,.03875,22.94,"COCA-COLA CLASSIC CA",13783,49000
48,4900000634,52,24,.03875,22.94,"COCA-COLA CLASSIC CA",12760,49000
48,4900000634,53,51,.03041667,1.83,"COCA-COLA CLASSIC CA",12949,49000
48,4900000634,54,14,.03875,22.94,"COCA-COLA CLASSIC CA",13070,49000
48,4900000634,55,24,.03875,22.94,"COCA-COLA CLASSIC CA",13615,49000
48,4900000634,56,34,.03875,22.94,"COCA-COLA CLASSIC CA",12840,49000
48,4900000634,57,14,.03875,22.94,"COCA-COLA CLASSIC CA",13088,49000
48,4900000634,58,360,.01930556,54.68,"COCA-COLA CLASSIC CA",13265,49000
48,4900000634,59,21,.03875,22.94,"COCA-COLA CLASSIC CA",13610,49000
48,4900000634,60,6,.03875,22.94,"COCA-COLA CLASSIC CA",12636,49000
48,4900000634,61,589,.03875,22.94,"COCA-COLA CLASSIC CA",12294,49000
48,4900000634,62,15,.03875,22.94,"COCA-COLA CLASSIC CA",15344,49000
48,4900000634,63,176,.01930556,54.68,"COCA-COLA CLASSIC CA",12066,49000
48,4900000634,64,8,.03875,22.94,"COCA-COLA CLASSIC CA",13807,49000
48,4900000634,65,386,.01930556,54.68,"COCA-COLA CLASSIC CA",13476,49000
48,4900000634,66,29,.03875,22.94,"COCA-COLA CLASSIC CA",13896,49000
48,4900000634,67,20,.03875,22.94,"COCA-COLA CLASSIC CA",12620,49000
48,4900000634,68,4,.03875,22.94,"COCA-COLA CLASSIC CA",12907,49000
48,4900000634,69,157,.02770833,8.04,"COCA-COLA CLASSIC CA",13259,49000
48,4900000634,70,19,.04013889,22.84,"COCA-COLA CLASSIC CA",12411,49000
