input/WSDR.csv
store,upc,week,move,price,profit,descrip,custcoun,Brand
48,4900000639,1,110,.02498963,20.12,"COCA-COLA CLASSIC",12943,49000
48,4900000639,2,326,.01759625,13.45,"COCA-COLA CLASSIC",12954,49000
48,4900000639,3,82,.02498963,20.12,"COCA-COLA CLASSIC",12853,49000
48,4900000639,4,285,.01759625,13.45,"COCA-COLA CLASSIC",12914,49000
48,4900000639,5,90,.02498963,20.12,"COCA-COLA CLASSIC",12827,49000
48,4900000639,6,292,.01759625,13.45,"COCA-COLA CLASSIC",12605,49000
48,4900000639,7,93,.02498963,20.12,"COCA-COLA CLASSIC",13378,49000
48,4900000639,8,54,.02498963,20.12,"COCA-COLA CLASSIC",13197,49000
48,4900000639,9,70,.02498963,20.12,"COCA-COLA CLASSIC",12525,49000
48,4900000639,10,87,.02498963,20.12,"COCA-COLA CLASSIC",14397,49000
48,4900000639,11,712,.01316022,51.69,"COCA-COLA CLASSIC",11965,49000
48,4900000639,12,81,.02498963,20.12,"COCA-COLA CLASSIC",12798,49000
48,4900000639,13,71,.02498963,20.12,"COCA-COLA CLASSIC",12594,49000
48,4900000639,14,690,.01316022,51.69,"COCA-COLA CLASSIC",14205,49000
48,4900000639,15,87,.02498963,20.12,"COCA-COLA CLASSIC",12186,49000
48,4900000639,16,1048,.01316022,51.69,"COCA-COLA CLASSIC",12913,49000
48,4900000639,17,107,.02498963,20.12,"COCA-COLA CLASSIC",12080,49000
48,4900000639,18,242,.01759625,13.45,"COCA-COLA CLASSIC",11883,49000
48,4900000639,19,80,.02498963,20.12,"COCA-COLA CLASSIC",11902,49000
48,4900000639,20,281,.01907493,4.65,"COCA-COLA CLASSIC",12468,49000
48,4900000639,21,239,.01907493,4.65,"COCA-COLA CLASSIC",12213,49000
48,4900000639,22,119,.02498963,20.12,"COCA-COLA CLASSIC",12389,49000
48,4900000639,23,355,.01759625,13.45,"COCA-COLA CLASSIC",12341,49000
48,4900000639,24,116,.02498963,20.12,"COCA-COLA CLASSIC",11754,49000
48,4900000639,25,351,.01759625,13.45,"COCA-COLA CLASSIC",12104,49000
48,4900000639,26,86,.02498963,20.12,"COCA-COLA CLASSIC",12270,49000
48,4900000639,27,620,.0146389,36.36,"COCA-COLA CLASSIC",12378,49000
48,4900000639,28,78,.02498963,20.12,"COCA-COLA CLASSIC",12322,49000
48,4900000639,29,127,.02498963,20.12,"COCA-COLA CLASSIC",12030,49000
48,4900000639,30,15,.0205536,2.88,"COCA-COLA CLASSIC",12667,49000
48,4900000639,31,101,.02498963,20.12,"COCA-COLA CLASSIC",12847,49000
48,4900000639,32,236,.0205536,2.88,"COCA-COLA CLASSIC",12087,49000
48,4900000639,33,1185,.01316022,51.69,"COCA-COLA CLASSIC",12448,49000
48,4900000639,34,67,.02498963,20.12,"COCA-COLA CLASSIC",12352,49000
48,4900000639,35,24,.02498963,20.12,"COCA-COLA CLASSIC",12936,49000
48,4900000639,36,146,.01907493,4.65,"COCA-COLA CLASSIC",12461,49000
48,4900000639,37,69,.02498963,20.12,"COCA-COLA CLASSIC",12800,49000
48,4900000639,38,240,.01907493,4.65,"COCA-COLA CLASSIC",11746,49000
48,4900000639,39,70,.02498963,20.12,"COCA-COLA CLASSIC",13131,49000
48,4900000639,40,234,.01907493,4.65,"COCA-COLA CLASSIC",13530,49000
48,4900000639,41,83,.02498963,20.12,"COCA-COLA CLASSIC",12968,49000
48,4900000639,42,120,.02498963,20.12,"COCA-COLA CLASSIC",14476,49000
48,4900000639,43,132,.01907493,4.65,"COCA-COLA CLASSIC",13461,49000
48,4900000639,44,84,.02498963,20.12,"COCA-COLA CLASSIC",12914,49000
48,4900000639,45,70,.01907493,4.65,"COCA-COLA CLASSIC",13239,49000
48,4900000639,46,79,.02498963,20.12,"COCA-COLA CLASSIC",13309,49000
48,4900000639,47,827,.0146389,36.36,"COCA-COLA CLASSIC",12858,49000
48,4900000639,48,67,.02498963,20.12,"COCA-COLA CLASSIC",13145,49000
48,4900000639,49,88,.02498963,20.12,"COCA-COLA CLASSIC",13004,49000
48,4900000639,50,157,.01907493,4.65,"COCA-COLA CLASSIC",13460,49000
48,4900000639,51,55,.02498963,20.12,"COCA-COLA CLASSIC",13783,49000
48,4900000639,52,102,.02203228,9.4,"COCA-COLA CLASSIC",12760,49000
48,4900000639,53,68,.02498963,20.12,"COCA-COLA CLASSIC",12949,49000
48,4900000639,54,93,.02498963,20.12,"COCA-COLA CLASSIC",13070,49000
48,4900000639,55,167,.01759625,13.45,"COCA-COLA CLASSIC",13615,49000
48,4900000639,56,143,.01907493,4.65,"COCA-COLA CLASSIC",12840,49000
48,4900000639,57,66,.02498963,20.12,"COCA-COLA CLASSIC",13088,49000
48,4900000639,58,60,.02498963,20.12,"COCA-COLA CLASSIC",13265,49000
48,4900000639,59,658,.0146389,36.36,"COCA-COLA CLASSIC",13610,49000
48,4900000639,60,59,.02498963,20.12,"COCA-COLA CLASSIC",12636,49000
48,4900000639,61,52,.02498963,20.12,"COCA-COLA CLASSIC",12294,49000
48,4900000639,62,80,.02498963,20.12,"COCA-COLA CLASSIC",15344,49000
48,4900000639,63,39,.02498963,20.12,"COCA-COLA CLASSIC",12066,49000
48,4900000639,64,68,.02498963,20.12,"COCA-COLA CLASSIC",13807,49000
48,4900000639,65,55,.02498963,20.12,"COCA-COLA CLASSIC",13476,49000
48,4900000639,66,245,.01907493,4.65,"COCA-COLA CLASSIC",13896,49000
48,4900000639,67,96,.02498963,20.12,"COCA-COLA CLASSIC",12620,49000
48,4900000639,68,93,.02498963,20.12,"COCA-COLA CLASSIC",12907,49000
48,4900000639,69,75,.02498963,20.12,"COCA-COLA CLASSIC",13259,49000
48,4900000658,1,4,.03875,22.94,"COKE DIET CANS",12943,49000
48,4900000658,2,17,.03875,22.94,"COKE DIET CANS",12954,49000
48,4900000658,3,99,.02763889,8.04,"COKE DIET CANS",12853,49000
48,4900000658,4,37,.03875,22.94,"COKE DIET CANS",12914,49000
48,4900000658,5,2,.03875,22.94,"COKE DIET CANS",12827,49000
48,4900000658,6,23,.03875,22.94,"COKE DIET CANS",12605,49000
48,4900000658,7,18,.03875,22.94,"COKE DIET CANS",13378,49000
48,4900000658,8,7,.03875,22.94,"COKE DIET CANS",13197,49000
48,4900000658,9,5,.03875,22.94,"COKE DIET CANS",12525,49000
48,4900000658,10,13,.03875,22.94,"COKE DIET CANS",14397,49000
48,4900000658,11,17,.03875,22.94,"COKE DIET CANS",11965,49000
48,4900000658,12,164,.02486111,20.11,"COKE DIET CANS",12798,49000
48,4900000658,13,15,.03875,22.94,"COKE DIET CANS",12594,49000
48,4900000658,14,19,.03875,22.94,"COKE DIET CANS",14205,49000
48,4900000658,15,6,.03875,22.94,"COKE DIET CANS",12186,49000
48,4900000658,16,25,.03875,22.94,"COKE DIET CANS",12913,49000
48,4900000658,17,183,.03875,22.94,"COKE DIET CANS",12080,49000
48,4900000658,18,25,.03875,22.94,"COKE DIET CANS",11883,49000
48,4900000658,19,7,.03875,22.94,"COKE DIET CANS",11902,49000
48,4900000658,20,23,.03875,22.94,"COKE DIET CANS",12468,49000
48,4900000658,21,30,.03875,22.94,"COKE DIET CANS",12213,49000
48,4900000658,22,151,.02770833,8.04,"COKE DIET CANS",12389,49000
48,4900000658,23,16,.03875,22.94,"COKE DIET CANS",12341,49000
48,4900000658,24,6,.03875,22.94,"COKE DIET CANS",11754,49000
48,4900000658,25,16,.03875,22.94,"COKE DIET CANS",12104,49000
48,4900000658,26,4,.03875,22.94,"COKE DIET CANS",12270,49000
48,4900000658,27,18,.03875,22.94,"COKE DIET CANS",12378,49000
48,4900000658,28,5,.03875,22.94,"COKE DIET CANS",12322,49000
48,4900000658,29,58,.02763889,8.04,"COKE DIET CANS",12030,49000
48,4900000658,30,4,.03875,22.94,"COKE DIET CANS",12667,49000
48,4900000658,31,13,.03875,22.94,"COKE DIET CANS",12847,49000
48,4900000658,32,21,.03875,22.94,"COKE DIET CANS",12087,49000
48,4900000658,33,22,.03875,22.94,"COKE DIET CANS",12448,49000
48,4900000658,34,24,.03875,22.94,"COKE DIET CANS",12352,49000
48,4900000658,35,195,.01732639,73.39,"COKE DIET CANS",12936,49000
48,4900000658,36,24,.03875,22.94,"COKE DIET CANS",12461,49000
48,4900000658,37,11,.03875,22.94,"COKE DIET CANS",12800,49000
48,4900000658,38,12,.03875,22.94,"COKE DIET CANS",11746,49000
48,4900000658,39,13,.03875,22.94,"COKE DIET CANS",13131,49000
48,4900000658,40,21,.03875,22.94,"COKE DIET CANS",13530,49000
48,4900000658,41,206,.02763889,8.04,"COKE DIET CANS",12968,49000
48,4900000658,42,24,.03875,22.94,"COKE DIET CANS",14476,49000
48,4900000658,43,23,.03875,22.94,"COKE DIET CANS",13461,49000
48,4900000658,44,7,.03875,22.94,"COKE DIET CANS",12914,49000
48,4900000658,45,444,.03875,22.94,"COKE DIET CANS",13239,49000
48,4900000658,46,32,.03875,22.94,"COKE DIET CANS",13309,49000
48,4900000658,47,69,.02763889,8.04,"COKE DIET CANS",12858,49000
48,4900000658,48,13,.03875,22.94,"COKE DIET CANS",13145,49000
48,4900000658,49,744,.03875,22.94,"COKE DIET CANS",13004,49000
48,4900000658,50,26,.03875,22.94,"COKE DIET CANS",13460,49000
48,4900000658,51,32,.03875,22.94,"COKE DIET CANS",13783,49000
48,4900000658,52,25,.03875,22.94,"COKE DIET CANS",12760,49000
48,4900000658,53,53,.03041667,1.83,"COKE DIET CANS",12949,49000
48,4900000658,54,12,.03875,22.94,"COKE DIET CANS",13070,49000
48,4900000658,55,25,.03875,22.94,"COKE DIET CANS",13615,49000
48,4900000658,56,26,.03875,22.94,"COKE DIET CANS",12840,49000
48,4900000658,57,10,.03875,22.94,"COKE DIET CANS",13088,49000
48,4900000658,58,429,.01930556,54.68,"COKE DIET CANS",13265,49000
48,4900000658,59,25,.03875,22.94,"COKE DIET CANS",13610,49000
48,4900000658,60,10,.03875,22.94,"COKE DIET CANS",12636,49000
48,4900000658,61,553,.03875,22.94,"COKE DIET CANS",12294,49000
48,4900000658,62,13,.03875,22.94,"COKE DIET CANS",15344,49000
48,4900000658,63,184,.01930556,54.68,"COKE DIET CANS",12066,49000
48,4900000658,64,16,.03875,22.94,"COKE DIET CANS",13807,49000
48,4900000658,65,351,.01930556,54.68,"COKE DIET CANS",13476,49000
48,4900000658,66,29,.03875,22.94,"COKE DIET CANS",13896,49000
48,4900000658,67,8,.03875,22.94,"COKE DIET CANS",12620,49000
48,4900000658,68,11,.03875,22.94,"COKE DIET CANS",12907,49000
48,4900000658,69,140,.02770833,8.04,"COKE DIET CANS",13259,49000
48,5490000060,1,51,.01759625,13.45,"DR PEPPER",12943,54900
48,5490000060,2,16,.02498963,20.12,"DR PEPPER",12954,54900
48,5490000060,3,17,.02498963,20.12,"DR PEPPER",12853,54900
48,5490000060,4,42,.01759625,13.45,"DR PEPPER",12914,54900
48,5490000060,5,18,.02498963,20.12,"DR PEPPER",12827,54900
48,5490000060,6,37,.01759625,13.45,"DR PEPPER",12605,54900
48,5490000060,7,16,.02498963,20.12,"DR PEPPER",13378,54900
48,5490000060,8,12,.02498963,20.12,"DR PEPPER",13197,54900
48,5490000060,9,26,.01611757,21.1,"DR PEPPER",12525,54900
48,5490000060,10,35,.01611757,21.1,"DR PEPPER",14397,54900
48,5490000060,11,106,.01316022,3.37,"DR PEPPER",11965,54900
48,5490000060,12,18,.02498963,49.11,"DR PEPPER",12798,54900
48,5490000060,13,58,.01759625,27.73,"DR PEPPER",12594,54900
48,5490000060,14,16,.02498963,49.11,"DR PEPPER",14205,54900
48,5490000060,15,11,.02498963,49.11,"DR PEPPER",12186,54900
48,5490000060,16,268,.01168154,8.86,"DR PEPPER",12913,54900
48,5490000060,17,33,.02498963,49.11,"DR PEPPER",12080,54900
48,5490000060,18,65,.01759625,13.45,"DR PEPPER",11883,54900
48,5490000060,19,14,.02498963,20.12,"DR PEPPER",11902,54900
48,5490000060,20,62,.01907493,4.65,"DR PEPPER",12468,54900
48,5490000060,21,15,.01907493,4.65,"DR PEPPER",12213,54900
48,5490000060,22,10,.02498963,20.12,"DR PEPPER",12389,54900
48,5490000060,23,45,.01759625,13.45,"DR PEPPER",12341,54900
48,5490000060,24,14,.02498963,20.12,"DR PEPPER",11754,54900
48,5490000060,25,13,.02498963,20.12,"DR PEPPER",12104,54900
48,5490000060,26,14,.02498963,20.12,"DR PEPPER",12270,54900
48,5490000060,27,100,.0146389,36.36,"DR PEPPER",12378,54900
48,5490000060,28,28,.02498963,20.12,"DR PEPPER",12322,54900
48,5490000060,29,17,.02498963,20.12,"DR PEPPER",12030,54900
48,5490000060,30,6,.01759625,13.45,"DR PEPPER",12667,54900
48,5490000060,31,18,.02498963,20.12,"DR PEPPER",12847,54900
48,5490000060,32,13,.02498963,20.12,"DR PEPPER",12087,54900
48,5490000060,33,117,.01316022,51.69,"DR PEPPER",12448,54900
48,5490000060,34,17,.02498963,20.12,"DR PEPPER",12352,54900
48,5490000060,35,7,.02498963,20.12,"DR PEPPER",12936,54900
48,5490000060,36,154,.01907493,4.65,"DR PEPPER",12461,54900
48,5490000060,37,12,.02498963,20.12,"DR PEPPER",12800,54900
48,5490000060,38,17,.02498963,20.12,"DR PEPPER",11746,54900
48,5490000060,39,112,.01316022,51.69,"DR PEPPER",13131,54900
48,5490000060,40,3,.02498963,20.12,"DR PEPPER",13530,54900
48,5490000060,41,13,.02498963,20.12,"DR PEPPER",12968,54900
48,5490000060,42,19,.02498963,20.12,"DR PEPPER",14476,54900
48,5490000060,43,17,.01907493,4.65,"DR PEPPER",13461,54900
48,5490000060,44,14,.02498963,20.12,"DR PEPPER",12914,54900
48,5490000060,45,45,.01611757,23.85,"DR PEPPER",13239,54900
48,5490000060,46,12,.02498963,20.12,"DR PEPPER",13309,54900
48,5490000060,47,80,.0146389,36.36,"DR PEPPER",12858,54900
48,5490000060,48,13,.02498963,20.12,"DR PEPPER",13145,54900
48,5490000060,49,13,.02498963,20.12,"DR PEPPER",13004,54900
48,5490000060,50,10,.02498963,20.12,"DR PEPPER",13460,54900
48,5490000060,51,28,.01907493,4.65,"DR PEPPER",13783,54900
48,5490000060,52,37,.01907493,4.65,"DR PEPPER",12760,54900
48,5490000060,53,10,.02498963,20.12,"DR PEPPER",12949,54900
48,5490000060,54,36,.01907493,4.65,"DR PEPPER",13070,54900
48,5490000060,55,13,.02498963,20.12,"DR PEPPER",13615,54900
48,5490000060,56,24,.01907493,4.65,"DR PEPPER",12840,54900
48,5490000060,57,14,.02498963,20.12,"DR PEPPER",13088,54900
48,5490000060,58,22,.02498963,20.12,"DR PEPPER",13265,54900
48,5490000060,59,75,.0146389,36.36,"DR PEPPER",13610,54900
48,5490000060,60,26,.02498963,20.12,"DR PEPPER",12636,54900
48,5490000060,61,10,.02498963,20.12,"DR PEPPER",12294,54900
48,5490000060,62,16,.02498963,20.12,"DR PEPPER",15344,54900
48,5490000060,63,18,.02498963,20.12,"DR PEPPER",12066,54900
48,5490000060,64,15,.02498963,20.12,"DR PEPPER",13807,54900
48,5490000060,65,11,.02498963,20.12,"DR PEPPER",13476,54900
48,5490000060,66,14,.02498963,20.12,"DR PEPPER",13896,54900
48,5490000060,67,47,.01907493,4.65,"DR PEPPER",12620,54900
48,5490000060,68,479,.01020287,95.65,"DR PEPPER",12907,54900
48,5490000060,69,3,.02498963,20.12,"DR PEPPER",13259,54900
